Archive member included to satisfy reference by file (symbol)

c:/embitz/1.11/share/em_armgcc/bin/../lib/gcc/arm-none-eabi/5.4.1/armv7e-m/fpu\libgcc.a(_arm_addsubdf3.o)
                              obj\debug\libs\nnxt\src\nnxt_misc.o (__aeabi_dsub)
c:/embitz/1.11/share/em_armgcc/bin/../lib/gcc/arm-none-eabi/5.4.1/armv7e-m/fpu\libgcc.a(_arm_muldivdf3.o)
                              obj\debug\libs\nnxt\src\nnxt_misc.o (__aeabi_dmul)
c:/embitz/1.11/share/em_armgcc/bin/../lib/gcc/arm-none-eabi/5.4.1/armv7e-m/fpu\libgcc.a(_arm_fixdfsi.o)
                              obj\debug\libs\nnxt\src\nnxt_misc.o (__aeabi_d2iz)
c:/embitz/1.11/share/em_armgcc/bin/../lib/gcc/arm-none-eabi/5.4.1/../../../../arm-none-eabi/lib/armv7e-m/fpu\libg_n.a(lib_a-exit.o)
                              c:/embitz/1.11/share/em_armgcc/bin/../lib/gcc/arm-none-eabi/5.4.1/../../../../arm-none-eabi/lib/armv7e-m/fpu/crt0.o (exit)
c:/embitz/1.11/share/em_armgcc/bin/../lib/gcc/arm-none-eabi/5.4.1/../../../../arm-none-eabi/lib/armv7e-m/fpu\libg_n.a(lib_a-impure.o)
                              c:/embitz/1.11/share/em_armgcc/bin/../lib/gcc/arm-none-eabi/5.4.1/../../../../arm-none-eabi/lib/armv7e-m/fpu\libg_n.a(lib_a-exit.o) (_global_impure_ptr)
c:/embitz/1.11/share/em_armgcc/bin/../lib/gcc/arm-none-eabi/5.4.1/../../../../arm-none-eabi/lib/armv7e-m/fpu\libg_n.a(lib_a-init.o)
                              c:/embitz/1.11/share/em_armgcc/bin/../lib/gcc/arm-none-eabi/5.4.1/../../../../arm-none-eabi/lib/armv7e-m/fpu/crt0.o (__libc_init_array)
c:/embitz/1.11/share/em_armgcc/bin/../lib/gcc/arm-none-eabi/5.4.1/../../../../arm-none-eabi/lib/armv7e-m/fpu\libg_n.a(lib_a-memcpy-stub.o)
                              obj\debug\libs\freertos\source\queue.o (memcpy)
c:/embitz/1.11/share/em_armgcc/bin/../lib/gcc/arm-none-eabi/5.4.1/../../../../arm-none-eabi/lib/armv7e-m/fpu\libg_n.a(lib_a-memset.o)
                              c:/embitz/1.11/share/em_armgcc/bin/../lib/gcc/arm-none-eabi/5.4.1/../../../../arm-none-eabi/lib/armv7e-m/fpu/crt0.o (memset)
c:/embitz/1.11/share/em_armgcc/bin/../lib/gcc/arm-none-eabi/5.4.1/../../../../arm-none-eabi/lib/armv7e-m/fpu\libg_n.a(lib_a-sprintf.o)
                              obj\debug\libs\nnxt\src\nnxt_misc.o (sprintf)
c:/embitz/1.11/share/em_armgcc/bin/../lib/gcc/arm-none-eabi/5.4.1/../../../../arm-none-eabi/lib/armv7e-m/fpu\libg_n.a(lib_a-nano-svfprintf.o)
                              c:/embitz/1.11/share/em_armgcc/bin/../lib/gcc/arm-none-eabi/5.4.1/../../../../arm-none-eabi/lib/armv7e-m/fpu\libg_n.a(lib_a-sprintf.o) (_svfprintf_r)
c:/embitz/1.11/share/em_armgcc/bin/../lib/gcc/arm-none-eabi/5.4.1/../../../../arm-none-eabi/lib/armv7e-m/fpu\libg_n.a(lib_a-nano-vfprintf_i.o)
                              c:/embitz/1.11/share/em_armgcc/bin/../lib/gcc/arm-none-eabi/5.4.1/../../../../arm-none-eabi/lib/armv7e-m/fpu\libg_n.a(lib_a-nano-svfprintf.o) (_printf_i)
c:/embitz/1.11/share/em_armgcc/bin/../lib/gcc/arm-none-eabi/5.4.1/../../../../arm-none-eabi/lib/armv7e-m/fpu\libg_n.a(lib_a-memchr.o)
                              c:/embitz/1.11/share/em_armgcc/bin/../lib/gcc/arm-none-eabi/5.4.1/../../../../arm-none-eabi/lib/armv7e-m/fpu\libg_n.a(lib_a-nano-svfprintf.o) (memchr)
c:/embitz/1.11/share/em_armgcc/bin/../lib/gcc/arm-none-eabi/5.4.1/../../../../arm-none-eabi/lib/armv7e-m/fpu\libg_n.a(lib_a-memmove.o)
                              c:/embitz/1.11/share/em_armgcc/bin/../lib/gcc/arm-none-eabi/5.4.1/../../../../arm-none-eabi/lib/armv7e-m/fpu\libg_n.a(lib_a-nano-svfprintf.o) (memmove)
c:/embitz/1.11/share/em_armgcc/bin/../lib/gcc/arm-none-eabi/5.4.1/../../../../arm-none-eabi/lib/armv7e-m/fpu\libg_n.a(lib_a-nano-freer.o)
                              c:/embitz/1.11/share/em_armgcc/bin/../lib/gcc/arm-none-eabi/5.4.1/../../../../arm-none-eabi/lib/armv7e-m/fpu\libg_n.a(lib_a-nano-svfprintf.o) (_free_r)
c:/embitz/1.11/share/em_armgcc/bin/../lib/gcc/arm-none-eabi/5.4.1/../../../../arm-none-eabi/lib/armv7e-m/fpu\libg_n.a(lib_a-nano-mallocr.o)
                              c:/embitz/1.11/share/em_armgcc/bin/../lib/gcc/arm-none-eabi/5.4.1/../../../../arm-none-eabi/lib/armv7e-m/fpu\libg_n.a(lib_a-nano-svfprintf.o) (_malloc_r)
c:/embitz/1.11/share/em_armgcc/bin/../lib/gcc/arm-none-eabi/5.4.1/../../../../arm-none-eabi/lib/armv7e-m/fpu\libg_n.a(lib_a-nano-reallocr.o)
                              c:/embitz/1.11/share/em_armgcc/bin/../lib/gcc/arm-none-eabi/5.4.1/../../../../arm-none-eabi/lib/armv7e-m/fpu\libg_n.a(lib_a-nano-svfprintf.o) (_realloc_r)
c:/embitz/1.11/share/em_armgcc/bin/../lib/gcc/arm-none-eabi/5.4.1/../../../../arm-none-eabi/lib/armv7e-m/fpu\libg_n.a(lib_a-sbrkr.o)
                              c:/embitz/1.11/share/em_armgcc/bin/../lib/gcc/arm-none-eabi/5.4.1/../../../../arm-none-eabi/lib/armv7e-m/fpu\libg_n.a(lib_a-nano-mallocr.o) (_sbrk_r)
c:/embitz/1.11/share/em_armgcc/bin/../lib/gcc/arm-none-eabi/5.4.1/../../../../arm-none-eabi/lib/armv7e-m/fpu\libg_n.a(lib_a-mlock.o)
[...]
Memory Configuration

Name             Origin             Length             Attributes
ROM              0x08000000         0x00100000         xr
RAM              0x20000000         0x00020000         xrw
CCRAM            0x10000000         0x00010000         xrw
*default*        0x00000000         0xffffffff

Linker script and memory map

LOAD c:/embitz/1.11/share/em_armgcc/bin/../lib/gcc/arm-none-eabi/5.4.1/armv7e-m/fpu/crti.o
LOAD c:/embitz/1.11/share/em_armgcc/bin/../lib/gcc/arm-none-eabi/5.4.1/armv7e-m/fpu/crtbegin.o
LOAD c:/embitz/1.11/share/em_armgcc/bin/../lib/gcc/arm-none-eabi/5.4.1/../../../../arm-none-eabi/lib/armv7e-m/fpu/crt0.o
                0x00000000                __HEAP_SIZE = 0x0
                0x00000100                __STACK_SIZE = 0x100

.text           0x08000000     0xa7e0
 *(.isr_vector)
 .isr_vector    0x08000000      0x188 obj\debug\libs\stm32 board\src\startup_stm32f4xx.o
                0x08000000                __isr_vector
 *(.text*)
 .text          0x08000188       0x5c c:/embitz/1.11/share/em_armgcc/bin/../lib/gcc/arm-none-eabi/5.4.1/armv7e-m/fpu/crtbegin.o
 .text.st7735_Init
                0x080001e4      0x288 obj\debug\libs\display\src\st7735.o
                0x080001e4                st7735_Init
 .text.st7735_DisplayOn
                0x0800046c       0x40 obj\debug\libs\display\src\st7735.o
                0x0800046c                st7735_DisplayOn
 .text.st7735_DisplayOff
                0x080004ac       0x40 obj\debug\libs\display\src\st7735.o
                0x080004ac                st7735_DisplayOff
 .text.st7735_SetCursor
                0x080004ec       0x80 obj\debug\libs\display\src\st7735.o
                0x080004ec                st7735_SetCursor
 .text.st7735_WritePixel
                0x0800056c       0x70 obj\debug\libs\display\src\st7735.o
                0x0800056c                st7735_WritePixel
 .text.st7735_WriteReg
                0x080005dc       0x2c obj\debug\libs\display\src\st7735.o
                0x080005dc                st7735_WriteReg
 .text.st7735_SetDisplayWindow
                0x08000608       0xfc obj\debug\libs\display\src\st7735.o
                0x08000608                st7735_SetDisplayWindow
 .text.st7735_DrawHLine
                0x08000704       0x68 obj\debug\libs\display\src\st7735.o
                0x08000704                st7735_DrawHLine
 .text.st7735_DrawVLine
                0x0800076c       0x6c obj\debug\libs\display\src\st7735.o
                0x0800076c                st7735_DrawVLine
 .text.st7735_GetLcdPixelWidth
                0x080007d8       0x18 obj\debug\libs\display\src\st7735.o
                0x080007d8                st7735_GetLcdPixelWidth
 .text.st7735_GetLcdPixelHeight
                0x080007f0       0x18 obj\debug\libs\display\src\st7735.o
                0x080007f0                st7735_GetLcdPixelHeight
 .text.st7735_DrawBitmap
                0x08000808       0xd4 obj\debug\libs\display\src\st7735.o
                0x08000808                st7735_DrawBitmap
 .text.st7735_Rotate
                0x080008dc       0xa0 obj\debug\libs\display\src\st7735.o
                0x080008dc                st7735_Rotate
 .text.st7735_Invert
                0x0800097c       0x24 obj\debug\libs\display\src\st7735.o
                0x0800097c                st7735_Invert
 .text.NNXT_LCD_INIT
                0x080009a0       0x5c obj\debug\libs\display\src\stm32_adafruit_lcd.o
                0x080009a0                NNXT_LCD_INIT
 .text.NNXT_LCD_GetXSize
                0x080009fc       0x18 obj\debug\libs\display\src\stm32_adafruit_lcd.o
                0x080009fc                NNXT_LCD_GetXSize
 .text.NNXT_LCD_GetYSize
                0x08000a14       0x18 obj\debug\libs\display\src\stm32_adafruit_lcd.o
                0x08000a14                NNXT_LCD_GetYSize
 .text.NNXT_LCD_SetFrontColor
                0x08000a2c       0x20 obj\debug\libs\display\src\stm32_adafruit_lcd.o
                0x08000a2c                NNXT_LCD_SetFrontColor
 .text.NNXT_LCD_SetFont
                0x08000a4c       0x20 obj\debug\libs\display\src\stm32_adafruit_lcd.o
                0x08000a4c                NNXT_LCD_SetFont
 .text.NNXT_LCD_GetFont
                0x08000a6c       0x18 obj\debug\libs\display\src\stm32_adafruit_lcd.o
                0x08000a6c                NNXT_LCD_GetFont
 .text.NNXT_LCD_Clear
                0x08000a84       0x50 obj\debug\libs\display\src\stm32_adafruit_lcd.o
                0x08000a84                NNXT_LCD_Clear
 .text.NNXT_LCD_DisplayChar
                0x08000ad4       0x54 obj\debug\libs\display\src\stm32_adafruit_lcd.o
                0x08000ad4                NNXT_LCD_DisplayChar
 .text.NNXT_LCD_DisplayStringAt
                0x08000b28      0x114 obj\debug\libs\display\src\stm32_adafruit_lcd.o
                0x08000b28                NNXT_LCD_DisplayStringAt
 .text.NNXT_LCD_DisplayStringAtLine
                0x08000c3c       0x30 obj\debug\libs\display\src\stm32_adafruit_lcd.o
                0x08000c3c                NNXT_LCD_DisplayStringAtLine
 .text.NNXT_LCD_DrawPixel
                0x08000c6c       0x38 obj\debug\libs\display\src\stm32_adafruit_lcd.o
                0x08000c6c                NNXT_LCD_DrawPixel
 .text.NNXT_LCD_DrawHLine
                0x08000ca4       0x74 obj\debug\libs\display\src\stm32_adafruit_lcd.o
                0x08000ca4                NNXT_LCD_DrawHLine
 .text.NNXT_LCD_DrawBitmap
                0x08000d18       0xbc obj\debug\libs\display\src\stm32_adafruit_lcd.o
                0x08000d18                NNXT_LCD_DrawBitmap
 .text.NNXT_LCD_FillRect
                0x08000dd4       0x50 obj\debug\libs\display\src\stm32_adafruit_lcd.o
                0x08000dd4                NNXT_LCD_FillRect
 .text.DrawChar
                0x08000e24      0x1e4 obj\debug\libs\display\src\stm32_adafruit_lcd.o
 .text.SetDisplayWindow
                0x08001008       0x44 obj\debug\libs\display\src\stm32_adafruit_lcd.o
 .text.NNXT_LCD_Rotate
                0x0800104c       0x24 obj\debug\libs\display\src\stm32_adafruit_lcd.o
                0x0800104c                NNXT_LCD_Rotate
 .text.NNXT_LCD_CalcColor
                0x08001070       0x4c obj\debug\libs\display\src\stm32_adafruit_lcd.o
                0x08001070                NNXT_LCD_CalcColor
 .text.OS_BackgroundTask
                0x080010bc       0xb0 obj\debug\libs\freertos\freertos_glue.o
                0x080010bc                OS_BackgroundTask
 .text.pvPortMalloc
                0x0800116c       0x8c obj\debug\libs\freertos\source\heap_1.o
                0x0800116c                pvPortMalloc
 .text.vPortFree
                0x080011f8       0x30 obj\debug\libs\freertos\source\heap_1.o
                0x080011f8                vPortFree
 .text.vListInitialise
                0x08001228       0x40 obj\debug\libs\freertos\source\list.o
                0x08001228                vListInitialise
 .text.vListInitialiseItem
                0x08001268       0x1c obj\debug\libs\freertos\source\list.o
                0x08001268                vListInitialiseItem
 .text.vListInsertEnd
                0x08001284       0x48 obj\debug\libs\freertos\source\list.o
                0x08001284                vListInsertEnd
 .text.vListInsert
                0x080012cc       0x74 obj\debug\libs\freertos\source\list.o
                0x080012cc                vListInsert
 .text.uxListRemove
                0x08001340       0x54 obj\debug\libs\freertos\source\list.o
                0x08001340                uxListRemove
 .text.pxPortInitialiseStack
                0x08001394       0x68 obj\debug\libs\freertos\source\portable\port.o
                0x08001394                pxPortInitialiseStack
 .text.prvTaskExitError
                0x080013fc       0x3c obj\debug\libs\freertos\source\portable\port.o
 *fill*         0x08001438        0x8 
 .text.SVC_Handler
                0x08001440       0x28 obj\debug\libs\freertos\source\portable\port.o
                0x08001440                SVC_Handler
 .text.prvPortStartFirstTask
                0x08001468       0x20 obj\debug\libs\freertos\source\portable\port.o
 .text.xPortStartScheduler
                0x08001488      0x118 obj\debug\libs\freertos\source\portable\port.o
                0x08001488                xPortStartScheduler
 .text.vPortEnterCritical
                0x080015a0       0x5c obj\debug\libs\freertos\source\portable\port.o
                0x080015a0                vPortEnterCritical
 .text.vPortExitCritical
                0x080015fc       0x50 obj\debug\libs\freertos\source\portable\port.o
                0x080015fc                vPortExitCritical
 *fill*         0x0800164c        0x4 
 .text.PendSV_Handler
                0x08001650       0x68 obj\debug\libs\freertos\source\portable\port.o
                0x08001650                PendSV_Handler
 .text.SysTick_Handler
                0x080016b8       0x40 obj\debug\libs\freertos\source\portable\port.o
                0x080016b8                SysTick_Handler
 .text.vPortSetupTimerInterrupt
                0x080016f8       0x38 obj\debug\libs\freertos\source\portable\port.o
                0x080016f8                vPortSetupTimerInterrupt
 .text.vPortEnableVFP
                0x08001730       0x14 obj\debug\libs\freertos\source\portable\port.o
 .text.vPortValidateInterruptPriority
                0x08001744       0x7c obj\debug\libs\freertos\source\portable\port.o
                0x08001744                vPortValidateInterruptPriority
 .text.xQueueGenericReset
                0x080017c0       0xd0 obj\debug\libs\freertos\source\queue.o
                0x080017c0                xQueueGenericReset
 .text.xQueueGenericCreate
                0x08001890       0x74 obj\debug\libs\freertos\source\queue.o
                0x08001890                xQueueGenericCreate
 .text.prvInitialiseNewQueue
                0x08001904       0x48 obj\debug\libs\freertos\source\queue.o
 .text.xQueueGenericSend
                0x0800194c      0x1f4 obj\debug\libs\freertos\source\queue.o
                0x0800194c                xQueueGenericSend
 .text.xQueueGenericSendFromISR
                0x08001b40      0x128 obj\debug\libs\freertos\source\queue.o
                0x08001b40                xQueueGenericSendFromISR
 .text.xQueueGenericReceive
                0x08001c68      0x224 obj\debug\libs\freertos\source\queue.o
                0x08001c68                xQueueGenericReceive
 .text.prvCopyDataToQueue
                0x08001e8c       0xd4 obj\debug\libs\freertos\source\queue.o
 .text.prvCopyDataFromQueue
                0x08001f60       0x4c obj\debug\libs\freertos\source\queue.o
 .text.prvUnlockQueue
                0x08001fac       0xa4 obj\debug\libs\freertos\source\queue.o
 .text.prvIsQueueEmpty
                0x08002050       0x2c obj\debug\libs\freertos\source\queue.o
 .text.prvIsQueueFull
                0x0800207c       0x30 obj\debug\libs\freertos\source\queue.o
 .text.vQueueAddToRegistry
                0x080020ac       0x50 obj\debug\libs\freertos\source\queue.o
                0x080020ac                vQueueAddToRegistry
 .text.vQueueWaitForMessageRestricted
                0x080020fc       0x68 obj\debug\libs\freertos\source\queue.o
                0x080020fc                vQueueWaitForMessageRestricted
 .text.xTaskCreate
                0x08002164       0x84 obj\debug\libs\freertos\source\tasks.o
                0x08002164                xTaskCreate
 .text.prvInitialiseNewTask
                0x080021e8      0x114 obj\debug\libs\freertos\source\tasks.o
 .text.prvAddNewTaskToReadyList
                0x080022fc       0xdc obj\debug\libs\freertos\source\tasks.o
 .text.vTaskDelay
                0x080023d8       0x68 obj\debug\libs\freertos\source\tasks.o
                0x080023d8                vTaskDelay
 .text.vTaskSuspend
                0x08002440      0x110 obj\debug\libs\freertos\source\tasks.o
                0x08002440                vTaskSuspend
 .text.prvTaskIsTaskSuspended
                0x08002550       0x74 obj\debug\libs\freertos\source\tasks.o
 .text.vTaskResume
                0x080025c4       0xb8 obj\debug\libs\freertos\source\tasks.o
                0x080025c4                vTaskResume
 .text.vTaskStartScheduler
                0x0800267c       0x98 obj\debug\libs\freertos\source\tasks.o
                0x0800267c                vTaskStartScheduler
 .text.vTaskSuspendAll
                0x08002714       0x1c obj\debug\libs\freertos\source\tasks.o
                0x08002714                vTaskSuspendAll
 .text.xTaskResumeAll
                0x08002730      0x138 obj\debug\libs\freertos\source\tasks.o
                0x08002730                xTaskResumeAll
 .text.xTaskGetTickCount
                0x08002868       0x20 obj\debug\libs\freertos\source\tasks.o
                0x08002868                xTaskGetTickCount
 .text.xTaskIncrementTick
                0x08002888      0x178 obj\debug\libs\freertos\source\tasks.o
                0x08002888                xTaskIncrementTick
 .text.vTaskSwitchContext
                0x08002a00       0xb4 obj\debug\libs\freertos\source\tasks.o
                0x08002a00                vTaskSwitchContext
 .text.vTaskPlaceOnEventList
                0x08002ab4       0x48 obj\debug\libs\freertos\source\tasks.o
                0x08002ab4                vTaskPlaceOnEventList
 .text.vTaskPlaceOnEventListRestricted
                0x08002afc       0x54 obj\debug\libs\freertos\source\tasks.o
                0x08002afc                vTaskPlaceOnEventListRestricted
 .text.xTaskRemoveFromEventList
                0x08002b50       0xc4 obj\debug\libs\freertos\source\tasks.o
                0x08002b50                xTaskRemoveFromEventList
 .text.vTaskSetTimeOutState
                0x08002c14       0x48 obj\debug\libs\freertos\source\tasks.o
                0x08002c14                vTaskSetTimeOutState
 .text.xTaskCheckForTimeOut
                0x08002c5c       0xbc obj\debug\libs\freertos\source\tasks.o
                0x08002c5c                xTaskCheckForTimeOut
 .text.vTaskMissedYield
                0x08002d18       0x18 obj\debug\libs\freertos\source\tasks.o
                0x08002d18                vTaskMissedYield
 .text.prvIdleTask
                0x08002d30       0x30 obj\debug\libs\freertos\source\tasks.o
 .text.prvInitialiseTaskLists
                0x08002d60       0x80 obj\debug\libs\freertos\source\tasks.o
 .text.prvCheckTasksWaitingTermination
                0x08002de0       0x78 obj\debug\libs\freertos\source\tasks.o
 .text.prvDeleteTCB
                0x08002e58       0x20 obj\debug\libs\freertos\source\tasks.o
 .text.prvResetNextTaskUnblockTime
                0x08002e78       0x4c obj\debug\libs\freertos\source\tasks.o
 .text.xTaskGetSchedulerState
                0x08002ec4       0x3c obj\debug\libs\freertos\source\tasks.o
                0x08002ec4                xTaskGetSchedulerState
 .text.vTaskPriorityInherit
                0x08002f00       0xec obj\debug\libs\freertos\source\tasks.o
                0x08002f00                vTaskPriorityInherit
 .text.xTaskPriorityDisinherit
                0x08002fec      0x108 obj\debug\libs\freertos\source\tasks.o
                0x08002fec                xTaskPriorityDisinherit
 .text.pvTaskIncrementMutexHeldCount
                0x080030f4       0x28 obj\debug\libs\freertos\source\tasks.o
                0x080030f4                pvTaskIncrementMutexHeldCount
 .text.xTaskNotifyWait
                0x0800311c       0xb4 obj\debug\libs\freertos\source\tasks.o
                0x0800311c                xTaskNotifyWait
 .text.xTaskGenericNotifyFromISR
                0x080031d0      0x18c obj\debug\libs\freertos\source\tasks.o
                0x080031d0                xTaskGenericNotifyFromISR
 .text.prvAddCurrentTaskToDelayedList
                0x0800335c       0xcc obj\debug\libs\freertos\source\tasks.o
 .text.xTimerCreateTimerTask
                0x08003428       0x64 obj\debug\libs\freertos\source\timers.o
                0x08003428                xTimerCreateTimerTask
 .text.xTimerGenericCommand
                0x0800348c       0x98 obj\debug\libs\freertos\source\timers.o
                0x0800348c                xTimerGenericCommand
 .text.prvProcessExpiredTimer
                0x08003524       0x80 obj\debug\libs\freertos\source\timers.o
 .text.prvTimerTask
                0x080035a4       0x24 obj\debug\libs\freertos\source\timers.o
 .text.prvProcessTimerOrBlockTask
                0x080035c8       0x9c obj\debug\libs\freertos\source\timers.o
 .text.prvGetNextExpireTime
                0x08003664       0x48 obj\debug\libs\freertos\source\timers.o
 .text.prvSampleTimeNow
                0x080036ac       0x40 obj\debug\libs\freertos\source\timers.o
 .text.prvInsertTimerInActiveList
                0x080036ec       0x84 obj\debug\libs\freertos\source\timers.o
 .text.prvProcessReceivedCommands
                0x08003770      0x124 obj\debug\libs\freertos\source\timers.o
 .text.prvSwitchTimerLists
                0x08003894       0xc0 obj\debug\libs\freertos\source\timers.o
 .text.prvCheckForValidListAndQueue
                0x08003954       0x6c obj\debug\libs\freertos\source\timers.o
 .text.EM_I2C1_Init
                0x080039c0       0xa4 obj\debug\libs\hal\src\em_i2c.o
                0x080039c0                EM_I2C1_Init
 .text.EM_I2C2_Init
                0x08003a64       0xa4 obj\debug\libs\hal\src\em_i2c.o
                0x08003a64                EM_I2C2_Init
 .text.NVIC_SystemReset
                0x08003b08       0x28 obj\debug\libs\hal\src\em_interrupts.o
 .text.NMI_Handler
                0x08003b30       0x10 obj\debug\libs\hal\src\em_interrupts.o
                0x08003b30                NMI_Handler
 .text.HardFault_Handler
                0x08003b40        0x8 obj\debug\libs\hal\src\em_interrupts.o
                0x08003b40                HardFault_Handler
 .text.MemManage_Handler
                0x08003b48        0x8 obj\debug\libs\hal\src\em_interrupts.o
                0x08003b48                MemManage_Handler
 .text.BusFault_Handler
                0x08003b50        0x8 obj\debug\libs\hal\src\em_interrupts.o
                0x08003b50                BusFault_Handler
 .text.UsageFault_Handler
                0x08003b58        0x8 obj\debug\libs\hal\src\em_interrupts.o
                0x08003b58                UsageFault_Handler
 .text.DebugMon_Handler
                0x08003b60       0x10 obj\debug\libs\hal\src\em_interrupts.o
                0x08003b60                DebugMon_Handler
 .text.EXTI0_IRQHandler
                0x08003b70       0x44 obj\debug\libs\hal\src\em_interrupts.o
                0x08003b70                EXTI0_IRQHandler
 .text.EXTI1_IRQHandler
                0x08003bb4       0x10 obj\debug\libs\hal\src\em_interrupts.o
                0x08003bb4                EXTI1_IRQHandler
 .text.EXTI2_IRQHandler
                0x08003bc4       0x58 obj\debug\libs\hal\src\em_interrupts.o
                0x08003bc4                EXTI2_IRQHandler
 .text.EXTI15_10_IRQHandler
                0x08003c1c      0x10c obj\debug\libs\hal\src\em_interrupts.o
                0x08003c1c                EXTI15_10_IRQHandler
 .text.EXTI9_5_IRQHandler
                0x08003d28       0xac obj\debug\libs\hal\src\em_interrupts.o
                0x08003d28                EXTI9_5_IRQHandler
 .text.WriteCommand
                0x08003dd4       0x34 obj\debug\libs\nnxt\src\nnxt_display_glue.o
 .text.WriteData8
                0x08003e08       0x34 obj\debug\libs\nnxt\src\nnxt_display_glue.o
 .text.WriteData16
                0x08003e3c       0x34 obj\debug\libs\nnxt\src\nnxt_display_glue.o
 .text.LCD_IO_Init
                0x08003e70      0x158 obj\debug\libs\nnxt\src\nnxt_display_glue.o
                0x08003e70                LCD_IO_Init
 .text.LCD_IO_WriteMultipleData8
                0x08003fc8       0x1c obj\debug\libs\nnxt\src\nnxt_display_glue.o
                0x08003fc8                LCD_IO_WriteMultipleData8
 .text.LCD_IO_WriteMultipleData16
                0x08003fe4       0x1c obj\debug\libs\nnxt\src\nnxt_display_glue.o
                0x08003fe4                LCD_IO_WriteMultipleData16
 .text.LCD_IO_WriteReg
                0x08004000       0x1c obj\debug\libs\nnxt\src\nnxt_display_glue.o
                0x08004000                LCD_IO_WriteReg
 .text.LCD_Delay
                0x0800401c       0x64 obj\debug\libs\nnxt\src\nnxt_display_glue.o
                0x0800401c                LCD_Delay
 .text.InitFloatAvg
                0x08004080       0x3c obj\debug\libs\nnxt\src\nnxt_filter.o
                0x08004080                InitFloatAvg
 .text.nnxt_I2C_Init
                0x080040bc       0x10 obj\debug\libs\nnxt\src\nnxt_i2c.o
                0x080040bc                nnxt_I2C_Init
 .text.NVIC_SystemReset
                0x080040cc       0x28 obj\debug\libs\nnxt\src\nnxt_misc.o
 .text.SystemSoftwareReset
                0x080040f4        0xc obj\debug\libs\nnxt\src\nnxt_misc.o
                0x080040f4                SystemSoftwareReset
 .text.DisplayResetButton
                0x08004100      0x16c obj\debug\libs\nnxt\src\nnxt_misc.o
                0x08004100                DisplayResetButton
 .text.SoftwareStop
                0x0800426c       0x94 obj\debug\libs\nnxt\src\nnxt_misc.o
                0x0800426c                SoftwareStop
 .text.NVIC_DisableIRQ
                0x08004300       0x34 obj\debug\libs\nnxt\src\nnxt_motors.o
 .text.MotorPortInit
                0x08004334      0x420 obj\debug\libs\nnxt\src\nnxt_motors.o
                0x08004334                MotorPortInit
 .text.Motor_Stop
                0x08004754      0x128 obj\debug\libs\nnxt\src\nnxt_motors.o
                0x08004754                Motor_Stop
 .text.OnBoardPeriph_LED_Init
                0x0800487c       0x98 obj\debug\libs\nnxt\src\nnxt_onboardperiph.o
                0x0800487c                OnBoardPeriph_LED_Init
 .text.OnBoardPeriph_Button_Init
                0x08004914       0xf0 obj\debug\libs\nnxt\src\nnxt_onboardperiph.o
                0x08004914                OnBoardPeriph_Button_Init
 .text.OnBoardPeriph_Button_GetState
                0x08004a04       0x50 obj\debug\libs\nnxt\src\nnxt_onboardperiph.o
                0x08004a04                OnBoardPeriph_Button_GetState
 .text.OnBoardPeriph_Button_ConnectFunction
                0x08004a54       0x58 obj\debug\libs\nnxt\src\nnxt_onboardperiph.o
                0x08004a54                OnBoardPeriph_Button_ConnectFunction
 .text.OnBoardPeriph_I2CMux_Init
                0x08004aac       0x3c obj\debug\libs\nnxt\src\nnxt_onboardperiph.o
                0x08004aac                OnBoardPeriph_I2CMux_Init
 .text.OnBoardPeriph_I2CMux_Reset
                0x08004ae8       0xd0 obj\debug\libs\nnxt\src\nnxt_onboardperiph.o
                0x08004ae8                OnBoardPeriph_I2CMux_Reset
 .text.OnBoardPeriph_Beep_Init
                0x08004bb8       0xd0 obj\debug\libs\nnxt\src\nnxt_onboardperiph.o
                0x08004bb8                OnBoardPeriph_Beep_Init
 .text.OnBoardPeriph_BeepCMD
                0x08004c88       0x20 obj\debug\libs\nnxt\src\nnxt_onboardperiph.o
                0x08004c88                OnBoardPeriph_BeepCMD
 .text.MakePreOSSysTick
                0x08004ca8       0x1c obj\debug\libs\nnxt\src\nnxt_os_glue.o
                0x08004ca8                MakePreOSSysTick
 .text.SDCard_Init
                0x08004cc4       0x84 obj\debug\libs\nnxt\src\nnxt_sdcard_glue.o
                0x08004cc4                SDCard_Init
 .text.TIM2_IRQHandler
                0x08004d48       0x78 obj\debug\libs\nnxt\src\nnxt_sdcard_glue.o
                0x08004d48                TIM2_IRQHandler
 .text.SensorPortInit
                0x08004dc0      0x23c obj\debug\libs\nnxt\src\nnxt_sensors.o
                0x08004dc0                SensorPortInit
 .text.SensorADCs_Init
                0x08004ffc       0xfc obj\debug\libs\nnxt\src\nnxt_sensors.o
                0x08004ffc                SensorADCs_Init
 .text.NVIC_SetPriority
                0x080050f8       0x54 obj\debug\libs\nnxt\src\nnxt_startup.o
 .text.SysTick_Config
                0x0800514c       0x44 obj\debug\libs\nnxt\src\nnxt_startup.o
 .text.donothing
                0x08005190       0x10 obj\debug\libs\nnxt\src\nnxt_startup.o
                0x08005190                donothing
 .text.Startup_NNXT
                0x080051a0      0x364 obj\debug\libs\nnxt\src\nnxt_startup.o
                0x080051a0                Startup_NNXT
 .text.DisplayStartButton
                0x08005504      0x160 obj\debug\libs\nnxt\src\nnxt_startup.o
                0x08005504                DisplayStartButton
 .text.SPI_Flush
                0x08005664       0x30 obj\debug\libs\spi\src\spidevice.o
 .text.SPI1_ClearOVR
                0x08005694       0x14 obj\debug\libs\spi\src\spidevice.o
 .text.SPI_Startup_Init
                0x080056a8       0xbc obj\debug\libs\spi\src\spidevice.o
                0x080056a8                SPI_Startup_Init
 .text.ChangeSettings
                0x08005764       0x74 obj\debug\libs\spi\src\spidevice.o
                0x08005764                ChangeSettings
 .text.SPI_Write8
                0x080057d8       0xb8 obj\debug\libs\spi\src\spidevice.o
                0x080057d8                SPI_Write8
 .text.SPI_Write16
                0x08005890       0xb8 obj\debug\libs\spi\src\spidevice.o
                0x08005890                SPI_Write16
 .text.SPI_ReadWrite8
                0x08005948       0xf8 obj\debug\libs\spi\src\spidevice.o
                0x08005948                SPI_ReadWrite8
 .text.SetChipSelect
                0x08005a40       0x60 obj\debug\libs\spi\src\spidevice.o
                0x08005a40                SetChipSelect
 .text.ResetChipSelect
                0x08005aa0       0x60 obj\debug\libs\spi\src\spidevice.o
                0x08005aa0                ResetChipSelect
 .text.NVIC_PriorityGroupConfig
                0x08005b00       0x28 obj\debug\libs\stm32 board\spl\src\misc.o
                0x08005b00                NVIC_PriorityGroupConfig
 .text.NVIC_Init
                0x08005b28       0xc4 obj\debug\libs\stm32 board\spl\src\misc.o
                0x08005b28                NVIC_Init
 .text.ADC_Init
                0x08005bec       0xac obj\debug\libs\stm32 board\spl\src\stm32f4xx_adc.o
                0x08005bec                ADC_Init
 .text.ADC_CommonInit
                0x08005c98       0x50 obj\debug\libs\stm32 board\spl\src\stm32f4xx_adc.o
                0x08005c98                ADC_CommonInit
 .text.ADC_Cmd  0x08005ce8       0x38 obj\debug\libs\stm32 board\spl\src\stm32f4xx_adc.o
                0x08005ce8                ADC_Cmd
 .text.ADC_RegularChannelConfig
                0x08005d20      0x194 obj\debug\libs\stm32 board\spl\src\stm32f4xx_adc.o
                0x08005d20                ADC_RegularChannelConfig
 .text.ADC_SoftwareStartConv
                0x08005eb4       0x20 obj\debug\libs\stm32 board\spl\src\stm32f4xx_adc.o
                0x08005eb4                ADC_SoftwareStartConv
 .text.ADC_DMACmd
                0x08005ed4       0x38 obj\debug\libs\stm32 board\spl\src\stm32f4xx_adc.o
                0x08005ed4                ADC_DMACmd
 .text.ADC_DMARequestAfterLastTransferCmd
                0x08005f0c       0x38 obj\debug\libs\stm32 board\spl\src\stm32f4xx_adc.o
                0x08005f0c                ADC_DMARequestAfterLastTransferCmd
 .text.DMA_Init
                0x08005f44       0xb0 obj\debug\libs\stm32 board\spl\src\stm32f4xx_dma.o
                0x08005f44                DMA_Init
 .text.DMA_Cmd  0x08005ff4       0x38 obj\debug\libs\stm32 board\spl\src\stm32f4xx_dma.o
                0x08005ff4                DMA_Cmd
 .text.EXTI_Init
                0x0800602c       0xe4 obj\debug\libs\stm32 board\spl\src\stm32f4xx_exti.o
                0x0800602c                EXTI_Init
 .text.EXTI_GetITStatus
                0x08006110       0x48 obj\debug\libs\stm32 board\spl\src\stm32f4xx_exti.o
                0x08006110                EXTI_GetITStatus
 .text.EXTI_ClearITPendingBit
                0x08006158       0x20 obj\debug\libs\stm32 board\spl\src\stm32f4xx_exti.o
                0x08006158                EXTI_ClearITPendingBit
 .text.GPIO_DeInit
                0x08006178      0x120 obj\debug\libs\stm32 board\spl\src\stm32f4xx_gpio.o
                0x08006178                GPIO_DeInit
 .text.GPIO_Init
                0x08006298      0x11c obj\debug\libs\stm32 board\spl\src\stm32f4xx_gpio.o
                0x08006298                GPIO_Init
 .text.GPIO_ReadInputDataBit
                0x080063b4       0x34 obj\debug\libs\stm32 board\spl\src\stm32f4xx_gpio.o
                0x080063b4                GPIO_ReadInputDataBit
 .text.GPIO_ReadOutputDataBit
                0x080063e8       0x34 obj\debug\libs\stm32 board\spl\src\stm32f4xx_gpio.o
                0x080063e8                GPIO_ReadOutputDataBit
 .text.GPIO_SetBits
                0x0800641c       0x20 obj\debug\libs\stm32 board\spl\src\stm32f4xx_gpio.o
                0x0800641c                GPIO_SetBits
 .text.GPIO_ResetBits
                0x0800643c       0x20 obj\debug\libs\stm32 board\spl\src\stm32f4xx_gpio.o
                0x0800643c                GPIO_ResetBits
 .text.GPIO_PinAFConfig
                0x0800645c       0x94 obj\debug\libs\stm32 board\spl\src\stm32f4xx_gpio.o
                0x0800645c                GPIO_PinAFConfig
 .text.I2C_DeInit
                0x080064f0       0x74 obj\debug\libs\stm32 board\spl\src\stm32f4xx_i2c.o
                0x080064f0                I2C_DeInit
 .text.I2C_Init
                0x08006564      0x184 obj\debug\libs\stm32 board\spl\src\stm32f4xx_i2c.o
                0x08006564                I2C_Init
 .text.I2C_Cmd  0x080066e8       0x40 obj\debug\libs\stm32 board\spl\src\stm32f4xx_i2c.o
                0x080066e8                I2C_Cmd
 .text.RCC_GetClocksFreq
                0x08006728      0x154 obj\debug\libs\stm32 board\spl\src\stm32f4xx_rcc.o
                0x08006728                RCC_GetClocksFreq
 .text.RCC_AHB1PeriphClockCmd
                0x0800687c       0x40 obj\debug\libs\stm32 board\spl\src\stm32f4xx_rcc.o
                0x0800687c                RCC_AHB1PeriphClockCmd
 .text.RCC_AHB2PeriphClockCmd
                0x080068bc       0x40 obj\debug\libs\stm32 board\spl\src\stm32f4xx_rcc.o
                0x080068bc                RCC_AHB2PeriphClockCmd
 .text.RCC_APB1PeriphClockCmd
                0x080068fc       0x40 obj\debug\libs\stm32 board\spl\src\stm32f4xx_rcc.o
                0x080068fc                RCC_APB1PeriphClockCmd
 .text.RCC_APB2PeriphClockCmd
                0x0800693c       0x40 obj\debug\libs\stm32 board\spl\src\stm32f4xx_rcc.o
                0x0800693c                RCC_APB2PeriphClockCmd
 .text.RCC_AHB1PeriphResetCmd
                0x0800697c       0x40 obj\debug\libs\stm32 board\spl\src\stm32f4xx_rcc.o
                0x0800697c                RCC_AHB1PeriphResetCmd
 .text.RCC_APB1PeriphResetCmd
                0x080069bc       0x40 obj\debug\libs\stm32 board\spl\src\stm32f4xx_rcc.o
                0x080069bc                RCC_APB1PeriphResetCmd
 .text.RCC_APB2PeriphResetCmd
                0x080069fc       0x40 obj\debug\libs\stm32 board\spl\src\stm32f4xx_rcc.o
                0x080069fc                RCC_APB2PeriphResetCmd
 .text.SPI_I2S_DeInit
                0x08006a3c       0x74 obj\debug\libs\stm32 board\spl\src\stm32f4xx_spi.o
                0x08006a3c                SPI_I2S_DeInit
 .text.SPI_Init
                0x08006ab0       0x88 obj\debug\libs\stm32 board\spl\src\stm32f4xx_spi.o
                0x08006ab0                SPI_Init
 .text.SPI_Cmd  0x08006b38       0x40 obj\debug\libs\stm32 board\spl\src\stm32f4xx_spi.o
                0x08006b38                SPI_Cmd
 .text.SPI_DataSizeConfig
                0x08006b78       0x38 obj\debug\libs\stm32 board\spl\src\stm32f4xx_spi.o
                0x08006b78                SPI_DataSizeConfig
 .text.SPI_I2S_ReceiveData
                0x08006bb0       0x1c obj\debug\libs\stm32 board\spl\src\stm32f4xx_spi.o
                0x08006bb0                SPI_I2S_ReceiveData
 .text.SPI_I2S_SendData
                0x08006bcc       0x20 obj\debug\libs\stm32 board\spl\src\stm32f4xx_spi.o
                0x08006bcc                SPI_I2S_SendData
 .text.SPI_I2S_GetFlagStatus
                0x08006bec       0x38 obj\debug\libs\stm32 board\spl\src\stm32f4xx_spi.o
                0x08006bec                SPI_I2S_GetFlagStatus
 .text.SPI_I2S_ClearFlag
                0x08006c24       0x24 obj\debug\libs\stm32 board\spl\src\stm32f4xx_spi.o
                0x08006c24                SPI_I2S_ClearFlag
 .text.SYSCFG_EXTILineConfig
                0x08006c48       0x84 obj\debug\libs\stm32 board\spl\src\stm32f4xx_syscfg.o
                0x08006c48                SYSCFG_EXTILineConfig
 .text.TIM_TimeBaseInit
                0x08006ccc       0xd8 obj\debug\libs\stm32 board\spl\src\stm32f4xx_tim.o
                0x08006ccc                TIM_TimeBaseInit
 .text.TIM_GetCounter
                0x08006da4       0x18 obj\debug\libs\stm32 board\spl\src\stm32f4xx_tim.o
                0x08006da4                TIM_GetCounter
 .text.TIM_Cmd  0x08006dbc       0x40 obj\debug\libs\stm32 board\spl\src\stm32f4xx_tim.o
                0x08006dbc                TIM_Cmd
 .text.TIM_OC1Init
                0x08006dfc       0xf4 obj\debug\libs\stm32 board\spl\src\stm32f4xx_tim.o
                0x08006dfc                TIM_OC1Init
 .text.TIM_OC3Init
                0x08006ef0      0x10c obj\debug\libs\stm32 board\spl\src\stm32f4xx_tim.o
                0x08006ef0                TIM_OC3Init
 .text.TIM_SetCompare1
                0x08006ffc       0x1c obj\debug\libs\stm32 board\spl\src\stm32f4xx_tim.o
                0x08006ffc                TIM_SetCompare1
 .text.TIM_OC1PreloadConfig
                0x08007018       0x38 obj\debug\libs\stm32 board\spl\src\stm32f4xx_tim.o
                0x08007018                TIM_OC1PreloadConfig
 .text.TIM_OC3PreloadConfig
                0x08007050       0x38 obj\debug\libs\stm32 board\spl\src\stm32f4xx_tim.o
                0x08007050                TIM_OC3PreloadConfig
 .text.TIM_CtrlPWMOutputs
                0x08007088       0x4c obj\debug\libs\stm32 board\spl\src\stm32f4xx_tim.o
                0x08007088                TIM_CtrlPWMOutputs
 .text.TIM_GetFlagStatus
                0x080070d4       0x38 obj\debug\libs\stm32 board\spl\src\stm32f4xx_tim.o
                0x080070d4                TIM_GetFlagStatus
 .text.TIM_ClearFlag
                0x0800710c       0x24 obj\debug\libs\stm32 board\spl\src\stm32f4xx_tim.o
                0x0800710c                TIM_ClearFlag
 .text.TIM_GetITStatus
                0x08007130       0x54 obj\debug\libs\stm32 board\spl\src\stm32f4xx_tim.o
                0x08007130                TIM_GetITStatus
 .text.TIM_ClearITPendingBit
                0x08007184       0x24 obj\debug\libs\stm32 board\spl\src\stm32f4xx_tim.o
                0x08007184                TIM_ClearITPendingBit
 .text          0x080071a8      0x104 obj\debug\libs\stm32 board\src\startup_stm32f4xx.o
                0x080071a8                Reset_Handler
                0x080071ec                Default_Handler
                0x080071ee                WWDG_IRQHandler
                0x080071f0                PVD_IRQHandler
                0x080071f2                TAMP_STAMP_IRQHandler
                0x080071f4                RTC_WKUP_IRQHandler
                0x080071f6                FLASH_IRQHandler
                0x080071f8                RCC_IRQHandler
                0x08007200                EXTI3_IRQHandler
                0x08007202                EXTI4_IRQHandler
                0x08007204                DMA1_Stream0_IRQHandler
                0x08007206                DMA1_Stream1_IRQHandler
                0x08007208                DMA1_Stream2_IRQHandler
                0x0800720a                DMA1_Stream3_IRQHandler
                0x0800720c                DMA1_Stream4_IRQHandler
                0x0800720e                DMA1_Stream5_IRQHandler
                0x08007210                DMA1_Stream6_IRQHandler
                0x08007212                ADC_IRQHandler
                0x08007214                CAN1_TX_IRQHandler
                0x08007216                CAN1_RX0_IRQHandler
                0x08007218                CAN1_RX1_IRQHandler
                0x0800721a                CAN1_SCE_IRQHandler
                0x0800721e                TIM1_BRK_TIM9_IRQHandler
                0x08007220                TIM1_UP_TIM10_IRQHandler
                0x08007222                TIM1_TRG_COM_TIM11_IRQHandler
                0x08007224                TIM1_CC_IRQHandler
                0x08007228                TIM3_IRQHandler
                0x0800722a                TIM4_IRQHandler
                0x0800722c                I2C1_EV_IRQHandler
                0x0800722e                I2C1_ER_IRQHandler
                0x08007230                I2C2_EV_IRQHandler
                0x08007232                I2C2_ER_IRQHandler
                0x08007234                SPI1_IRQHandler
                0x08007236                SPI2_IRQHandler
                0x08007238                USART1_IRQHandler
                0x0800723a                USART2_IRQHandler
                0x0800723c                USART3_IRQHandler
                0x08007240                RTC_Alarm_IRQHandler
                0x08007242                OTG_FS_WKUP_IRQHandler
                0x08007244                TIM8_BRK_TIM12_IRQHandler
                0x08007246                TIM8_UP_TIM13_IRQHandler
                0x08007248                TIM8_TRG_COM_TIM14_IRQHandler
                0x0800724a                TIM8_CC_IRQHandler
                0x0800724c                DMA1_Stream7_IRQHandler
                0x0800724e                FSMC_IRQHandler
                0x08007250                SDIO_IRQHandler
                0x08007252                TIM5_IRQHandler
                0x08007254                SPI3_IRQHandler
                0x08007256                UART4_IRQHandler
                0x08007258                UART5_IRQHandler
                0x0800725a                TIM6_DAC_IRQHandler
                0x0800725c                TIM7_IRQHandler
                0x0800725e                DMA2_Stream0_IRQHandler
                0x08007260                DMA2_Stream1_IRQHandler
                0x08007262                DMA2_Stream2_IRQHandler
                0x08007264                DMA2_Stream3_IRQHandler
                0x08007266                DMA2_Stream4_IRQHandler
                0x08007268                ETH_IRQHandler
                0x0800726a                ETH_WKUP_IRQHandler
                0x0800726c                CAN2_TX_IRQHandler
                0x0800726e                CAN2_RX0_IRQHandler
                0x08007270                CAN2_RX1_IRQHandler
                0x08007272                CAN2_SCE_IRQHandler
                0x08007274                OTG_FS_IRQHandler
                0x08007276                DMA2_Stream5_IRQHandler
                0x08007278                DMA2_Stream6_IRQHandler
                0x0800727a                DMA2_Stream7_IRQHandler
                0x0800727c                USART6_IRQHandler
                0x0800727e                I2C3_EV_IRQHandler
                0x08007280                I2C3_ER_IRQHandler
                0x08007282                OTG_HS_EP1_OUT_IRQHandler
                0x08007284                OTG_HS_EP1_IN_IRQHandler
                0x08007286                OTG_HS_WKUP_IRQHandler
                0x08007288                OTG_HS_IRQHandler
                0x0800728a                DCMI_IRQHandler
                0x0800728c                CRYP_IRQHandler
                0x0800728e                HASH_RNG_IRQHandler
                0x08007290                FPU_IRQHandler
 .text.SystemInit
                0x080072ac       0x5c obj\debug\libs\stm32 board\src\system_stm32f4xx.o
                0x080072ac                SystemInit
 .text.SetSysClock
                0x08007308      0x128 obj\debug\libs\stm32 board\src\system_stm32f4xx.o
 .text.FindandPlaceFreeSlot
                0x08007430       0x58 obj\debug\main.o
 .text.GetTaskHandle
                0x08007488       0x64 obj\debug\main.o
 .text.Task1    0x080074ec       0xb4 obj\debug\main.o
                0x080074ec                Task1
 .text.Task2    0x080075a0       0x68 obj\debug\main.o
                0x080075a0                Task2
 .text.timerTask
                0x08007608       0xf8 obj\debug\main.o
                0x08007608                timerTask
 .text.eventTask
                0x08007700       0xd8 obj\debug\main.o
                0x08007700                eventTask
 .text.main     0x080077d8      0x1a8 obj\debug\main.o
                0x080077d8                main
 .text.setTimer
                0x08007980       0xb4 obj\debug\main.o
                0x08007980                setTimer
 .text.startTimer
                0x08007a34       0x94 obj\debug\main.o
                0x08007a34                startTimer
 .text.cancelTimer
                0x08007ac8       0x5c obj\debug\main.o
                0x08007ac8                cancelTimer
 .text.setEvent
                0x08007b24       0x38 obj\debug\main.o
                0x08007b24                setEvent
 .text.eventIsSet
                0x08007b5c       0x28 obj\debug\main.o
                0x08007b5c                eventIsSet
 .text.setBit   0x08007b84       0x44 obj\debug\main.o
                0x08007b84                setBit
 .text.getBit   0x08007bc8       0x2c obj\debug\main.o
                0x08007bc8                getBit
 .text.memcpy   0x08007bf4       0x16 c:/embitz/1.11/share/em_armgcc/bin/../lib/gcc/arm-none-eabi/5.4.1/../../../../arm-none-eabi/lib/armv7e-m/fpu\libg_n.a(lib_a-memcpy-stub.o)
                0x08007bf4                memcpy
 .text.memset   0x08007c0a       0x10 c:/embitz/1.11/share/em_armgcc/bin/../lib/gcc/arm-none-eabi/5.4.1/../../../../arm-none-eabi/lib/armv7e-m/fpu\libg_n.a(lib_a-memset.o)
                0x08007c0a                memset
 *fill*         0x08007c1a        0x2 
 .text.sprintf  0x08007c1c       0x48 c:/embitz/1.11/share/em_armgcc/bin/../lib/gcc/arm-none-eabi/5.4.1/../../../../arm-none-eabi/lib/armv7e-m/fpu\libg_n.a(lib_a-sprintf.o)
                0x08007c1c                siprintf
                0x08007c1c                sprintf
 .text.__ssputs_r
                0x08007c64       0xb2 c:/embitz/1.11/share/em_armgcc/bin/../lib/gcc/arm-none-eabi/5.4.1/../../../../arm-none-eabi/lib/armv7e-m/fpu\libg_n.a(lib_a-nano-svfprintf.o)
                0x08007c64                __ssputs_r
 *fill*         0x08007d16        0x2 
 .text._svfprintf_r
                0x08007d18      0x1e8 c:/embitz/1.11/share/em_armgcc/bin/../lib/gcc/arm-none-eabi/5.4.1/../../../../arm-none-eabi/lib/armv7e-m/fpu\libg_n.a(lib_a-nano-svfprintf.o)
                0x08007d18                _svfiprintf_r
                0x08007d18                _svfprintf_r
 .text._printf_common
                0x08007f00       0xec c:/embitz/1.11/share/em_armgcc/bin/../lib/gcc/arm-none-eabi/5.4.1/../../../../arm-none-eabi/lib/armv7e-m/fpu\libg_n.a(lib_a-nano-vfprintf_i.o)
                0x08007f00                _printf_common
 .text._printf_i
                0x08007fec      0x24c c:/embitz/1.11/share/em_armgcc/bin/../lib/gcc/arm-none-eabi/5.4.1/../../../../arm-none-eabi/lib/armv7e-m/fpu\libg_n.a(lib_a-nano-vfprintf_i.o)
                0x08007fec                _printf_i
 *fill*         0x08008238        0x8 
 .text          0x08008240       0xa0 c:/embitz/1.11/share/em_armgcc/bin/../lib/gcc/arm-none-eabi/5.4.1/../../../../arm-none-eabi/lib/armv7e-m/fpu\libg_n.a(lib_a-memchr.o)
                0x08008240                memchr
 .text.memmove  0x080082e0       0x36 c:/embitz/1.11/share/em_armgcc/bin/../lib/gcc/arm-none-eabi/5.4.1/../../../../arm-none-eabi/lib/armv7e-m/fpu\libg_n.a(lib_a-memmove.o)
                0x080082e0                memmove
 *fill*         0x08008316        0x2 
 .text._free_r  0x08008318       0x9c c:/embitz/1.11/share/em_armgcc/bin/../lib/gcc/arm-none-eabi/5.4.1/../../../../arm-none-eabi/lib/armv7e-m/fpu\libg_n.a(lib_a-nano-freer.o)
                0x08008318                _free_r
 .text._malloc_r
                0x080083b4       0xbc c:/embitz/1.11/share/em_armgcc/bin/../lib/gcc/arm-none-eabi/5.4.1/../../../../arm-none-eabi/lib/armv7e-m/fpu\libg_n.a(lib_a-nano-mallocr.o)
                0x080083b4                _malloc_r
 .text._realloc_r
                0x08008470       0x4c c:/embitz/1.11/share/em_armgcc/bin/../lib/gcc/arm-none-eabi/5.4.1/../../../../arm-none-eabi/lib/armv7e-m/fpu\libg_n.a(lib_a-nano-reallocr.o)
                0x08008470                _realloc_r
 .text._sbrk_r  0x080084bc       0x20 c:/embitz/1.11/share/em_armgcc/bin/../lib/gcc/arm-none-eabi/5.4.1/../../../../arm-none-eabi/lib/armv7e-m/fpu\libg_n.a(lib_a-sbrkr.o)
                0x080084bc                _sbrk_r
 .text.__malloc_lock
                0x080084dc        0x2 c:/embitz/1.11/share/em_armgcc/bin/../lib/gcc/arm-none-eabi/5.4.1/../../../../arm-none-eabi/lib/armv7e-m/fpu\libg_n.a(lib_a-mlock.o)
                0x080084dc                __malloc_lock
 .text.__malloc_unlock
                0x080084de        0x2 c:/embitz/1.11/share/em_armgcc/bin/../lib/gcc/arm-none-eabi/5.4.1/../../../../arm-none-eabi/lib/armv7e-m/fpu\libg_n.a(lib_a-mlock.o)
                0x080084de                __malloc_unlock
 .text._malloc_usable_size_r
                0x080084e0       0x14 c:/embitz/1.11/share/em_armgcc/bin/../lib/gcc/arm-none-eabi/5.4.1/../../../../arm-none-eabi/lib/armv7e-m/fpu\libg_n.a(lib_a-nano-msizer.o)
                0x080084e0                _malloc_usable_size_r
 .text._sbrk    0x080084f4       0x1c c:/embitz/1.11/share/em_armgcc/bin/../lib/gcc/arm-none-eabi/5.4.1/../../../../arm-none-eabi/lib/armv7e-m/fpu\libnosys_s.a(sbrk.o)
                0x080084f4                _sbrk
 *(.init)
 .init          0x08008510        0x4 c:/embitz/1.11/share/em_armgcc/bin/../lib/gcc/arm-none-eabi/5.4.1/armv7e-m/fpu/crti.o
                0x08008510                _init
 .init          0x08008514        0x8 c:/embitz/1.11/share/em_armgcc/bin/../lib/gcc/arm-none-eabi/5.4.1/armv7e-m/fpu/crtn.o
 *(.fini)
 .fini          0x0800851c        0x4 c:/embitz/1.11/share/em_armgcc/bin/../lib/gcc/arm-none-eabi/5.4.1/armv7e-m/fpu/crti.o
                0x0800851c                _fini
 .fini          0x08008520        0x8 c:/embitz/1.11/share/em_armgcc/bin/../lib/gcc/arm-none-eabi/5.4.1/armv7e-m/fpu/crtn.o
 *crtbegin.o(.ctors)
 *crtbegin?.o(.ctors)
 *(EXCLUDE_FILE(*crtend.o *crtend?.o) .ctors)
 *(SORT(.ctors.*))
 *(.ctors)
 *crtbegin.o(.dtors)
 *crtbegin?.o(.dtors)
 *(EXCLUDE_FILE(*crtend.o *crtend?.o) .dtors)
 *(SORT(.dtors.*))
 *(.dtors)
 *(.rodata*)
 .rodata.Font12_Table
                0x08008528      0x474 obj\debug\libs\display\src\font12.o
                0x08008528                Font12_Table
 .rodata.Font24_Table
                0x0800899c     0x1ab8 obj\debug\libs\display\src\font24.o
                0x0800899c                Font24_Table
 .rodata        0x0800a454        0x5 obj\debug\libs\freertos\source\tasks.o
 *fill*         0x0800a459        0x3 
 .rodata        0x0800a45c        0xd obj\debug\libs\freertos\source\timers.o
 *fill*         0x0800a469        0x3 
 .rodata        0x0800a46c       0x32 obj\debug\libs\nnxt\src\nnxt_misc.o
 *fill*         0x0800a49e        0x2 
 .rodata.MotorPorts
                0x0800a4a0      0x120 obj\debug\libs\nnxt\src\nnxt_motors.o
 .rodata.OnBoard_LEDs
                0x0800a5c0       0x30 obj\debug\libs\nnxt\src\nnxt_onboardperiph.o
 .rodata.appl_mode
                0x0800a5f0        0x1 obj\debug\libs\nnxt\src\nnxt_os_glue.o
                0x0800a5f0                appl_mode
 *fill*         0x0800a5f1        0x3 
 .rodata.SensorPorts
                0x0800a5f4      0x154 obj\debug\libs\nnxt\src\nnxt_sensors.o
 .rodata        0x0800a748       0x1d obj\debug\libs\nnxt\src\nnxt_startup.o
 *fill*         0x0800a765        0x3 
 .rodata        0x0800a768       0x3e obj\debug\main.o
 .rodata.str1.1
                0x0800a7a6        0x2 c:/embitz/1.11/share/em_armgcc/bin/../lib/gcc/arm-none-eabi/5.4.1/../../../../arm-none-eabi/lib/armv7e-m/fpu\libg_n.a(lib_a-impure.o)
 .rodata.str1.1
                0x0800a7a8       0x11 c:/embitz/1.11/share/em_armgcc/bin/../lib/gcc/arm-none-eabi/5.4.1/../../../../arm-none-eabi/lib/armv7e-m/fpu\libg_n.a(lib_a-nano-svfprintf.o)
 .rodata.str1.1
                0x0800a7b9       0x22 c:/embitz/1.11/share/em_armgcc/bin/../lib/gcc/arm-none-eabi/5.4.1/../../../../arm-none-eabi/lib/armv7e-m/fpu\libg_n.a(lib_a-nano-vfprintf_i.o)
 *(.eh_frame*)
 *fill*         0x0800a7db        0x1 
 .eh_frame      0x0800a7dc        0x0 c:/embitz/1.11/share/em_armgcc/bin/../lib/gcc/arm-none-eabi/5.4.1/armv7e-m/fpu/crtbegin.o
 .eh_frame      0x0800a7dc        0x4 c:/embitz/1.11/share/em_armgcc/bin/../lib/gcc/arm-none-eabi/5.4.1/armv7e-m/fpu/crtend.o

.glue_7         0x0800a7e0        0x0
 .glue_7        0x0800a7e0        0x0 linker stubs

.glue_7t        0x0800a7e0        0x0
 .glue_7t       0x0800a7e0        0x0 linker stubs

.vfp11_veneer   0x0800a7e0        0x0
 .vfp11_veneer  0x0800a7e0        0x0 linker stubs

.v4_bx          0x0800a7e0        0x0
 .v4_bx         0x0800a7e0        0x0 linker stubs

.iplt           0x0800a7e0        0x0
 .iplt          0x0800a7e0        0x0 c:/embitz/1.11/share/em_armgcc/bin/../lib/gcc/arm-none-eabi/5.4.1/armv7e-m/fpu/crtbegin.o

.rel.dyn        0x0800a7e0        0x0
 .rel.iplt      0x0800a7e0        0x0 c:/embitz/1.11/share/em_armgcc/bin/../lib/gcc/arm-none-eabi/5.4.1/armv7e-m/fpu/crtbegin.o

.ARM.extab
 *(.ARM.extab* .gnu.linkonce.armextab.*)
                0x0800a7e0                __exidx_start = .

.ARM.exidx
 *(.ARM.exidx* .gnu.linkonce.armexidx.*)
                0x0800a7e0                __exidx_end = .
                0x0800a7e0                __etext = .

.data           0x20000000      0x180 load address 0x0800a7e0
                0x20000000                __data_start__ = .
 *(vtable)
 *(.data*)
 .data.Font12   0x20000000        0x8 obj\debug\libs\display\src\font12.o
                0x20000000                Font12
 .data.Font24   0x20000008        0x8 obj\debug\libs\display\src\font24.o
                0x20000008                Font24
 .data.st7735_lcd_width_pixel
                0x20000010        0x2 obj\debug\libs\display\src\st7735.o
 .data.st7735_lcd_height_pixel
                0x20000012        0x2 obj\debug\libs\display\src\st7735.o
 .data.st7735_drv
                0x20000014       0x40 obj\debug\libs\display\src\st7735.o
                0x20000014                st7735_drv
 .data.uxCriticalNesting
                0x20000054        0x4 obj\debug\libs\freertos\source\portable\port.o
 .data.OnBoard_Buttons
                0x20000058       0x78 obj\debug\libs\nnxt\src\nnxt_onboardperiph.o
                0x20000058                OnBoard_Buttons
 .data.Stat     0x200000d0        0x1 obj\debug\libs\nnxt\src\nnxt_sdcard_glue.o
 *fill*         0x200000d1        0x3 
 .data.PortConfig
                0x200000d4       0x28 obj\debug\libs\nnxt\src\nnxt_sensors.o
 .data.vectorTable_ROM
                0x200000fc        0x4 obj\debug\libs\nnxt\src\nnxt_startup.o
 .data.APBAHBPrescTable
                0x20000100       0x10 obj\debug\libs\stm32 board\spl\src\stm32f4xx_rcc.o
 .data.SystemCoreClock
                0x20000110        0x4 obj\debug\libs\stm32 board\src\system_stm32f4xx.o
                0x20000110                SystemCoreClock
 .data.impure_data
                0x20000114       0x60 c:/embitz/1.11/share/em_armgcc/bin/../lib/gcc/arm-none-eabi/5.4.1/../../../../arm-none-eabi/lib/armv7e-m/fpu\libg_n.a(lib_a-impure.o)
 .data._impure_ptr
                0x20000174        0x4 c:/embitz/1.11/share/em_armgcc/bin/../lib/gcc/arm-none-eabi/5.4.1/../../../../arm-none-eabi/lib/armv7e-m/fpu\libg_n.a(lib_a-impure.o)
                0x20000174                _impure_ptr
                0x20000178                . = ALIGN (0x4)
                0x20000178                PROVIDE (__preinit_array_start, .)
 *(.preinit_array)
                0x20000178                PROVIDE (__preinit_array_end, .)
                0x20000178                . = ALIGN (0x4)
                0x20000178                PROVIDE (__init_array_start, .)
 *(SORT(.init_array.*))
 *(.init_array)
 .init_array    0x20000178        0x4 c:/embitz/1.11/share/em_armgcc/bin/../lib/gcc/arm-none-eabi/5.4.1/armv7e-m/fpu/crtbegin.o
                0x2000017c                PROVIDE (__init_array_end, .)
                0x2000017c                . = ALIGN (0x4)
                [!provide]                PROVIDE (__fini_array_start, .)
 *(SORT(.fini_array.*))
 *(.fini_array)
 .fini_array    0x2000017c        0x4 c:/embitz/1.11/share/em_armgcc/bin/../lib/gcc/arm-none-eabi/5.4.1/armv7e-m/fpu/crtbegin.o
                [!provide]                PROVIDE (__fini_array_end, .)
                0x20000180                . = ALIGN (0x4)
                0x20000180                __data_end__ = .

.jcr            0x20000180        0x0 load address 0x0800a960
 .jcr           0x20000180        0x0 c:/embitz/1.11/share/em_armgcc/bin/../lib/gcc/arm-none-eabi/5.4.1/armv7e-m/fpu/crtbegin.o

.igot.plt       0x20000180        0x0 load address 0x0800a960
 .igot.plt      0x20000180        0x0 c:/embitz/1.11/share/em_armgcc/bin/../lib/gcc/arm-none-eabi/5.4.1/armv7e-m/fpu/crtbegin.o

.bss            0x20000200    0x13c08 load address 0x0800aa00
                0x20000200                __bss_start__ = .
 *(.bss*)
 .bss           0x20000200       0x1c c:/embitz/1.11/share/em_armgcc/bin/../lib/gcc/arm-none-eabi/5.4.1/armv7e-m/fpu/crtbegin.o
 .bss.rotation_g
                0x2000021c        0x1 obj\debug\libs\display\src\st7735.o
 *fill*         0x2000021d        0x3 
 .bss.lcd_drv   0x20000220        0x4 obj\debug\libs\display\src\stm32_adafruit_lcd.o
 .bss.bitmap    0x20000224      0x366 obj\debug\libs\display\src\stm32_adafruit_lcd.o
 *fill*         0x2000058a        0x2 
 .bss.registeredTasks
                0x2000058c       0x78 obj\debug\libs\freertos\freertos_glue.o
                0x2000058c                registeredTasks
 .bss.TasksSlots
                0x20000604        0x4 obj\debug\libs\freertos\freertos_glue.o
                0x20000604                TasksSlots
 .bss.ucHeap    0x20000608    0x12c00 obj\debug\libs\freertos\source\heap_1.o
 .bss.xNextFreeByte
                0x20013208        0x4 obj\debug\libs\freertos\source\heap_1.o
 .bss.pucAlignedHeap.5156
                0x2001320c        0x4 obj\debug\libs\freertos\source\heap_1.o
 .bss.ucMaxSysCallPriority
                0x20013210        0x1 obj\debug\libs\freertos\source\portable\port.o
 *fill*         0x20013211        0x3 
 .bss.ulMaxPRIGROUPValue
                0x20013214        0x4 obj\debug\libs\freertos\source\portable\port.o
 .bss.pxCurrentTCB
                0x20013218        0x4 obj\debug\libs\freertos\source\tasks.o
                0x20013218                pxCurrentTCB
 .bss.pxReadyTasksLists
                0x2001321c       0x64 obj\debug\libs\freertos\source\tasks.o
 .bss.xDelayedTaskList1
                0x20013280       0x14 obj\debug\libs\freertos\source\tasks.o
 .bss.xDelayedTaskList2
                0x20013294       0x14 obj\debug\libs\freertos\source\tasks.o
 .bss.pxDelayedTaskList
                0x200132a8        0x4 obj\debug\libs\freertos\source\tasks.o
 .bss.pxOverflowDelayedTaskList
                0x200132ac        0x4 obj\debug\libs\freertos\source\tasks.o
 .bss.xPendingReadyList
                0x200132b0       0x14 obj\debug\libs\freertos\source\tasks.o
 .bss.xTasksWaitingTermination
                0x200132c4       0x14 obj\debug\libs\freertos\source\tasks.o
 .bss.uxDeletedTasksWaitingCleanUp
                0x200132d8        0x4 obj\debug\libs\freertos\source\tasks.o
 .bss.xSuspendedTaskList
                0x200132dc       0x14 obj\debug\libs\freertos\source\tasks.o
 .bss.uxCurrentNumberOfTasks
                0x200132f0        0x4 obj\debug\libs\freertos\source\tasks.o
 .bss.xTickCount
                0x200132f4        0x4 obj\debug\libs\freertos\source\tasks.o
 .bss.uxTopReadyPriority
                0x200132f8        0x4 obj\debug\libs\freertos\source\tasks.o
 .bss.xSchedulerRunning
                0x200132fc        0x4 obj\debug\libs\freertos\source\tasks.o
 .bss.uxPendedTicks
                0x20013300        0x4 obj\debug\libs\freertos\source\tasks.o
 .bss.xYieldPending
                0x20013304        0x4 obj\debug\libs\freertos\source\tasks.o
 .bss.xNumOfOverflows
                0x20013308        0x4 obj\debug\libs\freertos\source\tasks.o
 .bss.uxTaskNumber
                0x2001330c        0x4 obj\debug\libs\freertos\source\tasks.o
 .bss.xNextTaskUnblockTime
                0x20013310        0x4 obj\debug\libs\freertos\source\tasks.o
 .bss.xIdleTaskHandle
                0x20013314        0x4 obj\debug\libs\freertos\source\tasks.o
 .bss.uxSchedulerSuspended
                0x20013318        0x4 obj\debug\libs\freertos\source\tasks.o
 .bss.xActiveTimerList1
                0x2001331c       0x14 obj\debug\libs\freertos\source\timers.o
 .bss.xActiveTimerList2
                0x20013330       0x14 obj\debug\libs\freertos\source\timers.o
 .bss.pxCurrentTimerList
                0x20013344        0x4 obj\debug\libs\freertos\source\timers.o
 .bss.pxOverflowTimerList
                0x20013348        0x4 obj\debug\libs\freertos\source\timers.o
 .bss.xTimerQueue
                0x2001334c        0x4 obj\debug\libs\freertos\source\timers.o
 .bss.xTimerTaskHandle
                0x20013350        0x4 obj\debug\libs\freertos\source\timers.o
 .bss.xLastTime.5448
                0x20013354        0x4 obj\debug\libs\freertos\source\timers.o
 .bss.Timer1    0x20013358        0x4 obj\debug\libs\nnxt\src\nnxt_sdcard_glue.o
 .bss.Timer2    0x2001335c        0x4 obj\debug\libs\nnxt\src\nnxt_sdcard_glue.o
 .bss.PortAnalogValues
                0x20013360       0x14 obj\debug\libs\nnxt\src\nnxt_sensors.o
                0x20013360                PortAnalogValues
 .bss.Filter    0x20013374       0x12 obj\debug\libs\nnxt\src\nnxt_sensors.o
 *fill*         0x20013386       0x7a 
 .bss.vectorTable_RAM
                0x20013400      0x400 obj\debug\libs\nnxt\src\nnxt_startup.o
 .bss.debug     0x20013800        0x1 obj\debug\libs\nnxt\src\nnxt_startup.o
                0x20013800                debug
 .bss.selectedDevice
                0x20013801        0x1 obj\debug\libs\spi\src\spidevice.o
                0x20013801                selectedDevice
 .bss.event     0x20013802        0x2 obj\debug\main.o
                0x20013802                event
 .bss.timers    0x20013804      0x140 obj\debug\main.o
                0x20013804                timers
 .bss.__malloc_sbrk_start
                0x20013944        0x4 c:/embitz/1.11/share/em_armgcc/bin/../lib/gcc/arm-none-eabi/5.4.1/../../../../arm-none-eabi/lib/armv7e-m/fpu\libg_n.a(lib_a-nano-mallocr.o)
                0x20013944                __malloc_sbrk_start
 .bss.__malloc_free_list
                0x20013948        0x4 c:/embitz/1.11/share/em_armgcc/bin/../lib/gcc/arm-none-eabi/5.4.1/../../../../arm-none-eabi/lib/armv7e-m/fpu\libg_n.a(lib_a-nano-mallocr.o)
                0x20013948                __malloc_free_list
 .bss.heap_end.4169
                0x2001394c        0x4 c:/embitz/1.11/share/em_armgcc/bin/../lib/gcc/arm-none-eabi/5.4.1/../../../../arm-none-eabi/lib/armv7e-m/fpu\libnosys_s.a(sbrk.o)
 *(COMMON)
 COMMON         0x20013950        0xc obj\debug\libs\display\src\stm32_adafruit_lcd.o
                0x20013950                DrawProp
 COMMON         0x2001395c       0x40 obj\debug\libs\freertos\source\queue.o
                0x2001395c                xQueueRegistry
 COMMON         0x2001399c       0x10 obj\debug\libs\hal\src\em_i2c.o
                0x2001399c                GPIO_InitStructure_i2c1
                0x200139a4                GPIO_InitStructure_i2c2
 COMMON         0x200139ac       0x24 obj\debug\libs\nnxt\src\nnxt_motors.o
                0x200139ac                Motor_Info
 COMMON         0x200139d0        0x5 obj\debug\libs\nnxt\src\nnxt_os_glue.o
                0x200139d0                SysTickCounter
                0x200139d4                nnxt_pre_os_flag
 *fill*         0x200139d5       0x2b 
 COMMON         0x20013a00      0x404 obj\debug\libs\nnxt\src\nnxt_startup.o
                0x20013a00                vectorTable_RAM_orig
                0x20013e00                NNXT_Background_Task
 COMMON         0x20013e04        0x4 c:/embitz/1.11/share/em_armgcc/bin/../lib/gcc/arm-none-eabi/5.4.1/../../../../arm-none-eabi/lib/armv7e-m/fpu\libg_n.a(lib_a-reent.o)
                0x20013e04                errno
                0x20013e08                __bss_end__ = .

.heap           0x20013e08        0x0
                0x20013e08                __end__ = .
                0x20013e08                end = __end__
 *(.heap*)
 .heap          0x20013e08        0x0 obj\debug\libs\stm32 board\src\startup_stm32f4xx.o
                0x20013e08                __HeapLimit = .

.stack_dummy    0x20013e08      0x100
 *(.stack)
 .stack         0x20013e08      0x100 obj\debug\libs\stm32 board\src\startup_stm32f4xx.o
                0x20020000                __StackTop = (ORIGIN (RAM) + LENGTH (RAM))
                0x2001ff00                __StackLimit = (__StackTop - SIZEOF (.stack_dummy))
                0x20020000                PROVIDE (__stack, __StackTop)
                0x00000001                ASSERT ((__StackLimit >= __HeapLimit), region RAM overflowed with stack)
LOAD obj\debug\libs\display\src\font12.o
LOAD obj\debug\libs\display\src\font16.o
LOAD obj\debug\libs\display\src\font20.o
LOAD obj\debug\libs\display\src\font24.o
LOAD obj\debug\libs\display\src\font8.o
LOAD obj\debug\libs\display\src\st7735.o
LOAD obj\debug\libs\display\src\stm32_adafruit_lcd.o
LOAD obj\debug\libs\freertos\freertos_glue.o
LOAD obj\debug\libs\freertos\source\croutine.o
LOAD obj\debug\libs\freertos\source\event_groups.o
LOAD obj\debug\libs\freertos\source\heap_1.o
LOAD obj\debug\libs\freertos\source\list.o
LOAD obj\debug\libs\freertos\source\portable\port.o
LOAD obj\debug\libs\freertos\source\queue.o
LOAD obj\debug\libs\freertos\source\tasks.o
LOAD obj\debug\libs\freertos\source\timers.o
LOAD obj\debug\libs\hal\src\em_i2c.o
LOAD obj\debug\libs\hal\src\em_interrupts.o
LOAD obj\debug\libs\nnxt\src\nnxt_display_glue.o
LOAD obj\debug\libs\nnxt\src\nnxt_filter.o
LOAD obj\debug\libs\nnxt\src\nnxt_i2c.o
LOAD obj\debug\libs\nnxt\src\nnxt_misc.o
LOAD obj\debug\libs\nnxt\src\nnxt_motors.o
LOAD obj\debug\libs\nnxt\src\nnxt_onboardperiph.o
LOAD obj\debug\libs\nnxt\src\nnxt_os_glue.o
LOAD obj\debug\libs\nnxt\src\nnxt_pcf8574lb.o
LOAD obj\debug\libs\nnxt\src\nnxt_sdcard_glue.o
LOAD obj\debug\libs\nnxt\src\nnxt_sensors.o
LOAD obj\debug\libs\nnxt\src\nnxt_startup.o
LOAD obj\debug\libs\sdcard\fatfs\src\ff.o
LOAD obj\debug\libs\sdcard\fatfs\src\ffsystem.o
LOAD obj\debug\libs\sdcard\fatfs\src\ffunicode.o
LOAD obj\debug\libs\spi\src\spidevice.o
LOAD obj\debug\libs\stm32 board\spl\src\misc.o
LOAD obj\debug\libs\stm32 board\spl\src\stm32f4xx_adc.o
LOAD obj\debug\libs\stm32 board\spl\src\stm32f4xx_can.o
LOAD obj\debug\libs\stm32 board\spl\src\stm32f4xx_crc.o
LOAD obj\debug\libs\stm32 board\spl\src\stm32f4xx_cryp.o
LOAD obj\debug\libs\stm32 board\spl\src\stm32f4xx_cryp_aes.o
LOAD obj\debug\libs\stm32 board\spl\src\stm32f4xx_cryp_des.o
LOAD obj\debug\libs\stm32 board\spl\src\stm32f4xx_cryp_tdes.o
LOAD obj\debug\libs\stm32 board\spl\src\stm32f4xx_dac.o
LOAD obj\debug\libs\stm32 board\spl\src\stm32f4xx_dbgmcu.o
LOAD obj\debug\libs\stm32 board\spl\src\stm32f4xx_dcmi.o
LOAD obj\debug\libs\stm32 board\spl\src\stm32f4xx_dma.o
LOAD obj\debug\libs\stm32 board\spl\src\stm32f4xx_exti.o
LOAD obj\debug\libs\stm32 board\spl\src\stm32f4xx_flash.o
LOAD obj\debug\libs\stm32 board\spl\src\stm32f4xx_fsmc.o
LOAD obj\debug\libs\stm32 board\spl\src\stm32f4xx_gpio.o
LOAD obj\debug\libs\stm32 board\spl\src\stm32f4xx_hash.o
LOAD obj\debug\libs\stm32 board\spl\src\stm32f4xx_hash_md5.o
LOAD obj\debug\libs\stm32 board\spl\src\stm32f4xx_hash_sha1.o
LOAD obj\debug\libs\stm32 board\spl\src\stm32f4xx_i2c.o
LOAD obj\debug\libs\stm32 board\spl\src\stm32f4xx_iwdg.o
LOAD obj\debug\libs\stm32 board\spl\src\stm32f4xx_pwr.o
LOAD obj\debug\libs\stm32 board\spl\src\stm32f4xx_rcc.o
LOAD obj\debug\libs\stm32 board\spl\src\stm32f4xx_rng.o
LOAD obj\debug\libs\stm32 board\spl\src\stm32f4xx_rtc.o
LOAD obj\debug\libs\stm32 board\spl\src\stm32f4xx_sdio.o
LOAD obj\debug\libs\stm32 board\spl\src\stm32f4xx_spi.o
LOAD obj\debug\libs\stm32 board\spl\src\stm32f4xx_syscfg.o
LOAD obj\debug\libs\stm32 board\spl\src\stm32f4xx_tim.o
LOAD obj\debug\libs\stm32 board\spl\src\stm32f4xx_usart.o
LOAD obj\debug\libs\stm32 board\spl\src\stm32f4xx_wwdg.o
LOAD obj\debug\libs\stm32 board\src\startup_stm32f4xx.o
LOAD obj\debug\libs\stm32 board\src\system_stm32f4xx.o
LOAD obj\debug\main.o
START GROUP
LOAD c:/embitz/1.11/share/em_armgcc/bin/../lib/gcc/arm-none-eabi/5.4.1/armv7e-m/fpu\libgcc.a
LOAD c:/embitz/1.11/share/em_armgcc/bin/../lib/gcc/arm-none-eabi/5.4.1/../../../../arm-none-eabi/lib/armv7e-m/fpu\libg_n.a
LOAD c:/embitz/1.11/share/em_armgcc/bin/../lib/gcc/arm-none-eabi/5.4.1/../../../../arm-none-eabi/lib/armv7e-m/fpu\libc_n.a
END GROUP
START GROUP
LOAD c:/embitz/1.11/share/em_armgcc/bin/../lib/gcc/arm-none-eabi/5.4.1/armv7e-m/fpu\libgcc.a
LOAD c:/embitz/1.11/share/em_armgcc/bin/../lib/gcc/arm-none-eabi/5.4.1/../../../../arm-none-eabi/lib/armv7e-m/fpu\libc_n.a
LOAD c:/embitz/1.11/share/em_armgcc/bin/../lib/gcc/arm-none-eabi/5.4.1/../../../../arm-none-eabi/lib/armv7e-m/fpu\libnosys_s.a
END GROUP
LOAD c:/embitz/1.11/share/em_armgcc/bin/../lib/gcc/arm-none-eabi/5.4.1/armv7e-m/fpu/crtend.o
LOAD c:/embitz/1.11/share/em_armgcc/bin/../lib/gcc/arm-none-eabi/5.4.1/armv7e-m/fpu/crtn.o
OUTPUT(bin\Debug\Timer_Events.elf elf32-littlearm)

.ARM.attributes
                0x00000000       0x30
 .ARM.attributes
                0x00000000       0x22 c:/embitz/1.11/share/em_armgcc/bin/../lib/gcc/arm-none-eabi/5.4.1/armv7e-m/fpu/crti.o
 .ARM.attributes
                0x00000022       0x34 c:/embitz/1.11/share/em_armgcc/bin/../lib/gcc/arm-none-eabi/5.4.1/armv7e-m/fpu/crtbegin.o
 .ARM.attributes
                0x00000056       0x39 obj\debug\libs\display\src\font12.o
 .ARM.attributes
                0x0000008f       0x39 obj\debug\libs\display\src\font24.o
 .ARM.attributes
                0x000000c8       0x39 obj\debug\libs\display\src\st7735.o
 .ARM.attributes
                0x00000101       0x39 obj\debug\libs\display\src\stm32_adafruit_lcd.o
 .ARM.attributes
                0x0000013a       0x39 obj\debug\libs\freertos\freertos_glue.o
 .ARM.attributes
                0x00000173       0x39 obj\debug\libs\freertos\source\heap_1.o
 .ARM.attributes
                0x000001ac       0x39 obj\debug\libs\freertos\source\list.o
 .ARM.attributes
                0x000001e5       0x39 obj\debug\libs\freertos\source\portable\port.o
 .ARM.attributes
                0x0000021e       0x39 obj\debug\libs\freertos\source\queue.o
 .ARM.attributes
                0x00000257       0x39 obj\debug\libs\freertos\source\tasks.o
 .ARM.attributes
                0x00000290       0x39 obj\debug\libs\freertos\source\timers.o
 .ARM.attributes
                0x000002c9       0x39 obj\debug\libs\hal\src\em_i2c.o
 .ARM.attributes
                0x00000302       0x39 obj\debug\libs\hal\src\em_interrupts.o
 .ARM.attributes
                0x0000033b       0x39 obj\debug\libs\nnxt\src\nnxt_display_glue.o
 .ARM.attributes
                0x00000374       0x39 obj\debug\libs\nnxt\src\nnxt_filter.o
 .ARM.attributes
                0x000003ad       0x39 obj\debug\libs\nnxt\src\nnxt_i2c.o
 .ARM.attributes
                0x000003e6       0x39 obj\debug\libs\nnxt\src\nnxt_misc.o
 .ARM.attributes
                0x0000041f       0x39 obj\debug\libs\nnxt\src\nnxt_motors.o
 .ARM.attributes
                0x00000458       0x39 obj\debug\libs\nnxt\src\nnxt_onboardperiph.o
 .ARM.attributes
                0x00000491       0x39 obj\debug\libs\nnxt\src\nnxt_os_glue.o
 .ARM.attributes
                0x000004ca       0x39 obj\debug\libs\nnxt\src\nnxt_sdcard_glue.o
 .ARM.attributes
                0x00000503       0x39 obj\debug\libs\nnxt\src\nnxt_sensors.o
 .ARM.attributes
                0x0000053c       0x39 obj\debug\libs\nnxt\src\nnxt_startup.o
 .ARM.attributes
                0x00000575       0x39 obj\debug\libs\spi\src\spidevice.o
 .ARM.attributes
                0x000005ae       0x39 obj\debug\libs\stm32 board\spl\src\misc.o
 .ARM.attributes
                0x000005e7       0x39 obj\debug\libs\stm32 board\spl\src\stm32f4xx_adc.o
 .ARM.attributes
                0x00000620       0x39 obj\debug\libs\stm32 board\spl\src\stm32f4xx_dma.o
 .ARM.attributes
                0x00000659       0x39 obj\debug\libs\stm32 board\spl\src\stm32f4xx_exti.o
 .ARM.attributes
                0x00000692       0x39 obj\debug\libs\stm32 board\spl\src\stm32f4xx_gpio.o
 .ARM.attributes
                0x000006cb       0x39 obj\debug\libs\stm32 board\spl\src\stm32f4xx_i2c.o
 .ARM.attributes
                0x00000704       0x39 obj\debug\libs\stm32 board\spl\src\stm32f4xx_rcc.o
 .ARM.attributes
                0x0000073d       0x39 obj\debug\libs\stm32 board\spl\src\stm32f4xx_spi.o
 .ARM.attributes
                0x00000776       0x39 obj\debug\libs\stm32 board\spl\src\stm32f4xx_syscfg.o
 .ARM.attributes
                0x000007af       0x39 obj\debug\libs\stm32 board\spl\src\stm32f4xx_tim.o
 .ARM.attributes
                0x000007e8       0x1f obj\debug\libs\stm32 board\src\startup_stm32f4xx.o
 .ARM.attributes
                0x00000807       0x39 obj\debug\libs\stm32 board\src\system_stm32f4xx.o
 .ARM.attributes
                0x00000840       0x39 obj\debug\main.o
 .ARM.attributes
                0x00000879       0x34 c:/embitz/1.11/share/em_armgcc/bin/../lib/gcc/arm-none-eabi/5.4.1/../../../../arm-none-eabi/lib/armv7e-m/fpu\libg_n.a(lib_a-impure.o)
 .ARM.attributes
                0x000008ad       0x34 c:/embitz/1.11/share/em_armgcc/bin/../lib/gcc/arm-none-eabi/5.4.1/../../../../arm-none-eabi/lib/armv7e-m/fpu\libg_n.a(lib_a-memcpy-stub.o)
 .ARM.attributes
                0x000008e1       0x34 c:/embitz/1.11/share/em_armgcc/bin/../lib/gcc/arm-none-eabi/5.4.1/../../../../arm-none-eabi/lib/armv7e-m/fpu\libg_n.a(lib_a-memset.o)
 .ARM.attributes
                0x00000915       0x34 c:/embitz/1.11/share/em_armgcc/bin/../lib/gcc/arm-none-eabi/5.4.1/../../../../arm-none-eabi/lib/armv7e-m/fpu\libg_n.a(lib_a-sprintf.o)
 .ARM.attributes
                0x00000949       0x34 c:/embitz/1.11/share/em_armgcc/bin/../lib/gcc/arm-none-eabi/5.4.1/../../../../arm-none-eabi/lib/armv7e-m/fpu\libg_n.a(lib_a-nano-svfprintf.o)
 .ARM.attributes
                0x0000097d       0x34 c:/embitz/1.11/share/em_armgcc/bin/../lib/gcc/arm-none-eabi/5.4.1/../../../../arm-none-eabi/lib/armv7e-m/fpu\libg_n.a(lib_a-nano-vfprintf_i.o)
 .ARM.attributes
                0x000009b1       0x20 c:/embitz/1.11/share/em_armgcc/bin/../lib/gcc/arm-none-eabi/5.4.1/../../../../arm-none-eabi/lib/armv7e-m/fpu\libg_n.a(lib_a-memchr.o)
 .ARM.attributes
                0x000009d1       0x34 c:/embitz/1.11/share/em_armgcc/bin/../lib/gcc/arm-none-eabi/5.4.1/../../../../arm-none-eabi/lib/armv7e-m/fpu\libg_n.a(lib_a-memmove.o)
 .ARM.attributes
                0x00000a05       0x34 c:/embitz/1.11/share/em_armgcc/bin/../lib/gcc/arm-none-eabi/5.4.1/../../../../arm-none-eabi/lib/armv7e-m/fpu\libg_n.a(lib_a-nano-freer.o)
 .ARM.attributes
                0x00000a39       0x34 c:/embitz/1.11/share/em_armgcc/bin/../lib/gcc/arm-none-eabi/5.4.1/../../../../arm-none-eabi/lib/armv7e-m/fpu\libg_n.a(lib_a-nano-mallocr.o)
 .ARM.attributes
                0x00000a6d       0x34 c:/embitz/1.11/share/em_armgcc/bin/../lib/gcc/arm-none-eabi/5.4.1/../../../../arm-none-eabi/lib/armv7e-m/fpu\libg_n.a(lib_a-nano-reallocr.o)
 .ARM.attributes
                0x00000aa1       0x34 c:/embitz/1.11/share/em_armgcc/bin/../lib/gcc/arm-none-eabi/5.4.1/../../../../arm-none-eabi/lib/armv7e-m/fpu\libg_n.a(lib_a-sbrkr.o)
 .ARM.attributes
                0x00000ad5       0x34 c:/embitz/1.11/share/em_armgcc/bin/../lib/gcc/arm-none-eabi/5.4.1/../../../../arm-none-eabi/lib/armv7e-m/fpu\libg_n.a(lib_a-mlock.o)
 .ARM.attributes
                0x00000b09       0x34 c:/embitz/1.11/share/em_armgcc/bin/../lib/gcc/arm-none-eabi/5.4.1/../../../../arm-none-eabi/lib/armv7e-m/fpu\libg_n.a(lib_a-nano-msizer.o)
 .ARM.attributes
                0x00000b3d       0x34 c:/embitz/1.11/share/em_armgcc/bin/../lib/gcc/arm-none-eabi/5.4.1/../../../../arm-none-eabi/lib/armv7e-m/fpu\libg_n.a(lib_a-reent.o)
 .ARM.attributes
                0x00000b71       0x34 c:/embitz/1.11/share/em_armgcc/bin/../lib/gcc/arm-none-eabi/5.4.1/../../../../arm-none-eabi/lib/armv7e-m/fpu\libnosys_s.a(sbrk.o)
 .ARM.attributes
                0x00000ba5       0x34 c:/embitz/1.11/share/em_armgcc/bin/../lib/gcc/arm-none-eabi/5.4.1/armv7e-m/fpu/crtend.o
 .ARM.attributes
                0x00000bd9       0x22 c:/embitz/1.11/share/em_armgcc/bin/../lib/gcc/arm-none-eabi/5.4.1/armv7e-m/fpu/crtn.o

.comment        0x00000000       0x6e
 .comment       0x00000000       0x6e obj\debug\libs\display\src\font12.o
                                 0x6f (size before relaxing)
 .comment       0x0000006e       0x6f obj\debug\libs\display\src\font24.o
 .comment       0x0000006e       0x6f obj\debug\libs\display\src\st7735.o
 .comment       0x0000006e       0x6f obj\debug\libs\display\src\stm32_adafruit_lcd.o
 .comment       0x0000006e       0x6f obj\debug\libs\freertos\freertos_glue.o
 .comment       0x0000006e       0x6f obj\debug\libs\freertos\source\heap_1.o
 .comment       0x0000006e       0x6f obj\debug\libs\freertos\source\list.o
 .comment       0x0000006e       0x6f obj\debug\libs\freertos\source\portable\port.o
 .comment       0x0000006e       0x6f obj\debug\libs\freertos\source\queue.o
 .comment       0x0000006e       0x6f obj\debug\libs\freertos\source\tasks.o
 .comment       0x0000006e       0x6f obj\debug\libs\freertos\source\timers.o
 .comment       0x0000006e       0x6f obj\debug\libs\hal\src\em_i2c.o
 .comment       0x0000006e       0x6f obj\debug\libs\hal\src\em_interrupts.o
 .comment       0x0000006e       0x6f obj\debug\libs\nnxt\src\nnxt_display_glue.o
 .comment       0x0000006e       0x6f obj\debug\libs\nnxt\src\nnxt_filter.o
 .comment       0x0000006e       0x6f obj\debug\libs\nnxt\src\nnxt_i2c.o
 .comment       0x0000006e       0x6f obj\debug\libs\nnxt\src\nnxt_misc.o
 .comment       0x0000006e       0x6f obj\debug\libs\nnxt\src\nnxt_motors.o
 .comment       0x0000006e       0x6f obj\debug\libs\nnxt\src\nnxt_onboardperiph.o
 .comment       0x0000006e       0x6f obj\debug\libs\nnxt\src\nnxt_os_glue.o
 .comment       0x0000006e       0x6f obj\debug\libs\nnxt\src\nnxt_sdcard_glue.o
 .comment       0x0000006e       0x6f obj\debug\libs\nnxt\src\nnxt_sensors.o
 .comment       0x0000006e       0x6f obj\debug\libs\nnxt\src\nnxt_startup.o
 .comment       0x0000006e       0x6f obj\debug\libs\spi\src\spidevice.o
 .comment       0x0000006e       0x6f obj\debug\libs\stm32 board\spl\src\misc.o
 .comment       0x0000006e       0x6f obj\debug\libs\stm32 board\spl\src\stm32f4xx_adc.o
 .comment       0x0000006e       0x6f obj\debug\libs\stm32 board\spl\src\stm32f4xx_dma.o
 .comment       0x0000006e       0x6f obj\debug\libs\stm32 board\spl\src\stm32f4xx_exti.o
 .comment       0x0000006e       0x6f obj\debug\libs\stm32 board\spl\src\stm32f4xx_gpio.o
 .comment       0x0000006e       0x6f obj\debug\libs\stm32 board\spl\src\stm32f4xx_i2c.o
 .comment       0x0000006e       0x6f obj\debug\libs\stm32 board\spl\src\stm32f4xx_rcc.o
 .comment       0x0000006e       0x6f obj\debug\libs\stm32 board\spl\src\stm32f4xx_spi.o
 .comment       0x0000006e       0x6f obj\debug\libs\stm32 board\spl\src\stm32f4xx_syscfg.o
 .comment       0x0000006e       0x6f obj\debug\libs\stm32 board\spl\src\stm32f4xx_tim.o
 .comment       0x0000006e       0x6f obj\debug\libs\stm32 board\src\system_stm32f4xx.o
 .comment       0x0000006e       0x6f obj\debug\main.o

.debug_info     0x00000000    0x154bf
 .debug_info    0x00000000      0x11b obj\debug\libs\display\src\font12.o
 .debug_info    0x0000011b      0x11b obj\debug\libs\display\src\font24.o
 .debug_info    0x00000236      0x5f0 obj\debug\libs\display\src\st7735.o
 .debug_info    0x00000826     0x100f obj\debug\libs\display\src\stm32_adafruit_lcd.o
 .debug_info    0x00001835      0x427 obj\debug\libs\freertos\freertos_glue.o
 .debug_info    0x00001c5c      0x1c3 obj\debug\libs\freertos\source\heap_1.o
 .debug_info    0x00001e1f      0x2a8 obj\debug\libs\freertos\source\list.o
 .debug_info    0x000020c7      0x50e obj\debug\libs\freertos\source\portable\port.o
 .debug_info    0x000025d5     0x140a obj\debug\libs\freertos\source\queue.o
 .debug_info    0x000039df     0x1ecd obj\debug\libs\freertos\source\tasks.o
 .debug_info    0x000058ac      0xb6a obj\debug\libs\freertos\source\timers.o
 .debug_info    0x00006416      0x724 obj\debug\libs\hal\src\em_i2c.o
 .debug_info    0x00006b3a      0x756 obj\debug\libs\hal\src\em_interrupts.o
 .debug_info    0x00007290      0x5ec obj\debug\libs\nnxt\src\nnxt_display_glue.o
 .debug_info    0x0000787c      0x1e1 obj\debug\libs\nnxt\src\nnxt_filter.o
 .debug_info    0x00007a5d      0x763 obj\debug\libs\nnxt\src\nnxt_i2c.o
 .debug_info    0x000081c0      0x665 obj\debug\libs\nnxt\src\nnxt_misc.o
 .debug_info    0x00008825      0xe27 obj\debug\libs\nnxt\src\nnxt_motors.o
 .debug_info    0x0000964c      0xe6d obj\debug\libs\nnxt\src\nnxt_onboardperiph.o
 .debug_info    0x0000a4b9      0x1f3 obj\debug\libs\nnxt\src\nnxt_os_glue.o
 .debug_info    0x0000a6ac      0xdf6 obj\debug\libs\nnxt\src\nnxt_sdcard_glue.o
 .debug_info    0x0000b4a2     0x104e obj\debug\libs\nnxt\src\nnxt_sensors.o
 .debug_info    0x0000c4f0     0x104f obj\debug\libs\nnxt\src\nnxt_startup.o
 .debug_info    0x0000d53f      0x915 obj\debug\libs\spi\src\spidevice.o
 .debug_info    0x0000de54      0x55e obj\debug\libs\stm32 board\spl\src\misc.o
 .debug_info    0x0000e3b2      0xc48 obj\debug\libs\stm32 board\spl\src\stm32f4xx_adc.o
 .debug_info    0x0000effa      0x749 obj\debug\libs\stm32 board\spl\src\stm32f4xx_dma.o
 .debug_info    0x0000f743      0x35f obj\debug\libs\stm32 board\spl\src\stm32f4xx_exti.o
 .debug_info    0x0000faa2      0x622 obj\debug\libs\stm32 board\spl\src\stm32f4xx_gpio.o
 .debug_info    0x000100c4      0xb9b obj\debug\libs\stm32 board\spl\src\stm32f4xx_i2c.o
 .debug_info    0x00010c5f      0xc9f obj\debug\libs\stm32 board\spl\src\stm32f4xx_rcc.o
 .debug_info    0x000118fe      0xb4b obj\debug\libs\stm32 board\spl\src\stm32f4xx_spi.o
 .debug_info    0x00012449      0x27c obj\debug\libs\stm32 board\spl\src\stm32f4xx_syscfg.o
 .debug_info    0x000126c5     0x1c71 obj\debug\libs\stm32 board\spl\src\stm32f4xx_tim.o
 .debug_info    0x00014336       0x73 obj\debug\libs\stm32 board\src\startup_stm32f4xx.o
 .debug_info    0x000143a9      0x60e obj\debug\libs\stm32 board\src\system_stm32f4xx.o
 .debug_info    0x000149b7      0xb08 obj\debug\main.o

.debug_abbrev   0x00000000     0x400c
 .debug_abbrev  0x00000000       0x98 obj\debug\libs\display\src\font12.o
 .debug_abbrev  0x00000098       0x98 obj\debug\libs\display\src\font24.o
 .debug_abbrev  0x00000130      0x134 obj\debug\libs\display\src\st7735.o
 .debug_abbrev  0x00000264      0x24e obj\debug\libs\display\src\stm32_adafruit_lcd.o
 .debug_abbrev  0x000004b2      0x187 obj\debug\libs\freertos\freertos_glue.o
 .debug_abbrev  0x00000639      0x130 obj\debug\libs\freertos\source\heap_1.o
 .debug_abbrev  0x00000769       0xc1 obj\debug\libs\freertos\source\list.o
 .debug_abbrev  0x0000082a      0x1cf obj\debug\libs\freertos\source\portable\port.o
 .debug_abbrev  0x000009f9      0x227 obj\debug\libs\freertos\source\queue.o
 .debug_abbrev  0x00000c20      0x2c8 obj\debug\libs\freertos\source\tasks.o
 .debug_abbrev  0x00000ee8      0x1d9 obj\debug\libs\freertos\source\timers.o
 .debug_abbrev  0x000010c1      0x1ff obj\debug\libs\hal\src\em_i2c.o
 .debug_abbrev  0x000012c0      0x1ec obj\debug\libs\hal\src\em_interrupts.o
 .debug_abbrev  0x000014ac      0x21b obj\debug\libs\nnxt\src\nnxt_display_glue.o
 .debug_abbrev  0x000016c7       0xdb obj\debug\libs\nnxt\src\nnxt_filter.o
 .debug_abbrev  0x000017a2      0x1e3 obj\debug\libs\nnxt\src\nnxt_i2c.o
 .debug_abbrev  0x00001985      0x244 obj\debug\libs\nnxt\src\nnxt_misc.o
 .debug_abbrev  0x00001bc9      0x231 obj\debug\libs\nnxt\src\nnxt_motors.o
 .debug_abbrev  0x00001dfa      0x25e obj\debug\libs\nnxt\src\nnxt_onboardperiph.o
 .debug_abbrev  0x00002058      0x10a obj\debug\libs\nnxt\src\nnxt_os_glue.o
 .debug_abbrev  0x00002162      0x30d obj\debug\libs\nnxt\src\nnxt_sdcard_glue.o
 .debug_abbrev  0x0000246f      0x2e7 obj\debug\libs\nnxt\src\nnxt_sensors.o
 .debug_abbrev  0x00002756      0x2a8 obj\debug\libs\nnxt\src\nnxt_startup.o
 .debug_abbrev  0x000029fe      0x290 obj\debug\libs\spi\src\spidevice.o
 .debug_abbrev  0x00002c8e      0x14c obj\debug\libs\stm32 board\spl\src\misc.o
 .debug_abbrev  0x00002dda      0x19d obj\debug\libs\stm32 board\spl\src\stm32f4xx_adc.o
 .debug_abbrev  0x00002f77      0x15c obj\debug\libs\stm32 board\spl\src\stm32f4xx_dma.o
 .debug_abbrev  0x000030d3      0x1ae obj\debug\libs\stm32 board\spl\src\stm32f4xx_exti.o
 .debug_abbrev  0x00003281      0x1ac obj\debug\libs\stm32 board\spl\src\stm32f4xx_gpio.o
 .debug_abbrev  0x0000342d      0x16b obj\debug\libs\stm32 board\spl\src\stm32f4xx_i2c.o
 .debug_abbrev  0x00003598      0x1ea obj\debug\libs\stm32 board\spl\src\stm32f4xx_rcc.o
 .debug_abbrev  0x00003782      0x16e obj\debug\libs\stm32 board\spl\src\stm32f4xx_spi.o
 .debug_abbrev  0x000038f0      0x138 obj\debug\libs\stm32 board\spl\src\stm32f4xx_syscfg.o
 .debug_abbrev  0x00003a28      0x18e obj\debug\libs\stm32 board\spl\src\stm32f4xx_tim.o
 .debug_abbrev  0x00003bb6       0x14 obj\debug\libs\stm32 board\src\startup_stm32f4xx.o
 .debug_abbrev  0x00003bca      0x13d obj\debug\libs\stm32 board\src\system_stm32f4xx.o
 .debug_abbrev  0x00003d07      0x305 obj\debug\main.o

.debug_aranges  0x00000000     0x1600
 .debug_aranges
                0x00000000       0x18 obj\debug\libs\display\src\font12.o
 .debug_aranges
                0x00000018       0x18 obj\debug\libs\display\src\font24.o
 .debug_aranges
                0x00000030       0x88 obj\debug\libs\display\src\st7735.o
 .debug_aranges
                0x000000b8      0x130 obj\debug\libs\display\src\stm32_adafruit_lcd.o
 .debug_aranges
                0x000001e8       0x28 obj\debug\libs\freertos\freertos_glue.o
 .debug_aranges
                0x00000210       0x38 obj\debug\libs\freertos\source\heap_1.o
 .debug_aranges
                0x00000248       0x40 obj\debug\libs\freertos\source\list.o
 .debug_aranges
                0x00000288       0x80 obj\debug\libs\freertos\source\portable\port.o
 .debug_aranges
                0x00000308      0x118 obj\debug\libs\freertos\source\queue.o
 .debug_aranges
                0x00000420      0x1f0 obj\debug\libs\freertos\source\tasks.o
 .debug_aranges
                0x00000610       0xb8 obj\debug\libs\freertos\source\timers.o
 .debug_aranges
                0x000006c8       0x60 obj\debug\libs\hal\src\em_i2c.o
 .debug_aranges
                0x00000728       0x78 obj\debug\libs\hal\src\em_interrupts.o
 .debug_aranges
                0x000007a0       0x58 obj\debug\libs\nnxt\src\nnxt_display_glue.o
 .debug_aranges
                0x000007f8       0x30 obj\debug\libs\nnxt\src\nnxt_filter.o
 .debug_aranges
                0x00000828       0x40 obj\debug\libs\nnxt\src\nnxt_i2c.o
 .debug_aranges
                0x00000868       0x40 obj\debug\libs\nnxt\src\nnxt_misc.o
 .debug_aranges
                0x000008a8       0x48 obj\debug\libs\nnxt\src\nnxt_motors.o
 .debug_aranges
                0x000008f0       0x78 obj\debug\libs\nnxt\src\nnxt_onboardperiph.o
 .debug_aranges
                0x00000968       0x20 obj\debug\libs\nnxt\src\nnxt_os_glue.o
 .debug_aranges
                0x00000988       0xa0 obj\debug\libs\nnxt\src\nnxt_sdcard_glue.o
 .debug_aranges
                0x00000a28       0x60 obj\debug\libs\nnxt\src\nnxt_sensors.o
 .debug_aranges
                0x00000a88       0x40 obj\debug\libs\nnxt\src\nnxt_startup.o
 .debug_aranges
                0x00000ac8       0x78 obj\debug\libs\spi\src\spidevice.o
 .debug_aranges
                0x00000b40       0x40 obj\debug\libs\stm32 board\spl\src\misc.o
 .debug_aranges
                0x00000b80      0x148 obj\debug\libs\stm32 board\spl\src\stm32f4xx_adc.o
 .debug_aranges
                0x00000cc8       0xb0 obj\debug\libs\stm32 board\spl\src\stm32f4xx_dma.o
 .debug_aranges
                0x00000d78       0x58 obj\debug\libs\stm32 board\spl\src\stm32f4xx_exti.o
 .debug_aranges
                0x00000dd0       0x88 obj\debug\libs\stm32 board\spl\src\stm32f4xx_gpio.o
 .debug_aranges
                0x00000e58      0x130 obj\debug\libs\stm32 board\spl\src\stm32f4xx_i2c.o
 .debug_aranges
                0x00000f88      0x178 obj\debug\libs\stm32 board\spl\src\stm32f4xx_rcc.o
 .debug_aranges
                0x00001100       0xe0 obj\debug\libs\stm32 board\spl\src\stm32f4xx_spi.o
 .debug_aranges
                0x000011e0       0x48 obj\debug\libs\stm32 board\spl\src\stm32f4xx_syscfg.o
 .debug_aranges
                0x00001228      0x2f8 obj\debug\libs\stm32 board\spl\src\stm32f4xx_tim.o
 .debug_aranges
                0x00001520       0x20 obj\debug\libs\stm32 board\src\startup_stm32f4xx.o
 .debug_aranges
                0x00001540       0x30 obj\debug\libs\stm32 board\src\system_stm32f4xx.o
 .debug_aranges
                0x00001570       0x90 obj\debug\main.o

.debug_macro    0x00000000    0x1841b
 .debug_macro   0x00000000       0x73 obj\debug\libs\display\src\font12.o
 .debug_macro   0x00000073      0x8b0 obj\debug\libs\display\src\font12.o
 .debug_macro   0x00000923       0x22 obj\debug\libs\display\src\font12.o
 .debug_macro   0x00000945       0x87 obj\debug\libs\display\src\font12.o
 .debug_macro   0x000009cc       0x44 obj\debug\libs\display\src\font12.o
 .debug_macro   0x00000a10       0xfd obj\debug\libs\display\src\font12.o
 .debug_macro   0x00000b0d       0x5e obj\debug\libs\display\src\font12.o
 .debug_macro   0x00000b6b      0x1df obj\debug\libs\display\src\font12.o
 .debug_macro   0x00000d4a       0x73 obj\debug\libs\display\src\font24.o
 .debug_macro   0x00000dbd       0xbb obj\debug\libs\display\src\st7735.o
 .debug_macro   0x00000e78      0x1bf obj\debug\libs\display\src\st7735.o
 .debug_macro   0x00001037       0x10 obj\debug\libs\display\src\st7735.o
 .debug_macro   0x00001047       0xc2 obj\debug\libs\display\src\stm32_adafruit_lcd.o
 .debug_macro   0x00001109       0x10 obj\debug\libs\display\src\stm32_adafruit_lcd.o
 .debug_macro   0x00001119       0x65 obj\debug\libs\display\src\stm32_adafruit_lcd.o
 .debug_macro   0x0000117e      0x34d obj\debug\libs\freertos\freertos_glue.o
 .debug_macro   0x000014cb      0x814 obj\debug\libs\freertos\freertos_glue.o
 .debug_macro   0x00001cdf       0x65 obj\debug\libs\freertos\freertos_glue.o
 .debug_macro   0x00001d44       0x35 obj\debug\libs\freertos\freertos_glue.o
 .debug_macro   0x00001d79       0x18 obj\debug\libs\freertos\freertos_glue.o
 .debug_macro   0x00001d91       0x42 obj\debug\libs\freertos\freertos_glue.o
 .debug_macro   0x00001dd3      0x8cb obj\debug\libs\freertos\freertos_glue.o
 .debug_macro   0x0000269e     0x9159 obj\debug\libs\freertos\freertos_glue.o
 .debug_macro   0x0000b7f7      0x44e obj\debug\libs\freertos\freertos_glue.o
 .debug_macro   0x0000bc45      0x3cf obj\debug\libs\freertos\freertos_glue.o
 .debug_macro   0x0000c014      0x111 obj\debug\libs\freertos\freertos_glue.o
 .debug_macro   0x0000c125      0x182 obj\debug\libs\freertos\freertos_glue.o
 .debug_macro   0x0000c2a7       0xb2 obj\debug\libs\freertos\freertos_glue.o
 .debug_macro   0x0000c359      0x146 obj\debug\libs\freertos\freertos_glue.o
 .debug_macro   0x0000c49f      0x477 obj\debug\libs\freertos\freertos_glue.o
 .debug_macro   0x0000c916       0xac obj\debug\libs\freertos\freertos_glue.o
 .debug_macro   0x0000c9c2      0x241 obj\debug\libs\freertos\freertos_glue.o
 .debug_macro   0x0000cc03      0x279 obj\debug\libs\freertos\freertos_glue.o
 .debug_macro   0x0000ce7c       0xb5 obj\debug\libs\freertos\freertos_glue.o
 .debug_macro   0x0000cf31      0x265 obj\debug\libs\freertos\freertos_glue.o
 .debug_macro   0x0000d196      0x2ba obj\debug\libs\freertos\freertos_glue.o
 .debug_macro   0x0000d450       0x64 obj\debug\libs\freertos\freertos_glue.o
 .debug_macro   0x0000d4b4       0xa6 obj\debug\libs\freertos\freertos_glue.o
 .debug_macro   0x0000d55a      0x538 obj\debug\libs\freertos\freertos_glue.o
 .debug_macro   0x0000da92       0x40 obj\debug\libs\freertos\freertos_glue.o
 .debug_macro   0x0000dad2      0x57a obj\debug\libs\freertos\freertos_glue.o
 .debug_macro   0x0000e04c      0x341 obj\debug\libs\freertos\freertos_glue.o
 .debug_macro   0x0000e38d      0x36a obj\debug\libs\freertos\freertos_glue.o
 .debug_macro   0x0000e6f7       0xdf obj\debug\libs\freertos\freertos_glue.o
 .debug_macro   0x0000e7d6      0x220 obj\debug\libs\freertos\freertos_glue.o
 .debug_macro   0x0000e9f6       0x34 obj\debug\libs\freertos\freertos_glue.o
 .debug_macro   0x0000ea2a       0x7f obj\debug\libs\freertos\freertos_glue.o
 .debug_macro   0x0000eaa9       0x35 obj\debug\libs\freertos\freertos_glue.o
 .debug_macro   0x0000eade      0x735 obj\debug\libs\freertos\freertos_glue.o
 .debug_macro   0x0000f213       0x2f obj\debug\libs\freertos\freertos_glue.o
 .debug_macro   0x0000f242      0x174 obj\debug\libs\freertos\freertos_glue.o
 .debug_macro   0x0000f3b6      0x116 obj\debug\libs\freertos\freertos_glue.o
 .debug_macro   0x0000f4cc      0x168 obj\debug\libs\freertos\freertos_glue.o
 .debug_macro   0x0000f634       0xeb obj\debug\libs\freertos\freertos_glue.o
 .debug_macro   0x0000f71f       0x10 obj\debug\libs\freertos\freertos_glue.o
 .debug_macro   0x0000f72f       0x1f obj\debug\libs\freertos\freertos_glue.o
 .debug_macro   0x0000f74e      0x3e5 obj\debug\libs\freertos\freertos_glue.o
 .debug_macro   0x0000fb33       0x94 obj\debug\libs\freertos\freertos_glue.o
 .debug_macro   0x0000fbc7       0x78 obj\debug\libs\freertos\freertos_glue.o
 .debug_macro   0x0000fc3f       0xc0 obj\debug\libs\freertos\freertos_glue.o
 .debug_macro   0x0000fcff       0x8c obj\debug\libs\freertos\freertos_glue.o
 .debug_macro   0x0000fd8b       0x34 obj\debug\libs\freertos\freertos_glue.o
 .debug_macro   0x0000fdbf       0x10 obj\debug\libs\freertos\freertos_glue.o
 .debug_macro   0x0000fdcf       0x52 obj\debug\libs\freertos\freertos_glue.o
 .debug_macro   0x0000fe21      0x30d obj\debug\libs\freertos\freertos_glue.o
 .debug_macro   0x0001012e       0x25 obj\debug\libs\freertos\freertos_glue.o
 .debug_macro   0x00010153      0x118 obj\debug\libs\freertos\freertos_glue.o
 .debug_macro   0x0001026b       0x2e obj\debug\libs\freertos\freertos_glue.o
 .debug_macro   0x00010299      0x1ad obj\debug\libs\freertos\source\heap_1.o
 .debug_macro   0x00010446      0x18c obj\debug\libs\freertos\source\list.o
 .debug_macro   0x000105d2      0x1ae obj\debug\libs\freertos\source\portable\port.o
 .debug_macro   0x00010780      0x1fe obj\debug\libs\freertos\source\queue.o
 .debug_macro   0x0001097e       0x16 obj\debug\libs\freertos\source\queue.o
 .debug_macro   0x00010994       0x35 obj\debug\libs\freertos\source\queue.o
 .debug_macro   0x000109c9      0x261 obj\debug\libs\freertos\source\tasks.o
 .debug_macro   0x00010c2a       0x11 obj\debug\libs\freertos\source\tasks.o
 .debug_macro   0x00010c3b      0x1c9 obj\debug\libs\freertos\source\timers.o
 .debug_macro   0x00010e04      0x31f obj\debug\libs\hal\src\em_i2c.o
 .debug_macro   0x00011123      0x73b obj\debug\libs\hal\src\em_i2c.o
 .debug_macro   0x0001185e      0x2b4 obj\debug\libs\hal\src\em_i2c.o
 .debug_macro   0x00011b12       0xf4 obj\debug\libs\hal\src\em_i2c.o
 .debug_macro   0x00011c06       0x16 obj\debug\libs\hal\src\em_i2c.o
 .debug_macro   0x00011c1c       0x97 obj\debug\libs\hal\src\em_i2c.o
 .debug_macro   0x00011cb3       0xfd obj\debug\libs\hal\src\em_i2c.o
 .debug_macro   0x00011db0       0x10 obj\debug\libs\hal\src\em_i2c.o
 .debug_macro   0x00011dc0       0x10 obj\debug\libs\hal\src\em_i2c.o
 .debug_macro   0x00011dd0       0x1c obj\debug\libs\hal\src\em_i2c.o
 .debug_macro   0x00011dec       0x52 obj\debug\libs\hal\src\em_i2c.o
 .debug_macro   0x00011e3e       0x40 obj\debug\libs\hal\src\em_i2c.o
 .debug_macro   0x00011e7e       0x10 obj\debug\libs\hal\src\em_i2c.o
 .debug_macro   0x00011e8e       0x40 obj\debug\libs\hal\src\em_i2c.o
 .debug_macro   0x00011ece       0xd7 obj\debug\libs\hal\src\em_i2c.o
 .debug_macro   0x00011fa5       0x16 obj\debug\libs\hal\src\em_i2c.o
 .debug_macro   0x00011fbb      0x189 obj\debug\libs\hal\src\em_i2c.o
 .debug_macro   0x00012144      0x310 obj\debug\libs\hal\src\em_interrupts.o
 .debug_macro   0x00012454      0x25f obj\debug\libs\hal\src\em_interrupts.o
 .debug_macro   0x000126b3       0x2e obj\debug\libs\hal\src\em_interrupts.o
 .debug_macro   0x000126e1       0x35 obj\debug\libs\hal\src\em_interrupts.o
 .debug_macro   0x00012716      0x34f obj\debug\libs\nnxt\src\nnxt_display_glue.o
 .debug_macro   0x00012a65       0x10 obj\debug\libs\nnxt\src\nnxt_display_glue.o
 .debug_macro   0x00012a75       0xad obj\debug\libs\nnxt\src\nnxt_filter.o
 .debug_macro   0x00012b22       0x82 obj\debug\libs\nnxt\src\nnxt_filter.o
 .debug_macro   0x00012ba4      0x45d obj\debug\libs\nnxt\src\nnxt_filter.o
 .debug_macro   0x00013001      0x308 obj\debug\libs\nnxt\src\nnxt_i2c.o
 .debug_macro   0x00013309       0x22 obj\debug\libs\nnxt\src\nnxt_i2c.o
 .debug_macro   0x0001332b      0x302 obj\debug\libs\nnxt\src\nnxt_misc.o
 .debug_macro   0x0001362d      0x1e5 obj\debug\libs\nnxt\src\nnxt_motors.o
 .debug_macro   0x00013812      0x2c7 obj\debug\libs\nnxt\src\nnxt_onboardperiph.o
 .debug_macro   0x00013ad9      0x80e obj\debug\libs\nnxt\src\nnxt_onboardperiph.o
 .debug_macro   0x000142e7      0x2ac obj\debug\libs\nnxt\src\nnxt_os_glue.o
 .debug_macro   0x00014593      0x371 obj\debug\libs\nnxt\src\nnxt_sdcard_glue.o
 .debug_macro   0x00014904       0xf8 obj\debug\libs\nnxt\src\nnxt_sdcard_glue.o
 .debug_macro   0x000149fc       0xf5 obj\debug\libs\nnxt\src\nnxt_sdcard_glue.o