Archive member included to satisfy reference by file (symbol)

c:/embitz/1.11/share/em_armgcc/bin/../lib/gcc/arm-none-eabi/5.4.1/armv7e-m/fpu\libgcc.a(_arm_addsubdf3.o)
                              obj\debug\libs\nnxt\src\nnxt_misc.o (__aeabi_dsub)
c:/embitz/1.11/share/em_armgcc/bin/../lib/gcc/arm-none-eabi/5.4.1/armv7e-m/fpu\libgcc.a(_arm_muldivdf3.o)
                              obj\debug\libs\nnxt\src\nnxt_misc.o (__aeabi_dmul)
c:/embitz/1.11/share/em_armgcc/bin/../lib/gcc/arm-none-eabi/5.4.1/armv7e-m/fpu\libgcc.a(_arm_fixdfsi.o)
                              obj\debug\libs\nnxt\src\nnxt_misc.o (__aeabi_d2iz)
c:/embitz/1.11/share/em_armgcc/bin/../lib/gcc/arm-none-eabi/5.4.1/../../../../arm-none-eabi/lib/armv7e-m/fpu\libg_n.a(lib_a-exit.o)
                              c:/embitz/1.11/share/em_armgcc/bin/../lib/gcc/arm-none-eabi/5.4.1/../../../../arm-none-eabi/lib/armv7e-m/fpu/crt0.o (exit)
c:/embitz/1.11/share/em_armgcc/bin/../lib/gcc/arm-none-eabi/5.4.1/../../../../arm-none-eabi/lib/armv7e-m/fpu\libg_n.a(lib_a-impure.o)
                              c:/embitz/1.11/share/em_armgcc/bin/../lib/gcc/arm-none-eabi/5.4.1/../../../../arm-none-eabi/lib/armv7e-m/fpu\libg_n.a(lib_a-exit.o) (_global_impure_ptr)
c:/embitz/1.11/share/em_armgcc/bin/../lib/gcc/arm-none-eabi/5.4.1/../../../../arm-none-eabi/lib/armv7e-m/fpu\libg_n.a(lib_a-init.o)
                              c:/embitz/1.11/share/em_armgcc/bin/../lib/gcc/arm-none-eabi/5.4.1/../../../../arm-none-eabi/lib/armv7e-m/fpu/crt0.o (__libc_init_array)
c:/embitz/1.11/share/em_armgcc/bin/../lib/gcc/arm-none-eabi/5.4.1/../../../../arm-none-eabi/lib/armv7e-m/fpu\libg_n.a(lib_a-memcpy-stub.o)
                              obj\debug\libs\freertos\source\queue.o (memcpy)
c:/embitz/1.11/share/em_armgcc/bin/../lib/gcc/arm-none-eabi/5.4.1/../../../../arm-none-eabi/lib/armv7e-m/fpu\libg_n.a(lib_a-memset.o)
                              c:/embitz/1.11/share/em_armgcc/bin/../lib/gcc/arm-none-eabi/5.4.1/../../../../arm-none-eabi/lib/armv7e-m/fpu/crt0.o (memset)
c:/embitz/1.11/share/em_armgcc/bin/../lib/gcc/arm-none-eabi/5.4.1/../../../../arm-none-eabi/lib/armv7e-m/fpu\libg_n.a(lib_a-sprintf.o)
                              obj\debug\libs\nnxt\src\nnxt_misc.o (sprintf)
c:/embitz/1.11/share/em_armgcc/bin/../lib/gcc/arm-none-eabi/5.4.1/../../../../arm-none-eabi/lib/armv7e-m/fpu\libg_n.a(lib_a-nano-svfprintf.o)
                              c:/embitz/1.11/share/em_armgcc/bin/../lib/gcc/arm-none-eabi/5.4.1/../../../../arm-none-eabi/lib/armv7e-m/fpu\libg_n.a(lib_a-sprintf.o) (_svfprintf_r)
c:/embitz/1.11/share/em_armgcc/bin/../lib/gcc/arm-none-eabi/5.4.1/../../../../arm-none-eabi/lib/armv7e-m/fpu\libg_n.a(lib_a-nano-vfprintf_i.o)
                              c:/embitz/1.11/share/em_armgcc/bin/../lib/gcc/arm-none-eabi/5.4.1/../../../../arm-none-eabi/lib/armv7e-m/fpu\libg_n.a(lib_a-nano-svfprintf.o) (_printf_i)
c:/embitz/1.11/share/em_armgcc/bin/../lib/gcc/arm-none-eabi/5.4.1/../../../../arm-none-eabi/lib/armv7e-m/fpu\libg_n.a(lib_a-memchr.o)
                              c:/embitz/1.11/share/em_armgcc/bin/../lib/gcc/arm-none-eabi/5.4.1/../../../../arm-none-eabi/lib/armv7e-m/fpu\libg_n.a(lib_a-nano-svfprintf.o) (memchr)
c:/embitz/1.11/share/em_armgcc/bin/../lib/gcc/arm-none-eabi/5.4.1/../../../../arm-none-eabi/lib/armv7e-m/fpu\libg_n.a(lib_a-memmove.o)
                              c:/embitz/1.11/share/em_armgcc/bin/../lib/gcc/arm-none-eabi/5.4.1/../../../../arm-none-eabi/lib/armv7e-m/fpu\libg_n.a(lib_a-nano-svfprintf.o) (memmove)
c:/embitz/1.11/share/em_armgcc/bin/../lib/gcc/arm-none-eabi/5.4.1/../../../../arm-none-eabi/lib/armv7e-m/fpu\libg_n.a(lib_a-nano-freer.o)
                              c:/embitz/1.11/share/em_armgcc/bin/../lib/gcc/arm-none-eabi/5.4.1/../../../../arm-none-eabi/lib/armv7e-m/fpu\libg_n.a(lib_a-nano-svfprintf.o) (_free_r)
c:/embitz/1.11/share/em_armgcc/bin/../lib/gcc/arm-none-eabi/5.4.1/../../../../arm-none-eabi/lib/armv7e-m/fpu\libg_n.a(lib_a-nano-mallocr.o)
                              c:/embitz/1.11/share/em_armgcc/bin/../lib/gcc/arm-none-eabi/5.4.1/../../../../arm-none-eabi/lib/armv7e-m/fpu\libg_n.a(lib_a-nano-svfprintf.o) (_malloc_r)
c:/embitz/1.11/share/em_armgcc/bin/../lib/gcc/arm-none-eabi/5.4.1/../../../../arm-none-eabi/lib/armv7e-m/fpu\libg_n.a(lib_a-nano-reallocr.o)
                              c:/embitz/1.11/share/em_armgcc/bin/../lib/gcc/arm-none-eabi/5.4.1/../../../../arm-none-eabi/lib/armv7e-m/fpu\libg_n.a(lib_a-nano-svfprintf.o) (_realloc_r)
c:/embitz/1.11/share/em_armgcc/bin/../lib/gcc/arm-none-eabi/5.4.1/../../../../arm-none-eabi/lib/armv7e-m/fpu\libg_n.a(lib_a-sbrkr.o)
                              c:/embitz/1.11/share/em_armgcc/bin/../lib/gcc/arm-none-eabi/5.4.1/../../../../arm-none-eabi/lib/armv7e-m/fpu\libg_n.a(lib_a-nano-mallocr.o) (_sbrk_r)
c:/embitz/1.11/share/em_armgcc/bin/../lib/gcc/arm-none-eabi/5.4.1/../../../../arm-none-eabi/lib/armv7e-m/fpu\libg_n.a(lib_a-mlock.o)
[...]
Memory Configuration

Name             Origin             Length             Attributes
ROM              0x08000000         0x00100000         xr
RAM              0x20000000         0x00020000         xrw
CCRAM            0x10000000         0x00010000         xrw
*default*        0x00000000         0xffffffff

Linker script and memory map

LOAD c:/embitz/1.11/share/em_armgcc/bin/../lib/gcc/arm-none-eabi/5.4.1/armv7e-m/fpu/crti.o
LOAD c:/embitz/1.11/share/em_armgcc/bin/../lib/gcc/arm-none-eabi/5.4.1/armv7e-m/fpu/crtbegin.o
LOAD c:/embitz/1.11/share/em_armgcc/bin/../lib/gcc/arm-none-eabi/5.4.1/../../../../arm-none-eabi/lib/armv7e-m/fpu/crt0.o
                0x00000000                __HEAP_SIZE = 0x0
                0x00000100                __STACK_SIZE = 0x100

.text           0x08000000     0x9174
 *(.isr_vector)
 .isr_vector    0x08000000      0x188 obj\debug\libs\stm32 board\src\startup_stm32f4xx.o
                0x08000000                __isr_vector
 *(.text*)
 .text          0x08000188       0x5c c:/embitz/1.11/share/em_armgcc/bin/../lib/gcc/arm-none-eabi/5.4.1/armv7e-m/fpu/crtbegin.o
 .text.st7735_Init
                0x080001e4      0x288 obj\debug\libs\display\src\st7735.o
                0x080001e4                st7735_Init
 .text.st7735_DisplayOn
                0x0800046c       0x40 obj\debug\libs\display\src\st7735.o
                0x0800046c                st7735_DisplayOn
 .text.st7735_DisplayOff
                0x080004ac       0x40 obj\debug\libs\display\src\st7735.o
                0x080004ac                st7735_DisplayOff
 .text.st7735_SetCursor
                0x080004ec       0x80 obj\debug\libs\display\src\st7735.o
                0x080004ec                st7735_SetCursor
 .text.st7735_WritePixel
                0x0800056c       0x70 obj\debug\libs\display\src\st7735.o
                0x0800056c                st7735_WritePixel
 .text.st7735_WriteReg
                0x080005dc       0x2c obj\debug\libs\display\src\st7735.o
                0x080005dc                st7735_WriteReg
 .text.st7735_SetDisplayWindow
                0x08000608       0xfc obj\debug\libs\display\src\st7735.o
                0x08000608                st7735_SetDisplayWindow
 .text.st7735_DrawHLine
                0x08000704       0x68 obj\debug\libs\display\src\st7735.o
                0x08000704                st7735_DrawHLine
 .text.st7735_DrawVLine
                0x0800076c       0x6c obj\debug\libs\display\src\st7735.o
                0x0800076c                st7735_DrawVLine
 .text.st7735_GetLcdPixelWidth
                0x080007d8       0x18 obj\debug\libs\display\src\st7735.o
                0x080007d8                st7735_GetLcdPixelWidth
 .text.st7735_GetLcdPixelHeight
                0x080007f0       0x18 obj\debug\libs\display\src\st7735.o
                0x080007f0                st7735_GetLcdPixelHeight
 .text.st7735_DrawBitmap
                0x08000808       0xd4 obj\debug\libs\display\src\st7735.o
                0x08000808                st7735_DrawBitmap
 .text.st7735_Rotate
                0x080008dc       0xa0 obj\debug\libs\display\src\st7735.o
                0x080008dc                st7735_Rotate
 .text.st7735_Invert
                0x0800097c       0x24 obj\debug\libs\display\src\st7735.o
                0x0800097c                st7735_Invert
 .text.NNXT_LCD_INIT
                0x080009a0       0x5c obj\debug\libs\display\src\stm32_adafruit_lcd.o
                0x080009a0                NNXT_LCD_INIT
 .text.NNXT_LCD_GetXSize
                0x080009fc       0x18 obj\debug\libs\display\src\stm32_adafruit_lcd.o
                0x080009fc                NNXT_LCD_GetXSize
 .text.NNXT_LCD_GetYSize
                0x08000a14       0x18 obj\debug\libs\display\src\stm32_adafruit_lcd.o
                0x08000a14                NNXT_LCD_GetYSize
 .text.NNXT_LCD_SetFrontColor
                0x08000a2c       0x20 obj\debug\libs\display\src\stm32_adafruit_lcd.o
                0x08000a2c                NNXT_LCD_SetFrontColor
 .text.NNXT_LCD_SetFont
                0x08000a4c       0x20 obj\debug\libs\display\src\stm32_adafruit_lcd.o
                0x08000a4c                NNXT_LCD_SetFont
 .text.NNXT_LCD_GetFont
                0x08000a6c       0x18 obj\debug\libs\display\src\stm32_adafruit_lcd.o
                0x08000a6c                NNXT_LCD_GetFont
 .text.NNXT_LCD_Clear
                0x08000a84       0x50 obj\debug\libs\display\src\stm32_adafruit_lcd.o
                0x08000a84                NNXT_LCD_Clear
 .text.NNXT_LCD_DisplayChar
                0x08000ad4       0x54 obj\debug\libs\display\src\stm32_adafruit_lcd.o
                0x08000ad4                NNXT_LCD_DisplayChar
 .text.NNXT_LCD_DisplayStringAt
                0x08000b28      0x114 obj\debug\libs\display\src\stm32_adafruit_lcd.o
                0x08000b28                NNXT_LCD_DisplayStringAt
 .text.NNXT_LCD_DisplayStringAtLine
                0x08000c3c       0x30 obj\debug\libs\display\src\stm32_adafruit_lcd.o
                0x08000c3c                NNXT_LCD_DisplayStringAtLine
 .text.NNXT_LCD_DrawPixel
                0x08000c6c       0x38 obj\debug\libs\display\src\stm32_adafruit_lcd.o
                0x08000c6c                NNXT_LCD_DrawPixel
 .text.NNXT_LCD_DrawHLine
                0x08000ca4       0x74 obj\debug\libs\display\src\stm32_adafruit_lcd.o
                0x08000ca4                NNXT_LCD_DrawHLine
 .text.NNXT_LCD_DrawBitmap
                0x08000d18       0xbc obj\debug\libs\display\src\stm32_adafruit_lcd.o
                0x08000d18                NNXT_LCD_DrawBitmap
 .text.NNXT_LCD_FillRect
                0x08000dd4       0x50 obj\debug\libs\display\src\stm32_adafruit_lcd.o
                0x08000dd4                NNXT_LCD_FillRect
 .text.DrawChar
                0x08000e24      0x1e4 obj\debug\libs\display\src\stm32_adafruit_lcd.o
 .text.SetDisplayWindow
                0x08001008       0x44 obj\debug\libs\display\src\stm32_adafruit_lcd.o
 .text.NNXT_LCD_Rotate
                0x0800104c       0x24 obj\debug\libs\display\src\stm32_adafruit_lcd.o
                0x0800104c                NNXT_LCD_Rotate
 .text.NNXT_LCD_CalcColor
                0x08001070       0x4c obj\debug\libs\display\src\stm32_adafruit_lcd.o
                0x08001070                NNXT_LCD_CalcColor
 .text.vListInsertEnd
                0x080010bc       0x48 obj\debug\libs\freertos\source\list.o
                0x080010bc                vListInsertEnd
 .text.vListInsert
                0x08001104       0x74 obj\debug\libs\freertos\source\list.o
                0x08001104                vListInsert
 .text.uxListRemove
                0x08001178       0x54 obj\debug\libs\freertos\source\list.o
                0x08001178                uxListRemove
 *fill*         0x080011cc        0x4 
 .text.SVC_Handler
                0x080011d0       0x28 obj\debug\libs\freertos\source\portable\port.o
                0x080011d0                SVC_Handler
 .text.vPortEnterCritical
                0x080011f8       0x5c obj\debug\libs\freertos\source\portable\port.o
                0x080011f8                vPortEnterCritical
 .text.vPortExitCritical
                0x08001254       0x50 obj\debug\libs\freertos\source\portable\port.o
                0x08001254                vPortExitCritical
 *fill*         0x080012a4        0xc 
 .text.PendSV_Handler
                0x080012b0       0x68 obj\debug\libs\freertos\source\portable\port.o
                0x080012b0                PendSV_Handler
 .text.SysTick_Handler
                0x08001318       0x40 obj\debug\libs\freertos\source\portable\port.o
                0x08001318                SysTick_Handler
 .text.vPortValidateInterruptPriority
                0x08001358       0x7c obj\debug\libs\freertos\source\portable\port.o
                0x08001358                vPortValidateInterruptPriority
 .text.vTaskDelay
                0x080013d4       0x68 obj\debug\libs\freertos\source\tasks.o
                0x080013d4                vTaskDelay
 .text.vTaskSuspend
                0x0800143c      0x110 obj\debug\libs\freertos\source\tasks.o
                0x0800143c                vTaskSuspend
 .text.vTaskSuspendAll
                0x0800154c       0x1c obj\debug\libs\freertos\source\tasks.o
                0x0800154c                vTaskSuspendAll
 .text.xTaskResumeAll
                0x08001568      0x138 obj\debug\libs\freertos\source\tasks.o
                0x08001568                xTaskResumeAll
 .text.xTaskGetTickCount
                0x080016a0       0x20 obj\debug\libs\freertos\source\tasks.o
                0x080016a0                xTaskGetTickCount
 .text.xTaskIncrementTick
                0x080016c0      0x178 obj\debug\libs\freertos\source\tasks.o
                0x080016c0                xTaskIncrementTick
 .text.vTaskSwitchContext
                0x08001838       0xb4 obj\debug\libs\freertos\source\tasks.o
                0x08001838                vTaskSwitchContext
 .text.prvResetNextTaskUnblockTime
                0x080018ec       0x4c obj\debug\libs\freertos\source\tasks.o
 .text.xTaskGenericNotifyFromISR
                0x08001938      0x18c obj\debug\libs\freertos\source\tasks.o
                0x08001938                xTaskGenericNotifyFromISR
 .text.prvAddCurrentTaskToDelayedList
                0x08001ac4       0xcc obj\debug\libs\freertos\source\tasks.o
 .text.I2C_Send_Start
                0x08001b90      0x100 obj\debug\libs\hal\src\em_i2c.o
 .text.I2C_Stop
                0x08001c90       0x18 obj\debug\libs\hal\src\em_i2c.o
 .text.I2C_ReadByte
                0x08001ca8       0x54 obj\debug\libs\hal\src\em_i2c.o
 .text.EM_I2C1_Init
                0x08001cfc       0xa4 obj\debug\libs\hal\src\em_i2c.o
                0x08001cfc                EM_I2C1_Init
 .text.EM_I2C2_Init
                0x08001da0       0xa4 obj\debug\libs\hal\src\em_i2c.o
                0x08001da0                EM_I2C2_Init
 .text.EM_I2C_Write
                0x08001e44       0x74 obj\debug\libs\hal\src\em_i2c.o
                0x08001e44                EM_I2C_Write
 .text.EM_I2C_Read
                0x08001eb8       0x80 obj\debug\libs\hal\src\em_i2c.o
                0x08001eb8                EM_I2C_Read
 .text.EM_I2C_ResetPins
                0x08001f38       0x48 obj\debug\libs\hal\src\em_i2c.o
                0x08001f38                EM_I2C_ResetPins
 .text.NVIC_SystemReset
                0x08001f80       0x28 obj\debug\libs\hal\src\em_interrupts.o
 .text.NMI_Handler
                0x08001fa8       0x10 obj\debug\libs\hal\src\em_interrupts.o
                0x08001fa8                NMI_Handler
 .text.HardFault_Handler
                0x08001fb8        0x8 obj\debug\libs\hal\src\em_interrupts.o
                0x08001fb8                HardFault_Handler
 .text.MemManage_Handler
                0x08001fc0        0x8 obj\debug\libs\hal\src\em_interrupts.o
                0x08001fc0                MemManage_Handler
 .text.BusFault_Handler
                0x08001fc8        0x8 obj\debug\libs\hal\src\em_interrupts.o
                0x08001fc8                BusFault_Handler
 .text.UsageFault_Handler
                0x08001fd0        0x8 obj\debug\libs\hal\src\em_interrupts.o
                0x08001fd0                UsageFault_Handler
 .text.DebugMon_Handler
                0x08001fd8       0x10 obj\debug\libs\hal\src\em_interrupts.o
                0x08001fd8                DebugMon_Handler
 .text.EXTI0_IRQHandler
                0x08001fe8       0x44 obj\debug\libs\hal\src\em_interrupts.o
                0x08001fe8                EXTI0_IRQHandler
 .text.EXTI1_IRQHandler
                0x0800202c       0x10 obj\debug\libs\hal\src\em_interrupts.o
                0x0800202c                EXTI1_IRQHandler
 .text.EXTI2_IRQHandler
                0x0800203c       0x58 obj\debug\libs\hal\src\em_interrupts.o
                0x0800203c                EXTI2_IRQHandler
 .text.EXTI15_10_IRQHandler
                0x08002094      0x10c obj\debug\libs\hal\src\em_interrupts.o
                0x08002094                EXTI15_10_IRQHandler
 .text.EXTI9_5_IRQHandler
                0x080021a0       0xac obj\debug\libs\hal\src\em_interrupts.o
                0x080021a0                EXTI9_5_IRQHandler
 .text.WriteCommand
                0x0800224c       0x34 obj\debug\libs\nnxt\src\nnxt_display_glue.o
 .text.WriteData8
                0x08002280       0x34 obj\debug\libs\nnxt\src\nnxt_display_glue.o
 .text.WriteData16
                0x080022b4       0x34 obj\debug\libs\nnxt\src\nnxt_display_glue.o
 .text.LCD_IO_Init
                0x080022e8      0x158 obj\debug\libs\nnxt\src\nnxt_display_glue.o
                0x080022e8                LCD_IO_Init
 .text.LCD_IO_WriteMultipleData8
                0x08002440       0x1c obj\debug\libs\nnxt\src\nnxt_display_glue.o
                0x08002440                LCD_IO_WriteMultipleData8
 .text.LCD_IO_WriteMultipleData16
                0x0800245c       0x1c obj\debug\libs\nnxt\src\nnxt_display_glue.o
                0x0800245c                LCD_IO_WriteMultipleData16
 .text.LCD_IO_WriteReg
                0x08002478       0x1c obj\debug\libs\nnxt\src\nnxt_display_glue.o
                0x08002478                LCD_IO_WriteReg
 .text.LCD_Delay
                0x08002494       0x64 obj\debug\libs\nnxt\src\nnxt_display_glue.o
                0x08002494                LCD_Delay
 .text.InitFloatAvg
                0x080024f8       0x3c obj\debug\libs\nnxt\src\nnxt_filter.o
                0x080024f8                InitFloatAvg
 .text.I2C_MuxConfig
                0x08002534       0x88 obj\debug\libs\nnxt\src\nnxt_i2c.o
                0x08002534                I2C_MuxConfig
 .text.nnxt_I2C_Init
                0x080025bc       0x10 obj\debug\libs\nnxt\src\nnxt_i2c.o
                0x080025bc                nnxt_I2C_Init
 .text.nnxt_I2C_Write
                0x080025cc       0xcc obj\debug\libs\nnxt\src\nnxt_i2c.o
                0x080025cc                nnxt_I2C_Write
 .text.nnxt_I2C_Read
                0x08002698       0xcc obj\debug\libs\nnxt\src\nnxt_i2c.o
                0x08002698                nnxt_I2C_Read
 .text.nnxt_I2C_ResetPins
                0x08002764       0x30 obj\debug\libs\nnxt\src\nnxt_i2c.o
                0x08002764                nnxt_I2C_ResetPins
 .text.NVIC_SystemReset
                0x08002794       0x28 obj\debug\libs\nnxt\src\nnxt_misc.o
 .text.SystemSoftwareReset
                0x080027bc        0xc obj\debug\libs\nnxt\src\nnxt_misc.o
                0x080027bc                SystemSoftwareReset
 .text.DisplayResetButton
                0x080027c8      0x16c obj\debug\libs\nnxt\src\nnxt_misc.o
                0x080027c8                DisplayResetButton
 .text.SoftwareStop
                0x08002934       0x94 obj\debug\libs\nnxt\src\nnxt_misc.o
                0x08002934                SoftwareStop
 .text.NVIC_EnableIRQ
                0x080029c8       0x34 obj\debug\libs\nnxt\src\nnxt_motors.o
 .text.NVIC_DisableIRQ
                0x080029fc       0x34 obj\debug\libs\nnxt\src\nnxt_motors.o
 .text.MotorPortInit
                0x08002a30      0x420 obj\debug\libs\nnxt\src\nnxt_motors.o
                0x08002a30                MotorPortInit
 .text.Motor_Drive
                0x08002e50      0x174 obj\debug\libs\nnxt\src\nnxt_motors.o
                0x08002e50                Motor_Drive
 .text.Motor_Stop
                0x08002fc4      0x128 obj\debug\libs\nnxt\src\nnxt_motors.o
                0x08002fc4                Motor_Stop
 .text.OnBoardPeriph_LED_Init
                0x080030ec       0x98 obj\debug\libs\nnxt\src\nnxt_onboardperiph.o
                0x080030ec                OnBoardPeriph_LED_Init
 .text.OnBoardPeriph_Button_Init
                0x08003184       0xf0 obj\debug\libs\nnxt\src\nnxt_onboardperiph.o
                0x08003184                OnBoardPeriph_Button_Init
 .text.OnBoardPeriph_Button_GetState
                0x08003274       0x50 obj\debug\libs\nnxt\src\nnxt_onboardperiph.o
                0x08003274                OnBoardPeriph_Button_GetState
 .text.OnBoardPeriph_Button_ConnectFunction
                0x080032c4       0x58 obj\debug\libs\nnxt\src\nnxt_onboardperiph.o
                0x080032c4                OnBoardPeriph_Button_ConnectFunction
 .text.OnBoardPeriph_I2CMux_Init
                0x0800331c       0x3c obj\debug\libs\nnxt\src\nnxt_onboardperiph.o
                0x0800331c                OnBoardPeriph_I2CMux_Init
 .text.OnBoardPeriph_I2CMux_Reset
                0x08003358       0xd0 obj\debug\libs\nnxt\src\nnxt_onboardperiph.o
                0x08003358                OnBoardPeriph_I2CMux_Reset
 .text.OnBoardPeriph_Beep_Init
                0x08003428       0xd0 obj\debug\libs\nnxt\src\nnxt_onboardperiph.o
                0x08003428                OnBoardPeriph_Beep_Init
 .text.OnBoardPeriph_BeepCMD
                0x080034f8       0x20 obj\debug\libs\nnxt\src\nnxt_onboardperiph.o
                0x080034f8                OnBoardPeriph_BeepCMD
 .text.MakePreOSSysTick
                0x08003518       0x1c obj\debug\libs\nnxt\src\nnxt_os_glue.o
                0x08003518                MakePreOSSysTick
 .text.SDCard_Init
                0x08003534       0x84 obj\debug\libs\nnxt\src\nnxt_sdcard_glue.o
                0x08003534                SDCard_Init
 .text.TIM2_IRQHandler
                0x080035b8       0x78 obj\debug\libs\nnxt\src\nnxt_sdcard_glue.o
                0x080035b8                TIM2_IRQHandler
 .text.SensorUSConfig
                0x08003630      0x148 obj\debug\libs\nnxt\src\nnxt_sensors.o
 .text.SensorTouchConfig
                0x08003778       0xcc obj\debug\libs\nnxt\src\nnxt_sensors.o
 .text.SensorPortInit
                0x08003844      0x23c obj\debug\libs\nnxt\src\nnxt_sensors.o
                0x08003844                SensorPortInit
 .text.SensorConfig
                0x08003a80       0xa0 obj\debug\libs\nnxt\src\nnxt_sensors.o
                0x08003a80                SensorConfig
 .text.US_GetDistance
                0x08003b20      0x2b4 obj\debug\libs\nnxt\src\nnxt_sensors.o
                0x08003b20                US_GetDistance
 .text.SensorADCs_Init
                0x08003dd4       0xfc obj\debug\libs\nnxt\src\nnxt_sensors.o
                0x08003dd4                SensorADCs_Init
 .text.NVIC_SetPriority
                0x08003ed0       0x54 obj\debug\libs\nnxt\src\nnxt_startup.o
 .text.SysTick_Config
                0x08003f24       0x44 obj\debug\libs\nnxt\src\nnxt_startup.o
 .text.donothing
                0x08003f68       0x10 obj\debug\libs\nnxt\src\nnxt_startup.o
                0x08003f68                donothing
 .text.Startup_NNXT
                0x08003f78      0x364 obj\debug\libs\nnxt\src\nnxt_startup.o
                0x08003f78                Startup_NNXT
 .text.DisplayStartButton
                0x080042dc      0x160 obj\debug\libs\nnxt\src\nnxt_startup.o
                0x080042dc                DisplayStartButton
 .text.SPI_Flush
                0x0800443c       0x30 obj\debug\libs\spi\src\spidevice.o
 .text.SPI1_ClearOVR
                0x0800446c       0x14 obj\debug\libs\spi\src\spidevice.o
 .text.SPI_Startup_Init
                0x08004480       0xbc obj\debug\libs\spi\src\spidevice.o
                0x08004480                SPI_Startup_Init
 .text.ChangeSettings
                0x0800453c       0x74 obj\debug\libs\spi\src\spidevice.o
                0x0800453c                ChangeSettings
 .text.SPI_Write8
                0x080045b0       0xb8 obj\debug\libs\spi\src\spidevice.o
                0x080045b0                SPI_Write8
 .text.SPI_Write16
                0x08004668       0xb8 obj\debug\libs\spi\src\spidevice.o
                0x08004668                SPI_Write16
 .text.SPI_ReadWrite8
                0x08004720       0xf8 obj\debug\libs\spi\src\spidevice.o
                0x08004720                SPI_ReadWrite8
 .text.SetChipSelect
                0x08004818       0x60 obj\debug\libs\spi\src\spidevice.o
                0x08004818                SetChipSelect
 .text.ResetChipSelect
                0x08004878       0x60 obj\debug\libs\spi\src\spidevice.o
                0x08004878                ResetChipSelect
 .text.NVIC_PriorityGroupConfig
                0x080048d8       0x28 obj\debug\libs\stm32 board\spl\src\misc.o
                0x080048d8                NVIC_PriorityGroupConfig
 .text.NVIC_Init
                0x08004900       0xc4 obj\debug\libs\stm32 board\spl\src\misc.o
                0x08004900                NVIC_Init
 .text.ADC_Init
                0x080049c4       0xac obj\debug\libs\stm32 board\spl\src\stm32f4xx_adc.o
                0x080049c4                ADC_Init
 .text.ADC_CommonInit
                0x08004a70       0x50 obj\debug\libs\stm32 board\spl\src\stm32f4xx_adc.o
                0x08004a70                ADC_CommonInit
 .text.ADC_Cmd  0x08004ac0       0x38 obj\debug\libs\stm32 board\spl\src\stm32f4xx_adc.o
                0x08004ac0                ADC_Cmd
 .text.ADC_RegularChannelConfig
                0x08004af8      0x194 obj\debug\libs\stm32 board\spl\src\stm32f4xx_adc.o
                0x08004af8                ADC_RegularChannelConfig
 .text.ADC_SoftwareStartConv
                0x08004c8c       0x20 obj\debug\libs\stm32 board\spl\src\stm32f4xx_adc.o
                0x08004c8c                ADC_SoftwareStartConv
 .text.ADC_DMACmd
                0x08004cac       0x38 obj\debug\libs\stm32 board\spl\src\stm32f4xx_adc.o
                0x08004cac                ADC_DMACmd
 .text.ADC_DMARequestAfterLastTransferCmd
                0x08004ce4       0x38 obj\debug\libs\stm32 board\spl\src\stm32f4xx_adc.o
                0x08004ce4                ADC_DMARequestAfterLastTransferCmd
 .text.DMA_Init
                0x08004d1c       0xb0 obj\debug\libs\stm32 board\spl\src\stm32f4xx_dma.o
                0x08004d1c                DMA_Init
 .text.DMA_Cmd  0x08004dcc       0x38 obj\debug\libs\stm32 board\spl\src\stm32f4xx_dma.o
                0x08004dcc                DMA_Cmd
 .text.EXTI_Init
                0x08004e04       0xe4 obj\debug\libs\stm32 board\spl\src\stm32f4xx_exti.o
                0x08004e04                EXTI_Init
 .text.EXTI_GetITStatus
                0x08004ee8       0x48 obj\debug\libs\stm32 board\spl\src\stm32f4xx_exti.o
                0x08004ee8                EXTI_GetITStatus
 .text.EXTI_ClearITPendingBit
                0x08004f30       0x20 obj\debug\libs\stm32 board\spl\src\stm32f4xx_exti.o
                0x08004f30                EXTI_ClearITPendingBit
 .text.GPIO_DeInit
                0x08004f50      0x120 obj\debug\libs\stm32 board\spl\src\stm32f4xx_gpio.o
                0x08004f50                GPIO_DeInit
 .text.GPIO_Init
                0x08005070      0x11c obj\debug\libs\stm32 board\spl\src\stm32f4xx_gpio.o
                0x08005070                GPIO_Init
 .text.GPIO_ReadInputDataBit
                0x0800518c       0x34 obj\debug\libs\stm32 board\spl\src\stm32f4xx_gpio.o
                0x0800518c                GPIO_ReadInputDataBit
 .text.GPIO_ReadOutputDataBit
                0x080051c0       0x34 obj\debug\libs\stm32 board\spl\src\stm32f4xx_gpio.o
                0x080051c0                GPIO_ReadOutputDataBit
 .text.GPIO_SetBits
                0x080051f4       0x20 obj\debug\libs\stm32 board\spl\src\stm32f4xx_gpio.o
                0x080051f4                GPIO_SetBits
 .text.GPIO_ResetBits
                0x08005214       0x20 obj\debug\libs\stm32 board\spl\src\stm32f4xx_gpio.o
                0x08005214                GPIO_ResetBits
 .text.GPIO_PinAFConfig
                0x08005234       0x94 obj\debug\libs\stm32 board\spl\src\stm32f4xx_gpio.o
                0x08005234                GPIO_PinAFConfig
 .text.I2C_DeInit
                0x080052c8       0x74 obj\debug\libs\stm32 board\spl\src\stm32f4xx_i2c.o
                0x080052c8                I2C_DeInit
 .text.I2C_Init
                0x0800533c      0x184 obj\debug\libs\stm32 board\spl\src\stm32f4xx_i2c.o
                0x0800533c                I2C_Init
 .text.I2C_Cmd  0x080054c0       0x40 obj\debug\libs\stm32 board\spl\src\stm32f4xx_i2c.o
                0x080054c0                I2C_Cmd
 .text.I2C_GenerateSTART
                0x08005500       0x40 obj\debug\libs\stm32 board\spl\src\stm32f4xx_i2c.o
                0x08005500                I2C_GenerateSTART
 .text.I2C_GenerateSTOP
                0x08005540       0x40 obj\debug\libs\stm32 board\spl\src\stm32f4xx_i2c.o
                0x08005540                I2C_GenerateSTOP
 .text.I2C_Send7bitAddress
                0x08005580       0x3c obj\debug\libs\stm32 board\spl\src\stm32f4xx_i2c.o
                0x08005580                I2C_Send7bitAddress
 .text.I2C_AcknowledgeConfig
                0x080055bc       0x40 obj\debug\libs\stm32 board\spl\src\stm32f4xx_i2c.o
                0x080055bc                I2C_AcknowledgeConfig
 .text.I2C_SendData
                0x080055fc       0x20 obj\debug\libs\stm32 board\spl\src\stm32f4xx_i2c.o
                0x080055fc                I2C_SendData
 .text.I2C_ReceiveData
                0x0800561c       0x1c obj\debug\libs\stm32 board\spl\src\stm32f4xx_i2c.o
                0x0800561c                I2C_ReceiveData
 .text.I2C_CheckEvent
                0x08005638       0x60 obj\debug\libs\stm32 board\spl\src\stm32f4xx_i2c.o
                0x08005638                I2C_CheckEvent
 .text.I2C_GetFlagStatus
                0x08005698       0x68 obj\debug\libs\stm32 board\spl\src\stm32f4xx_i2c.o
                0x08005698                I2C_GetFlagStatus
 .text.RCC_GetClocksFreq
                0x08005700      0x154 obj\debug\libs\stm32 board\spl\src\stm32f4xx_rcc.o
                0x08005700                RCC_GetClocksFreq
 .text.RCC_AHB1PeriphClockCmd
                0x08005854       0x40 obj\debug\libs\stm32 board\spl\src\stm32f4xx_rcc.o
                0x08005854                RCC_AHB1PeriphClockCmd
 .text.RCC_AHB2PeriphClockCmd
                0x08005894       0x40 obj\debug\libs\stm32 board\spl\src\stm32f4xx_rcc.o
                0x08005894                RCC_AHB2PeriphClockCmd
 .text.RCC_APB1PeriphClockCmd
                0x080058d4       0x40 obj\debug\libs\stm32 board\spl\src\stm32f4xx_rcc.o
                0x080058d4                RCC_APB1PeriphClockCmd
 .text.RCC_APB2PeriphClockCmd
                0x08005914       0x40 obj\debug\libs\stm32 board\spl\src\stm32f4xx_rcc.o
                0x08005914                RCC_APB2PeriphClockCmd
 .text.RCC_AHB1PeriphResetCmd
                0x08005954       0x40 obj\debug\libs\stm32 board\spl\src\stm32f4xx_rcc.o
                0x08005954                RCC_AHB1PeriphResetCmd
 .text.RCC_APB1PeriphResetCmd
                0x08005994       0x40 obj\debug\libs\stm32 board\spl\src\stm32f4xx_rcc.o
                0x08005994                RCC_APB1PeriphResetCmd
 .text.RCC_APB2PeriphResetCmd
                0x080059d4       0x40 obj\debug\libs\stm32 board\spl\src\stm32f4xx_rcc.o
                0x080059d4                RCC_APB2PeriphResetCmd
 .text.SPI_I2S_DeInit
                0x08005a14       0x74 obj\debug\libs\stm32 board\spl\src\stm32f4xx_spi.o
                0x08005a14                SPI_I2S_DeInit
 .text.SPI_Init
                0x08005a88       0x88 obj\debug\libs\stm32 board\spl\src\stm32f4xx_spi.o
                0x08005a88                SPI_Init
 .text.SPI_Cmd  0x08005b10       0x40 obj\debug\libs\stm32 board\spl\src\stm32f4xx_spi.o
                0x08005b10                SPI_Cmd
 .text.SPI_DataSizeConfig
                0x08005b50       0x38 obj\debug\libs\stm32 board\spl\src\stm32f4xx_spi.o
                0x08005b50                SPI_DataSizeConfig
 .text.SPI_I2S_ReceiveData
                0x08005b88       0x1c obj\debug\libs\stm32 board\spl\src\stm32f4xx_spi.o
                0x08005b88                SPI_I2S_ReceiveData
 .text.SPI_I2S_SendData
                0x08005ba4       0x20 obj\debug\libs\stm32 board\spl\src\stm32f4xx_spi.o
                0x08005ba4                SPI_I2S_SendData
 .text.SPI_I2S_GetFlagStatus
                0x08005bc4       0x38 obj\debug\libs\stm32 board\spl\src\stm32f4xx_spi.o
                0x08005bc4                SPI_I2S_GetFlagStatus
 .text.SPI_I2S_ClearFlag
                0x08005bfc       0x24 obj\debug\libs\stm32 board\spl\src\stm32f4xx_spi.o
                0x08005bfc                SPI_I2S_ClearFlag
 .text.SYSCFG_EXTILineConfig
                0x08005c20       0x84 obj\debug\libs\stm32 board\spl\src\stm32f4xx_syscfg.o
                0x08005c20                SYSCFG_EXTILineConfig
 .text.TIM_TimeBaseInit
                0x08005ca4       0xd8 obj\debug\libs\stm32 board\spl\src\stm32f4xx_tim.o
                0x08005ca4                TIM_TimeBaseInit
 .text.TIM_GetCounter
                0x08005d7c       0x18 obj\debug\libs\stm32 board\spl\src\stm32f4xx_tim.o
                0x08005d7c                TIM_GetCounter
 .text.TIM_Cmd  0x08005d94       0x40 obj\debug\libs\stm32 board\spl\src\stm32f4xx_tim.o
                0x08005d94                TIM_Cmd
 .text.TIM_OC1Init
                0x08005dd4       0xf4 obj\debug\libs\stm32 board\spl\src\stm32f4xx_tim.o
                0x08005dd4                TIM_OC1Init
 .text.TIM_OC3Init
                0x08005ec8      0x10c obj\debug\libs\stm32 board\spl\src\stm32f4xx_tim.o
                0x08005ec8                TIM_OC3Init
 .text.TIM_SetCompare1
                0x08005fd4       0x1c obj\debug\libs\stm32 board\spl\src\stm32f4xx_tim.o
                0x08005fd4                TIM_SetCompare1
 .text.TIM_OC1PreloadConfig
                0x08005ff0       0x38 obj\debug\libs\stm32 board\spl\src\stm32f4xx_tim.o
                0x08005ff0                TIM_OC1PreloadConfig
 .text.TIM_OC3PreloadConfig
                0x08006028       0x38 obj\debug\libs\stm32 board\spl\src\stm32f4xx_tim.o
                0x08006028                TIM_OC3PreloadConfig
 .text.TIM_CtrlPWMOutputs
                0x08006060       0x4c obj\debug\libs\stm32 board\spl\src\stm32f4xx_tim.o
                0x08006060                TIM_CtrlPWMOutputs
 .text.TIM_GetFlagStatus
                0x080060ac       0x38 obj\debug\libs\stm32 board\spl\src\stm32f4xx_tim.o
                0x080060ac                TIM_GetFlagStatus
 .text.TIM_ClearFlag
                0x080060e4       0x24 obj\debug\libs\stm32 board\spl\src\stm32f4xx_tim.o
                0x080060e4                TIM_ClearFlag
 .text.TIM_GetITStatus
                0x08006108       0x54 obj\debug\libs\stm32 board\spl\src\stm32f4xx_tim.o
                0x08006108                TIM_GetITStatus
 .text.TIM_ClearITPendingBit
                0x0800615c       0x24 obj\debug\libs\stm32 board\spl\src\stm32f4xx_tim.o
                0x0800615c                TIM_ClearITPendingBit
 .text          0x08006180      0x104 obj\debug\libs\stm32 board\src\startup_stm32f4xx.o
                0x08006180                Reset_Handler
                0x080061c4                Default_Handler
                0x080061c6                WWDG_IRQHandler
                0x080061c8                PVD_IRQHandler
                0x080061ca                TAMP_STAMP_IRQHandler
                0x080061cc                RTC_WKUP_IRQHandler
                0x080061ce                FLASH_IRQHandler
                0x080061d0                RCC_IRQHandler
                0x080061d8                EXTI3_IRQHandler
                0x080061da                EXTI4_IRQHandler
                0x080061dc                DMA1_Stream0_IRQHandler
                0x080061de                DMA1_Stream1_IRQHandler
                0x080061e0                DMA1_Stream2_IRQHandler
                0x080061e2                DMA1_Stream3_IRQHandler
                0x080061e4                DMA1_Stream4_IRQHandler
                0x080061e6                DMA1_Stream5_IRQHandler
                0x080061e8                DMA1_Stream6_IRQHandler
                0x080061ea                ADC_IRQHandler
                0x080061ec                CAN1_TX_IRQHandler
                0x080061ee                CAN1_RX0_IRQHandler
                0x080061f0                CAN1_RX1_IRQHandler
                0x080061f2                CAN1_SCE_IRQHandler
                0x080061f6                TIM1_BRK_TIM9_IRQHandler
                0x080061f8                TIM1_UP_TIM10_IRQHandler
                0x080061fa                TIM1_TRG_COM_TIM11_IRQHandler
                0x080061fc                TIM1_CC_IRQHandler
                0x08006200                TIM3_IRQHandler
                0x08006202                TIM4_IRQHandler
                0x08006204                I2C1_EV_IRQHandler
                0x08006206                I2C1_ER_IRQHandler
                0x08006208                I2C2_EV_IRQHandler
                0x0800620a                I2C2_ER_IRQHandler
                0x0800620c                SPI1_IRQHandler
                0x0800620e                SPI2_IRQHandler
                0x08006210                USART1_IRQHandler
                0x08006212                USART2_IRQHandler
                0x08006214                USART3_IRQHandler
                0x08006218                RTC_Alarm_IRQHandler
                0x0800621a                OTG_FS_WKUP_IRQHandler
                0x0800621c                TIM8_BRK_TIM12_IRQHandler
                0x0800621e                TIM8_UP_TIM13_IRQHandler
                0x08006220                TIM8_TRG_COM_TIM14_IRQHandler
                0x08006222                TIM8_CC_IRQHandler
                0x08006224                DMA1_Stream7_IRQHandler
                0x08006226                FSMC_IRQHandler
                0x08006228                SDIO_IRQHandler
                0x0800622a                TIM5_IRQHandler
                0x0800622c                SPI3_IRQHandler
                0x0800622e                UART4_IRQHandler
                0x08006230                UART5_IRQHandler
                0x08006232                TIM6_DAC_IRQHandler
                0x08006234                TIM7_IRQHandler
                0x08006236                DMA2_Stream0_IRQHandler
                0x08006238                DMA2_Stream1_IRQHandler
                0x0800623a                DMA2_Stream2_IRQHandler
                0x0800623c                DMA2_Stream3_IRQHandler
                0x0800623e                DMA2_Stream4_IRQHandler
                0x08006240                ETH_IRQHandler
                0x08006242                ETH_WKUP_IRQHandler
                0x08006244                CAN2_TX_IRQHandler
                0x08006246                CAN2_RX0_IRQHandler
                0x08006248                CAN2_RX1_IRQHandler
                0x0800624a                CAN2_SCE_IRQHandler
                0x0800624c                OTG_FS_IRQHandler
                0x0800624e                DMA2_Stream5_IRQHandler
                0x08006250                DMA2_Stream6_IRQHandler
                0x08006252                DMA2_Stream7_IRQHandler
                0x08006254                USART6_IRQHandler
                0x08006256                I2C3_EV_IRQHandler
                0x08006258                I2C3_ER_IRQHandler
                0x0800625a                OTG_HS_EP1_OUT_IRQHandler
                0x0800625c                OTG_HS_EP1_IN_IRQHandler
                0x0800625e                OTG_HS_WKUP_IRQHandler
                0x08006260                OTG_HS_IRQHandler
                0x08006262                DCMI_IRQHandler
                0x08006264                CRYP_IRQHandler
                0x08006266                HASH_RNG_IRQHandler
                0x08006268                FPU_IRQHandler
 .text.SystemInit
                0x08006284       0x5c obj\debug\libs\stm32 board\src\system_stm32f4xx.o
                0x08006284                SystemInit
 .text.SetSysClock
                0x080062e0      0x128 obj\debug\libs\stm32 board\src\system_stm32f4xx.o
 .text.main     0x08006408      0x124 obj\debug\main.o
                0x08006408                main
 .text.detektiereObjekt
                0x0800652c       0x54 obj\debug\main.o
                0x0800652c                detektiereObjekt
 .text.memcpy   0x08006580       0x16 c:/embitz/1.11/share/em_armgcc/bin/../lib/gcc/arm-none-eabi/5.4.1/../../../../arm-none-eabi/lib/armv7e-m/fpu\libg_n.a(lib_a-memcpy-stub.o)
                0x08006580                memcpy
 *fill*         0x08006596        0x2 
 .text.sprintf  0x08006598       0x48 c:/embitz/1.11/share/em_armgcc/bin/../lib/gcc/arm-none-eabi/5.4.1/../../../../arm-none-eabi/lib/armv7e-m/fpu\libg_n.a(lib_a-sprintf.o)
                0x08006598                siprintf
                0x08006598                sprintf
 .text.__ssputs_r
                0x080065e0       0xb2 c:/embitz/1.11/share/em_armgcc/bin/../lib/gcc/arm-none-eabi/5.4.1/../../../../arm-none-eabi/lib/armv7e-m/fpu\libg_n.a(lib_a-nano-svfprintf.o)
                0x080065e0                __ssputs_r
 *fill*         0x08006692        0x2 
 .text._svfprintf_r
                0x08006694      0x1e8 c:/embitz/1.11/share/em_armgcc/bin/../lib/gcc/arm-none-eabi/5.4.1/../../../../arm-none-eabi/lib/armv7e-m/fpu\libg_n.a(lib_a-nano-svfprintf.o)
                0x08006694                _svfiprintf_r
                0x08006694                _svfprintf_r
 .text._printf_common
                0x0800687c       0xec c:/embitz/1.11/share/em_armgcc/bin/../lib/gcc/arm-none-eabi/5.4.1/../../../../arm-none-eabi/lib/armv7e-m/fpu\libg_n.a(lib_a-nano-vfprintf_i.o)
                0x0800687c                _printf_common
 .text._printf_i
                0x08006968      0x24c c:/embitz/1.11/share/em_armgcc/bin/../lib/gcc/arm-none-eabi/5.4.1/../../../../arm-none-eabi/lib/armv7e-m/fpu\libg_n.a(lib_a-nano-vfprintf_i.o)
                0x08006968                _printf_i
 *fill*         0x08006bb4        0xc 
 .text          0x08006bc0       0xa0 c:/embitz/1.11/share/em_armgcc/bin/../lib/gcc/arm-none-eabi/5.4.1/../../../../arm-none-eabi/lib/armv7e-m/fpu\libg_n.a(lib_a-memchr.o)
                0x08006bc0                memchr
 .text.memmove  0x08006c60       0x36 c:/embitz/1.11/share/em_armgcc/bin/../lib/gcc/arm-none-eabi/5.4.1/../../../../arm-none-eabi/lib/armv7e-m/fpu\libg_n.a(lib_a-memmove.o)
                0x08006c60                memmove
 *fill*         0x08006c96        0x2 
 .text._free_r  0x08006c98       0x9c c:/embitz/1.11/share/em_armgcc/bin/../lib/gcc/arm-none-eabi/5.4.1/../../../../arm-none-eabi/lib/armv7e-m/fpu\libg_n.a(lib_a-nano-freer.o)
                0x08006c98                _free_r
 .text._malloc_r
                0x08006d34       0xbc c:/embitz/1.11/share/em_armgcc/bin/../lib/gcc/arm-none-eabi/5.4.1/../../../../arm-none-eabi/lib/armv7e-m/fpu\libg_n.a(lib_a-nano-mallocr.o)
                0x08006d34                _malloc_r
 .text._realloc_r
                0x08006df0       0x4c c:/embitz/1.11/share/em_armgcc/bin/../lib/gcc/arm-none-eabi/5.4.1/../../../../arm-none-eabi/lib/armv7e-m/fpu\libg_n.a(lib_a-nano-reallocr.o)
                0x08006df0                _realloc_r
 .text._sbrk_r  0x08006e3c       0x20 c:/embitz/1.11/share/em_armgcc/bin/../lib/gcc/arm-none-eabi/5.4.1/../../../../arm-none-eabi/lib/armv7e-m/fpu\libg_n.a(lib_a-sbrkr.o)
                0x08006e3c                _sbrk_r
 .text.__malloc_lock
                0x08006e5c        0x2 c:/embitz/1.11/share/em_armgcc/bin/../lib/gcc/arm-none-eabi/5.4.1/../../../../arm-none-eabi/lib/armv7e-m/fpu\libg_n.a(lib_a-mlock.o)
                0x08006e5c                __malloc_lock
 .text.__malloc_unlock
                0x08006e5e        0x2 c:/embitz/1.11/share/em_armgcc/bin/../lib/gcc/arm-none-eabi/5.4.1/../../../../arm-none-eabi/lib/armv7e-m/fpu\libg_n.a(lib_a-mlock.o)
                0x08006e5e                __malloc_unlock
 .text._malloc_usable_size_r
                0x08006e60       0x14 c:/embitz/1.11/share/em_armgcc/bin/../lib/gcc/arm-none-eabi/5.4.1/../../../../arm-none-eabi/lib/armv7e-m/fpu\libg_n.a(lib_a-nano-msizer.o)
                0x08006e60                _malloc_usable_size_r
 .text._sbrk    0x08006e74       0x1c c:/embitz/1.11/share/em_armgcc/bin/../lib/gcc/arm-none-eabi/5.4.1/../../../../arm-none-eabi/lib/armv7e-m/fpu\libnosys_s.a(sbrk.o)
                0x08006e74                _sbrk
 *(.init)
 .init          0x08006e90        0x4 c:/embitz/1.11/share/em_armgcc/bin/../lib/gcc/arm-none-eabi/5.4.1/armv7e-m/fpu/crti.o
                0x08006e90                _init
 .init          0x08006e94        0x8 c:/embitz/1.11/share/em_armgcc/bin/../lib/gcc/arm-none-eabi/5.4.1/armv7e-m/fpu/crtn.o
 *(.fini)
 .fini          0x08006e9c        0x4 c:/embitz/1.11/share/em_armgcc/bin/../lib/gcc/arm-none-eabi/5.4.1/armv7e-m/fpu/crti.o
                0x08006e9c                _fini
 .fini          0x08006ea0        0x8 c:/embitz/1.11/share/em_armgcc/bin/../lib/gcc/arm-none-eabi/5.4.1/armv7e-m/fpu/crtn.o
 *crtbegin.o(.ctors)
 *crtbegin?.o(.ctors)
 *(EXCLUDE_FILE(*crtend.o *crtend?.o) .ctors)
 *(SORT(.ctors.*))
 *(.ctors)
 *crtbegin.o(.dtors)
 *crtbegin?.o(.dtors)
 *(EXCLUDE_FILE(*crtend.o *crtend?.o) .dtors)
 *(SORT(.dtors.*))
 *(.dtors)
 *(.rodata*)
 .rodata.Font12_Table
                0x08006ea8      0x474 obj\debug\libs\display\src\font12.o
                0x08006ea8                Font12_Table
 .rodata.Font24_Table
                0x0800731c     0x1ab8 obj\debug\libs\display\src\font24.o
                0x0800731c                Font24_Table
 .rodata        0x08008dd4       0x3a obj\debug\libs\nnxt\src\nnxt_i2c.o
 *fill*         0x08008e0e        0x2 
 .rodata.lookup_table.8527
                0x08008e10        0x5 obj\debug\libs\nnxt\src\nnxt_i2c.o
 *fill*         0x08008e15        0x3 
 .rodata        0x08008e18       0x32 obj\debug\libs\nnxt\src\nnxt_misc.o
 *fill*         0x08008e4a        0x2 
 .rodata.MotorPorts
                0x08008e4c      0x120 obj\debug\libs\nnxt\src\nnxt_motors.o
 .rodata.OnBoard_LEDs
                0x08008f6c       0x30 obj\debug\libs\nnxt\src\nnxt_onboardperiph.o
 .rodata.appl_mode
                0x08008f9c        0x1 obj\debug\libs\nnxt\src\nnxt_os_glue.o
                0x08008f9c                appl_mode
 *fill*         0x08008f9d        0x3 
 .rodata.SensorPorts
                0x08008fa0      0x154 obj\debug\libs\nnxt\src\nnxt_sensors.o
 .rodata        0x080090f4       0x1d obj\debug\libs\nnxt\src\nnxt_startup.o
 *fill*         0x08009111        0x3 
 .rodata        0x08009114       0x25 obj\debug\main.o
 .rodata.str1.1
                0x08009139        0x2 c:/embitz/1.11/share/em_armgcc/bin/../lib/gcc/arm-none-eabi/5.4.1/../../../../arm-none-eabi/lib/armv7e-m/fpu\libg_n.a(lib_a-impure.o)
 .rodata.str1.1
                0x0800913b       0x11 c:/embitz/1.11/share/em_armgcc/bin/../lib/gcc/arm-none-eabi/5.4.1/../../../../arm-none-eabi/lib/armv7e-m/fpu\libg_n.a(lib_a-nano-svfprintf.o)
 .rodata.str1.1
                0x0800914c       0x22 c:/embitz/1.11/share/em_armgcc/bin/../lib/gcc/arm-none-eabi/5.4.1/../../../../arm-none-eabi/lib/armv7e-m/fpu\libg_n.a(lib_a-nano-vfprintf_i.o)
 *(.eh_frame*)
 *fill*         0x0800916e        0x2 
 .eh_frame      0x08009170        0x0 c:/embitz/1.11/share/em_armgcc/bin/../lib/gcc/arm-none-eabi/5.4.1/armv7e-m/fpu/crtbegin.o
 .eh_frame      0x08009170        0x4 c:/embitz/1.11/share/em_armgcc/bin/../lib/gcc/arm-none-eabi/5.4.1/armv7e-m/fpu/crtend.o

.glue_7         0x08009174        0x0
 .glue_7        0x08009174        0x0 linker stubs

.glue_7t        0x08009174        0x0
 .glue_7t       0x08009174        0x0 linker stubs

.vfp11_veneer   0x08009174        0x0
 .vfp11_veneer  0x08009174        0x0 linker stubs

.v4_bx          0x08009174        0x0
 .v4_bx         0x08009174        0x0 linker stubs

.iplt           0x08009174        0x0
 .iplt          0x08009174        0x0 c:/embitz/1.11/share/em_armgcc/bin/../lib/gcc/arm-none-eabi/5.4.1/armv7e-m/fpu/crtbegin.o

.rel.dyn        0x08009174        0x0
 .rel.iplt      0x08009174        0x0 c:/embitz/1.11/share/em_armgcc/bin/../lib/gcc/arm-none-eabi/5.4.1/armv7e-m/fpu/crtbegin.o

.ARM.extab
 *(.ARM.extab* .gnu.linkonce.armextab.*)
                0x08009174                __exidx_start = .

.ARM.exidx
 *(.ARM.exidx* .gnu.linkonce.armexidx.*)
                0x08009174                __exidx_end = .
                0x08009174                __etext = .

.data           0x20000000      0x180 load address 0x08009174
                0x20000000                __data_start__ = .
 *(vtable)
 *(.data*)
 .data.Font12   0x20000000        0x8 obj\debug\libs\display\src\font12.o
                0x20000000                Font12
 .data.Font24   0x20000008        0x8 obj\debug\libs\display\src\font24.o
                0x20000008                Font24
 .data.st7735_lcd_width_pixel
                0x20000010        0x2 obj\debug\libs\display\src\st7735.o
 .data.st7735_lcd_height_pixel
                0x20000012        0x2 obj\debug\libs\display\src\st7735.o
 .data.st7735_drv
                0x20000014       0x40 obj\debug\libs\display\src\st7735.o
                0x20000014                st7735_drv
 .data.uxCriticalNesting
                0x20000054        0x4 obj\debug\libs\freertos\source\portable\port.o
 .data.OnBoard_Buttons
                0x20000058       0x78 obj\debug\libs\nnxt\src\nnxt_onboardperiph.o
                0x20000058                OnBoard_Buttons
 .data.Stat     0x200000d0        0x1 obj\debug\libs\nnxt\src\nnxt_sdcard_glue.o
 *fill*         0x200000d1        0x3 
 .data.PortConfig
                0x200000d4       0x28 obj\debug\libs\nnxt\src\nnxt_sensors.o
 .data.vectorTable_ROM
                0x200000fc        0x4 obj\debug\libs\nnxt\src\nnxt_startup.o
 .data.APBAHBPrescTable
                0x20000100       0x10 obj\debug\libs\stm32 board\spl\src\stm32f4xx_rcc.o
 .data.SystemCoreClock
                0x20000110        0x4 obj\debug\libs\stm32 board\src\system_stm32f4xx.o
                0x20000110                SystemCoreClock
 .data.impure_data
                0x20000114       0x60 c:/embitz/1.11/share/em_armgcc/bin/../lib/gcc/arm-none-eabi/5.4.1/../../../../arm-none-eabi/lib/armv7e-m/fpu\libg_n.a(lib_a-impure.o)
 .data._impure_ptr
                0x20000174        0x4 c:/embitz/1.11/share/em_armgcc/bin/../lib/gcc/arm-none-eabi/5.4.1/../../../../arm-none-eabi/lib/armv7e-m/fpu\libg_n.a(lib_a-impure.o)
                0x20000174                _impure_ptr
                0x20000178                . = ALIGN (0x4)
                0x20000178                PROVIDE (__preinit_array_start, .)
 *(.preinit_array)
                0x20000178                PROVIDE (__preinit_array_end, .)
                0x20000178                . = ALIGN (0x4)
                0x20000178                PROVIDE (__init_array_start, .)
 *(SORT(.init_array.*))
 *(.init_array)
 .init_array    0x20000178        0x4 c:/embitz/1.11/share/em_armgcc/bin/../lib/gcc/arm-none-eabi/5.4.1/armv7e-m/fpu/crtbegin.o
                0x2000017c                PROVIDE (__init_array_end, .)
                0x2000017c                . = ALIGN (0x4)
                [!provide]                PROVIDE (__fini_array_start, .)
 *(SORT(.fini_array.*))
 *(.fini_array)
 .fini_array    0x2000017c        0x4 c:/embitz/1.11/share/em_armgcc/bin/../lib/gcc/arm-none-eabi/5.4.1/armv7e-m/fpu/crtbegin.o
                [!provide]                PROVIDE (__fini_array_end, .)
                0x20000180                . = ALIGN (0x4)
                0x20000180                __data_end__ = .

.jcr            0x20000180        0x0 load address 0x080092f4
 .jcr           0x20000180        0x0 c:/embitz/1.11/share/em_armgcc/bin/../lib/gcc/arm-none-eabi/5.4.1/armv7e-m/fpu/crtbegin.o

.igot.plt       0x20000180        0x0 load address 0x080092f4
 .igot.plt      0x20000180        0x0 c:/embitz/1.11/share/em_armgcc/bin/../lib/gcc/arm-none-eabi/5.4.1/armv7e-m/fpu/crtbegin.o

.bss            0x20000200     0x1008 load address 0x08009400
                0x20000200                __bss_start__ = .
 *(.bss*)
 .bss           0x20000200       0x1c c:/embitz/1.11/share/em_armgcc/bin/../lib/gcc/arm-none-eabi/5.4.1/armv7e-m/fpu/crtbegin.o
 .bss.rotation_g
                0x2000021c        0x1 obj\debug\libs\display\src\st7735.o
 *fill*         0x2000021d        0x3 
 .bss.lcd_drv   0x20000220        0x4 obj\debug\libs\display\src\stm32_adafruit_lcd.o
 .bss.bitmap    0x20000224      0x366 obj\debug\libs\display\src\stm32_adafruit_lcd.o
 *fill*         0x2000058a        0x2 
 .bss.registeredTasks
                0x2000058c       0x78 obj\debug\libs\freertos\freertos_glue.o
                0x2000058c                registeredTasks
 .bss.TasksSlots
                0x20000604        0x4 obj\debug\libs\freertos\freertos_glue.o
                0x20000604                TasksSlots
 .bss.ucMaxSysCallPriority
                0x20000608        0x1 obj\debug\libs\freertos\source\portable\port.o
 *fill*         0x20000609        0x3 
 .bss.ulMaxPRIGROUPValue
                0x2000060c        0x4 obj\debug\libs\freertos\source\portable\port.o
 .bss.pxCurrentTCB
                0x20000610        0x4 obj\debug\libs\freertos\source\tasks.o
                0x20000610                pxCurrentTCB
 .bss.pxReadyTasksLists
                0x20000614       0x64 obj\debug\libs\freertos\source\tasks.o
 .bss.pxDelayedTaskList
                0x20000678        0x4 obj\debug\libs\freertos\source\tasks.o
 .bss.pxOverflowDelayedTaskList
                0x2000067c        0x4 obj\debug\libs\freertos\source\tasks.o
 .bss.xPendingReadyList
                0x20000680       0x14 obj\debug\libs\freertos\source\tasks.o
 .bss.xSuspendedTaskList
                0x20000694       0x14 obj\debug\libs\freertos\source\tasks.o
 .bss.uxCurrentNumberOfTasks
                0x200006a8        0x4 obj\debug\libs\freertos\source\tasks.o
 .bss.xTickCount
                0x200006ac        0x4 obj\debug\libs\freertos\source\tasks.o
 .bss.uxTopReadyPriority
                0x200006b0        0x4 obj\debug\libs\freertos\source\tasks.o
 .bss.xSchedulerRunning
                0x200006b4        0x4 obj\debug\libs\freertos\source\tasks.o
 .bss.uxPendedTicks
                0x200006b8        0x4 obj\debug\libs\freertos\source\tasks.o
 .bss.xYieldPending
                0x200006bc        0x4 obj\debug\libs\freertos\source\tasks.o
 .bss.xNumOfOverflows
                0x200006c0        0x4 obj\debug\libs\freertos\source\tasks.o
 .bss.xNextTaskUnblockTime
                0x200006c4        0x4 obj\debug\libs\freertos\source\tasks.o
 .bss.uxSchedulerSuspended
                0x200006c8        0x4 obj\debug\libs\freertos\source\tasks.o
 .bss.actual_config.8528
                0x200006cc        0x1 obj\debug\libs\nnxt\src\nnxt_i2c.o
 *fill*         0x200006cd        0x3 
 .bss.Timer1    0x200006d0        0x4 obj\debug\libs\nnxt\src\nnxt_sdcard_glue.o
 .bss.Timer2    0x200006d4        0x4 obj\debug\libs\nnxt\src\nnxt_sdcard_glue.o
 .bss.PortAnalogValues
                0x200006d8       0x14 obj\debug\libs\nnxt\src\nnxt_sensors.o
                0x200006d8                PortAnalogValues
 .bss.Filter    0x200006ec       0x12 obj\debug\libs\nnxt\src\nnxt_sensors.o
 *fill*         0x200006fe      0x102 
 .bss.vectorTable_RAM
                0x20000800      0x400 obj\debug\libs\nnxt\src\nnxt_startup.o
 .bss.debug     0x20000c00        0x1 obj\debug\libs\nnxt\src\nnxt_startup.o
                0x20000c00                debug
 .bss.selectedDevice
                0x20000c01        0x1 obj\debug\libs\spi\src\spidevice.o
                0x20000c01                selectedDevice
 *fill*         0x20000c02        0x2 
 .bss.__malloc_sbrk_start
                0x20000c04        0x4 c:/embitz/1.11/share/em_armgcc/bin/../lib/gcc/arm-none-eabi/5.4.1/../../../../arm-none-eabi/lib/armv7e-m/fpu\libg_n.a(lib_a-nano-mallocr.o)
                0x20000c04                __malloc_sbrk_start
 .bss.__malloc_free_list
                0x20000c08        0x4 c:/embitz/1.11/share/em_armgcc/bin/../lib/gcc/arm-none-eabi/5.4.1/../../../../arm-none-eabi/lib/armv7e-m/fpu\libg_n.a(lib_a-nano-mallocr.o)
                0x20000c08                __malloc_free_list
 .bss.heap_end.4169
                0x20000c0c        0x4 c:/embitz/1.11/share/em_armgcc/bin/../lib/gcc/arm-none-eabi/5.4.1/../../../../arm-none-eabi/lib/armv7e-m/fpu\libnosys_s.a(sbrk.o)
 *(COMMON)
 COMMON         0x20000c10        0xc obj\debug\libs\display\src\stm32_adafruit_lcd.o
                0x20000c10                DrawProp
 COMMON         0x20000c1c       0x10 obj\debug\libs\hal\src\em_i2c.o
                0x20000c1c                GPIO_InitStructure_i2c1
                0x20000c24                GPIO_InitStructure_i2c2
 COMMON         0x20000c2c       0x24 obj\debug\libs\nnxt\src\nnxt_motors.o
                0x20000c2c                Motor_Info
 COMMON         0x20000c50        0x5 obj\debug\libs\nnxt\src\nnxt_os_glue.o
                0x20000c50                SysTickCounter
                0x20000c54                nnxt_pre_os_flag
 *fill*         0x20000c55      0x1ab 
 COMMON         0x20000e00      0x404 obj\debug\libs\nnxt\src\nnxt_startup.o
                0x20000e00                vectorTable_RAM_orig
                0x20001200                NNXT_Background_Task
 COMMON         0x20001204        0x4 c:/embitz/1.11/share/em_armgcc/bin/../lib/gcc/arm-none-eabi/5.4.1/../../../../arm-none-eabi/lib/armv7e-m/fpu\libg_n.a(lib_a-reent.o)
                0x20001204                errno
                0x20001208                __bss_end__ = .

.heap           0x20001208        0x0
                0x20001208                __end__ = .
                0x20001208                end = __end__
 *(.heap*)
 .heap          0x20001208        0x0 obj\debug\libs\stm32 board\src\startup_stm32f4xx.o
                0x20001208                __HeapLimit = .

.stack_dummy    0x20001208      0x100
 *(.stack)
 .stack         0x20001208      0x100 obj\debug\libs\stm32 board\src\startup_stm32f4xx.o
                0x20020000                __StackTop = (ORIGIN (RAM) + LENGTH (RAM))
                0x2001ff00                __StackLimit = (__StackTop - SIZEOF (.stack_dummy))
                0x20020000                PROVIDE (__stack, __StackTop)
                0x00000001                ASSERT ((__StackLimit >= __HeapLimit), region RAM overflowed with stack)
LOAD obj\debug\libs\display\src\font12.o
LOAD obj\debug\libs\display\src\font16.o
LOAD obj\debug\libs\display\src\font20.o
LOAD obj\debug\libs\display\src\font24.o
LOAD obj\debug\libs\display\src\font8.o
LOAD obj\debug\libs\display\src\st7735.o
LOAD obj\debug\libs\display\src\stm32_adafruit_lcd.o
LOAD obj\debug\libs\freertos\freertos_glue.o
LOAD obj\debug\libs\freertos\source\croutine.o
LOAD obj\debug\libs\freertos\source\event_groups.o
LOAD obj\debug\libs\freertos\source\heap_1.o
LOAD obj\debug\libs\freertos\source\list.o
LOAD obj\debug\libs\freertos\source\portable\port.o
LOAD obj\debug\libs\freertos\source\queue.o
LOAD obj\debug\libs\freertos\source\tasks.o
LOAD obj\debug\libs\freertos\source\timers.o
LOAD obj\debug\libs\hal\src\em_i2c.o
LOAD obj\debug\libs\hal\src\em_interrupts.o
LOAD obj\debug\libs\nnxt\src\nnxt_display_glue.o
LOAD obj\debug\libs\nnxt\src\nnxt_filter.o
LOAD obj\debug\libs\nnxt\src\nnxt_i2c.o
LOAD obj\debug\libs\nnxt\src\nnxt_misc.o
LOAD obj\debug\libs\nnxt\src\nnxt_motors.o
LOAD obj\debug\libs\nnxt\src\nnxt_onboardperiph.o
LOAD obj\debug\libs\nnxt\src\nnxt_os_glue.o
LOAD obj\debug\libs\nnxt\src\nnxt_pcf8574lb.o
LOAD obj\debug\libs\nnxt\src\nnxt_sdcard_glue.o
LOAD obj\debug\libs\nnxt\src\nnxt_sensors.o
LOAD obj\debug\libs\nnxt\src\nnxt_startup.o
LOAD obj\debug\libs\sdcard\fatfs\src\ff.o
LOAD obj\debug\libs\sdcard\fatfs\src\ffsystem.o
LOAD obj\debug\libs\sdcard\fatfs\src\ffunicode.o
LOAD obj\debug\libs\spi\src\spidevice.o
LOAD obj\debug\libs\stm32 board\spl\src\misc.o
LOAD obj\debug\libs\stm32 board\spl\src\stm32f4xx_adc.o
LOAD obj\debug\libs\stm32 board\spl\src\stm32f4xx_can.o
LOAD obj\debug\libs\stm32 board\spl\src\stm32f4xx_crc.o
LOAD obj\debug\libs\stm32 board\spl\src\stm32f4xx_cryp.o
LOAD obj\debug\libs\stm32 board\spl\src\stm32f4xx_cryp_aes.o
LOAD obj\debug\libs\stm32 board\spl\src\stm32f4xx_cryp_des.o
LOAD obj\debug\libs\stm32 board\spl\src\stm32f4xx_cryp_tdes.o
LOAD obj\debug\libs\stm32 board\spl\src\stm32f4xx_dac.o
LOAD obj\debug\libs\stm32 board\spl\src\stm32f4xx_dbgmcu.o
LOAD obj\debug\libs\stm32 board\spl\src\stm32f4xx_dcmi.o
LOAD obj\debug\libs\stm32 board\spl\src\stm32f4xx_dma.o
LOAD obj\debug\libs\stm32 board\spl\src\stm32f4xx_exti.o
LOAD obj\debug\libs\stm32 board\spl\src\stm32f4xx_flash.o
LOAD obj\debug\libs\stm32 board\spl\src\stm32f4xx_fsmc.o
LOAD obj\debug\libs\stm32 board\spl\src\stm32f4xx_gpio.o
LOAD obj\debug\libs\stm32 board\spl\src\stm32f4xx_hash.o
LOAD obj\debug\libs\stm32 board\spl\src\stm32f4xx_hash_md5.o
LOAD obj\debug\libs\stm32 board\spl\src\stm32f4xx_hash_sha1.o
LOAD obj\debug\libs\stm32 board\spl\src\stm32f4xx_i2c.o
LOAD obj\debug\libs\stm32 board\spl\src\stm32f4xx_iwdg.o
LOAD obj\debug\libs\stm32 board\spl\src\stm32f4xx_pwr.o
LOAD obj\debug\libs\stm32 board\spl\src\stm32f4xx_rcc.o
LOAD obj\debug\libs\stm32 board\spl\src\stm32f4xx_rng.o
LOAD obj\debug\libs\stm32 board\spl\src\stm32f4xx_rtc.o
LOAD obj\debug\libs\stm32 board\spl\src\stm32f4xx_sdio.o
LOAD obj\debug\libs\stm32 board\spl\src\stm32f4xx_spi.o
LOAD obj\debug\libs\stm32 board\spl\src\stm32f4xx_syscfg.o
LOAD obj\debug\libs\stm32 board\spl\src\stm32f4xx_tim.o
LOAD obj\debug\libs\stm32 board\spl\src\stm32f4xx_usart.o
LOAD obj\debug\libs\stm32 board\spl\src\stm32f4xx_wwdg.o
LOAD obj\debug\libs\stm32 board\src\startup_stm32f4xx.o
LOAD obj\debug\libs\stm32 board\src\system_stm32f4xx.o
LOAD obj\debug\main.o
START GROUP
LOAD c:/embitz/1.11/share/em_armgcc/bin/../lib/gcc/arm-none-eabi/5.4.1/armv7e-m/fpu\libgcc.a
LOAD c:/embitz/1.11/share/em_armgcc/bin/../lib/gcc/arm-none-eabi/5.4.1/../../../../arm-none-eabi/lib/armv7e-m/fpu\libg_n.a
LOAD c:/embitz/1.11/share/em_armgcc/bin/../lib/gcc/arm-none-eabi/5.4.1/../../../../arm-none-eabi/lib/armv7e-m/fpu\libc_n.a
END GROUP
START GROUP
LOAD c:/embitz/1.11/share/em_armgcc/bin/../lib/gcc/arm-none-eabi/5.4.1/armv7e-m/fpu\libgcc.a
LOAD c:/embitz/1.11/share/em_armgcc/bin/../lib/gcc/arm-none-eabi/5.4.1/../../../../arm-none-eabi/lib/armv7e-m/fpu\libc_n.a
LOAD c:/embitz/1.11/share/em_armgcc/bin/../lib/gcc/arm-none-eabi/5.4.1/../../../../arm-none-eabi/lib/armv7e-m/fpu\libnosys_s.a
END GROUP
LOAD c:/embitz/1.11/share/em_armgcc/bin/../lib/gcc/arm-none-eabi/5.4.1/armv7e-m/fpu/crtend.o
LOAD c:/embitz/1.11/share/em_armgcc/bin/../lib/gcc/arm-none-eabi/5.4.1/armv7e-m/fpu/crtn.o
OUTPUT(bin\Debug\U1_3.elf elf32-littlearm)

.ARM.attributes
                0x00000000       0x30
 .ARM.attributes
                0x00000000       0x22 c:/embitz/1.11/share/em_armgcc/bin/../lib/gcc/arm-none-eabi/5.4.1/armv7e-m/fpu/crti.o
 .ARM.attributes
                0x00000022       0x34 c:/embitz/1.11/share/em_armgcc/bin/../lib/gcc/arm-none-eabi/5.4.1/armv7e-m/fpu/crtbegin.o
 .ARM.attributes
                0x00000056       0x39 obj\debug\libs\display\src\font12.o
 .ARM.attributes
                0x0000008f       0x39 obj\debug\libs\display\src\font24.o
 .ARM.attributes
                0x000000c8       0x39 obj\debug\libs\display\src\st7735.o
 .ARM.attributes
                0x00000101       0x39 obj\debug\libs\display\src\stm32_adafruit_lcd.o
 .ARM.attributes
                0x0000013a       0x39 obj\debug\libs\freertos\freertos_glue.o
 .ARM.attributes
                0x00000173       0x39 obj\debug\libs\freertos\source\list.o
 .ARM.attributes
                0x000001ac       0x39 obj\debug\libs\freertos\source\portable\port.o
 .ARM.attributes
                0x000001e5       0x39 obj\debug\libs\freertos\source\tasks.o
 .ARM.attributes
                0x0000021e       0x39 obj\debug\libs\hal\src\em_i2c.o
 .ARM.attributes
                0x00000257       0x39 obj\debug\libs\hal\src\em_interrupts.o
 .ARM.attributes
                0x00000290       0x39 obj\debug\libs\nnxt\src\nnxt_display_glue.o
 .ARM.attributes
                0x000002c9       0x39 obj\debug\libs\nnxt\src\nnxt_filter.o
 .ARM.attributes
                0x00000302       0x39 obj\debug\libs\nnxt\src\nnxt_i2c.o
 .ARM.attributes
                0x0000033b       0x39 obj\debug\libs\nnxt\src\nnxt_misc.o
 .ARM.attributes
                0x00000374       0x39 obj\debug\libs\nnxt\src\nnxt_motors.o
 .ARM.attributes
                0x000003ad       0x39 obj\debug\libs\nnxt\src\nnxt_onboardperiph.o
 .ARM.attributes
                0x000003e6       0x39 obj\debug\libs\nnxt\src\nnxt_os_glue.o
 .ARM.attributes
                0x0000041f       0x39 obj\debug\libs\nnxt\src\nnxt_sdcard_glue.o
 .ARM.attributes
                0x00000458       0x39 obj\debug\libs\nnxt\src\nnxt_sensors.o
 .ARM.attributes
                0x00000491       0x39 obj\debug\libs\nnxt\src\nnxt_startup.o
 .ARM.attributes
                0x000004ca       0x39 obj\debug\libs\spi\src\spidevice.o
 .ARM.attributes
                0x00000503       0x39 obj\debug\libs\stm32 board\spl\src\misc.o
 .ARM.attributes
                0x0000053c       0x39 obj\debug\libs\stm32 board\spl\src\stm32f4xx_adc.o
 .ARM.attributes
                0x00000575       0x39 obj\debug\libs\stm32 board\spl\src\stm32f4xx_dma.o
 .ARM.attributes
                0x000005ae       0x39 obj\debug\libs\stm32 board\spl\src\stm32f4xx_exti.o
 .ARM.attributes
                0x000005e7       0x39 obj\debug\libs\stm32 board\spl\src\stm32f4xx_gpio.o
 .ARM.attributes
                0x00000620       0x39 obj\debug\libs\stm32 board\spl\src\stm32f4xx_i2c.o
 .ARM.attributes
                0x00000659       0x39 obj\debug\libs\stm32 board\spl\src\stm32f4xx_rcc.o
 .ARM.attributes
                0x00000692       0x39 obj\debug\libs\stm32 board\spl\src\stm32f4xx_spi.o
 .ARM.attributes
                0x000006cb       0x39 obj\debug\libs\stm32 board\spl\src\stm32f4xx_syscfg.o
 .ARM.attributes
                0x00000704       0x39 obj\debug\libs\stm32 board\spl\src\stm32f4xx_tim.o
 .ARM.attributes
                0x0000073d       0x1f obj\debug\libs\stm32 board\src\startup_stm32f4xx.o
 .ARM.attributes
                0x0000075c       0x39 obj\debug\libs\stm32 board\src\system_stm32f4xx.o
 .ARM.attributes
                0x00000795       0x39 obj\debug\main.o
 .ARM.attributes
                0x000007ce       0x34 c:/embitz/1.11/share/em_armgcc/bin/../lib/gcc/arm-none-eabi/5.4.1/../../../../arm-none-eabi/lib/armv7e-m/fpu\libg_n.a(lib_a-impure.o)
 .ARM.attributes
                0x00000802       0x34 c:/embitz/1.11/share/em_armgcc/bin/../lib/gcc/arm-none-eabi/5.4.1/../../../../arm-none-eabi/lib/armv7e-m/fpu\libg_n.a(lib_a-memcpy-stub.o)
 .ARM.attributes
                0x00000836       0x34 c:/embitz/1.11/share/em_armgcc/bin/../lib/gcc/arm-none-eabi/5.4.1/../../../../arm-none-eabi/lib/armv7e-m/fpu\libg_n.a(lib_a-sprintf.o)
 .ARM.attributes
                0x0000086a       0x34 c:/embitz/1.11/share/em_armgcc/bin/../lib/gcc/arm-none-eabi/5.4.1/../../../../arm-none-eabi/lib/armv7e-m/fpu\libg_n.a(lib_a-nano-svfprintf.o)
 .ARM.attributes
                0x0000089e       0x34 c:/embitz/1.11/share/em_armgcc/bin/../lib/gcc/arm-none-eabi/5.4.1/../../../../arm-none-eabi/lib/armv7e-m/fpu\libg_n.a(lib_a-nano-vfprintf_i.o)
 .ARM.attributes
                0x000008d2       0x20 c:/embitz/1.11/share/em_armgcc/bin/../lib/gcc/arm-none-eabi/5.4.1/../../../../arm-none-eabi/lib/armv7e-m/fpu\libg_n.a(lib_a-memchr.o)
 .ARM.attributes
                0x000008f2       0x34 c:/embitz/1.11/share/em_armgcc/bin/../lib/gcc/arm-none-eabi/5.4.1/../../../../arm-none-eabi/lib/armv7e-m/fpu\libg_n.a(lib_a-memmove.o)
 .ARM.attributes
                0x00000926       0x34 c:/embitz/1.11/share/em_armgcc/bin/../lib/gcc/arm-none-eabi/5.4.1/../../../../arm-none-eabi/lib/armv7e-m/fpu\libg_n.a(lib_a-nano-freer.o)
 .ARM.attributes
                0x0000095a       0x34 c:/embitz/1.11/share/em_armgcc/bin/../lib/gcc/arm-none-eabi/5.4.1/../../../../arm-none-eabi/lib/armv7e-m/fpu\libg_n.a(lib_a-nano-mallocr.o)
 .ARM.attributes
                0x0000098e       0x34 c:/embitz/1.11/share/em_armgcc/bin/../lib/gcc/arm-none-eabi/5.4.1/../../../../arm-none-eabi/lib/armv7e-m/fpu\libg_n.a(lib_a-nano-reallocr.o)
 .ARM.attributes
                0x000009c2       0x34 c:/embitz/1.11/share/em_armgcc/bin/../lib/gcc/arm-none-eabi/5.4.1/../../../../arm-none-eabi/lib/armv7e-m/fpu\libg_n.a(lib_a-sbrkr.o)
 .ARM.attributes
                0x000009f6       0x34 c:/embitz/1.11/share/em_armgcc/bin/../lib/gcc/arm-none-eabi/5.4.1/../../../../arm-none-eabi/lib/armv7e-m/fpu\libg_n.a(lib_a-mlock.o)
 .ARM.attributes
                0x00000a2a       0x34 c:/embitz/1.11/share/em_armgcc/bin/../lib/gcc/arm-none-eabi/5.4.1/../../../../arm-none-eabi/lib/armv7e-m/fpu\libg_n.a(lib_a-nano-msizer.o)
 .ARM.attributes
                0x00000a5e       0x34 c:/embitz/1.11/share/em_armgcc/bin/../lib/gcc/arm-none-eabi/5.4.1/../../../../arm-none-eabi/lib/armv7e-m/fpu\libg_n.a(lib_a-reent.o)
 .ARM.attributes
                0x00000a92       0x34 c:/embitz/1.11/share/em_armgcc/bin/../lib/gcc/arm-none-eabi/5.4.1/../../../../arm-none-eabi/lib/armv7e-m/fpu\libnosys_s.a(sbrk.o)
 .ARM.attributes
                0x00000ac6       0x34 c:/embitz/1.11/share/em_armgcc/bin/../lib/gcc/arm-none-eabi/5.4.1/armv7e-m/fpu/crtend.o
 .ARM.attributes
                0x00000afa       0x22 c:/embitz/1.11/share/em_armgcc/bin/../lib/gcc/arm-none-eabi/5.4.1/armv7e-m/fpu/crtn.o

.comment        0x00000000       0x6e
 .comment       0x00000000       0x6e obj\debug\libs\display\src\font12.o
                                 0x6f (size before relaxing)
 .comment       0x0000006e       0x6f obj\debug\libs\display\src\font24.o
 .comment       0x0000006e       0x6f obj\debug\libs\display\src\st7735.o
 .comment       0x0000006e       0x6f obj\debug\libs\display\src\stm32_adafruit_lcd.o
 .comment       0x0000006e       0x6f obj\debug\libs\freertos\freertos_glue.o
 .comment       0x0000006e       0x6f obj\debug\libs\freertos\source\list.o
 .comment       0x0000006e       0x6f obj\debug\libs\freertos\source\portable\port.o
 .comment       0x0000006e       0x6f obj\debug\libs\freertos\source\tasks.o
 .comment       0x0000006e       0x6f obj\debug\libs\hal\src\em_i2c.o
 .comment       0x0000006e       0x6f obj\debug\libs\hal\src\em_interrupts.o
 .comment       0x0000006e       0x6f obj\debug\libs\nnxt\src\nnxt_display_glue.o
 .comment       0x0000006e       0x6f obj\debug\libs\nnxt\src\nnxt_filter.o
 .comment       0x0000006e       0x6f obj\debug\libs\nnxt\src\nnxt_i2c.o
 .comment       0x0000006e       0x6f obj\debug\libs\nnxt\src\nnxt_misc.o
 .comment       0x0000006e       0x6f obj\debug\libs\nnxt\src\nnxt_motors.o
 .comment       0x0000006e       0x6f obj\debug\libs\nnxt\src\nnxt_onboardperiph.o
 .comment       0x0000006e       0x6f obj\debug\libs\nnxt\src\nnxt_os_glue.o
 .comment       0x0000006e       0x6f obj\debug\libs\nnxt\src\nnxt_sdcard_glue.o
 .comment       0x0000006e       0x6f obj\debug\libs\nnxt\src\nnxt_sensors.o
 .comment       0x0000006e       0x6f obj\debug\libs\nnxt\src\nnxt_startup.o
 .comment       0x0000006e       0x6f obj\debug\libs\spi\src\spidevice.o
 .comment       0x0000006e       0x6f obj\debug\libs\stm32 board\spl\src\misc.o
 .comment       0x0000006e       0x6f obj\debug\libs\stm32 board\spl\src\stm32f4xx_adc.o
 .comment       0x0000006e       0x6f obj\debug\libs\stm32 board\spl\src\stm32f4xx_dma.o
 .comment       0x0000006e       0x6f obj\debug\libs\stm32 board\spl\src\stm32f4xx_exti.o
 .comment       0x0000006e       0x6f obj\debug\libs\stm32 board\spl\src\stm32f4xx_gpio.o
 .comment       0x0000006e       0x6f obj\debug\libs\stm32 board\spl\src\stm32f4xx_i2c.o
 .comment       0x0000006e       0x6f obj\debug\libs\stm32 board\spl\src\stm32f4xx_rcc.o
 .comment       0x0000006e       0x6f obj\debug\libs\stm32 board\spl\src\stm32f4xx_spi.o
 .comment       0x0000006e       0x6f obj\debug\libs\stm32 board\spl\src\stm32f4xx_syscfg.o
 .comment       0x0000006e       0x6f obj\debug\libs\stm32 board\spl\src\stm32f4xx_tim.o
 .comment       0x0000006e       0x6f obj\debug\libs\stm32 board\src\system_stm32f4xx.o
 .comment       0x0000006e       0x6f obj\debug\main.o

.debug_info     0x00000000    0x12c5a
 .debug_info    0x00000000      0x11b obj\debug\libs\display\src\font12.o
 .debug_info    0x0000011b      0x11b obj\debug\libs\display\src\font24.o
 .debug_info    0x00000236      0x5f0 obj\debug\libs\display\src\st7735.o
 .debug_info    0x00000826     0x100f obj\debug\libs\display\src\stm32_adafruit_lcd.o
 .debug_info    0x00001835      0x427 obj\debug\libs\freertos\freertos_glue.o
 .debug_info    0x00001c5c      0x2a8 obj\debug\libs\freertos\source\list.o
 .debug_info    0x00001f04      0x50e obj\debug\libs\freertos\source\portable\port.o
 .debug_info    0x00002412     0x1ecd obj\debug\libs\freertos\source\tasks.o
 .debug_info    0x000042df      0x724 obj\debug\libs\hal\src\em_i2c.o
 .debug_info    0x00004a03      0x756 obj\debug\libs\hal\src\em_interrupts.o
 .debug_info    0x00005159      0x5ec obj\debug\libs\nnxt\src\nnxt_display_glue.o
 .debug_info    0x00005745      0x1e1 obj\debug\libs\nnxt\src\nnxt_filter.o
 .debug_info    0x00005926      0x763 obj\debug\libs\nnxt\src\nnxt_i2c.o
 .debug_info    0x00006089      0x665 obj\debug\libs\nnxt\src\nnxt_misc.o
 .debug_info    0x000066ee      0xe27 obj\debug\libs\nnxt\src\nnxt_motors.o
 .debug_info    0x00007515      0xe6d obj\debug\libs\nnxt\src\nnxt_onboardperiph.o
 .debug_info    0x00008382      0x1f3 obj\debug\libs\nnxt\src\nnxt_os_glue.o
 .debug_info    0x00008575      0xdf6 obj\debug\libs\nnxt\src\nnxt_sdcard_glue.o
 .debug_info    0x0000936b     0x104e obj\debug\libs\nnxt\src\nnxt_sensors.o
 .debug_info    0x0000a3b9     0x104f obj\debug\libs\nnxt\src\nnxt_startup.o
 .debug_info    0x0000b408      0x915 obj\debug\libs\spi\src\spidevice.o
 .debug_info    0x0000bd1d      0x55e obj\debug\libs\stm32 board\spl\src\misc.o
 .debug_info    0x0000c27b      0xc48 obj\debug\libs\stm32 board\spl\src\stm32f4xx_adc.o
 .debug_info    0x0000cec3      0x749 obj\debug\libs\stm32 board\spl\src\stm32f4xx_dma.o
 .debug_info    0x0000d60c      0x35f obj\debug\libs\stm32 board\spl\src\stm32f4xx_exti.o
 .debug_info    0x0000d96b      0x622 obj\debug\libs\stm32 board\spl\src\stm32f4xx_gpio.o
 .debug_info    0x0000df8d      0xb9b obj\debug\libs\stm32 board\spl\src\stm32f4xx_i2c.o
 .debug_info    0x0000eb28      0xc9f obj\debug\libs\stm32 board\spl\src\stm32f4xx_rcc.o
 .debug_info    0x0000f7c7      0xb4b obj\debug\libs\stm32 board\spl\src\stm32f4xx_spi.o
 .debug_info    0x00010312      0x27c obj\debug\libs\stm32 board\spl\src\stm32f4xx_syscfg.o
 .debug_info    0x0001058e     0x1c71 obj\debug\libs\stm32 board\spl\src\stm32f4xx_tim.o
 .debug_info    0x000121ff       0x60 obj\debug\libs\stm32 board\src\startup_stm32f4xx.o
 .debug_info    0x0001225f      0x60e obj\debug\libs\stm32 board\src\system_stm32f4xx.o
 .debug_info    0x0001286d      0x3ed obj\debug\main.o

.debug_abbrev   0x00000000     0x39a2
 .debug_abbrev  0x00000000       0x98 obj\debug\libs\display\src\font12.o
 .debug_abbrev  0x00000098       0x98 obj\debug\libs\display\src\font24.o
 .debug_abbrev  0x00000130      0x134 obj\debug\libs\display\src\st7735.o
 .debug_abbrev  0x00000264      0x24e obj\debug\libs\display\src\stm32_adafruit_lcd.o
 .debug_abbrev  0x000004b2      0x187 obj\debug\libs\freertos\freertos_glue.o
 .debug_abbrev  0x00000639       0xc1 obj\debug\libs\freertos\source\list.o
 .debug_abbrev  0x000006fa      0x1cf obj\debug\libs\freertos\source\portable\port.o
 .debug_abbrev  0x000008c9      0x2c8 obj\debug\libs\freertos\source\tasks.o
 .debug_abbrev  0x00000b91      0x1ff obj\debug\libs\hal\src\em_i2c.o
 .debug_abbrev  0x00000d90      0x1ec obj\debug\libs\hal\src\em_interrupts.o
 .debug_abbrev  0x00000f7c      0x21b obj\debug\libs\nnxt\src\nnxt_display_glue.o
 .debug_abbrev  0x00001197       0xdb obj\debug\libs\nnxt\src\nnxt_filter.o
 .debug_abbrev  0x00001272      0x1e3 obj\debug\libs\nnxt\src\nnxt_i2c.o
 .debug_abbrev  0x00001455      0x244 obj\debug\libs\nnxt\src\nnxt_misc.o
 .debug_abbrev  0x00001699      0x231 obj\debug\libs\nnxt\src\nnxt_motors.o
 .debug_abbrev  0x000018ca      0x25e obj\debug\libs\nnxt\src\nnxt_onboardperiph.o
 .debug_abbrev  0x00001b28      0x10a obj\debug\libs\nnxt\src\nnxt_os_glue.o
 .debug_abbrev  0x00001c32      0x30d obj\debug\libs\nnxt\src\nnxt_sdcard_glue.o
 .debug_abbrev  0x00001f3f      0x2e7 obj\debug\libs\nnxt\src\nnxt_sensors.o
 .debug_abbrev  0x00002226      0x2a8 obj\debug\libs\nnxt\src\nnxt_startup.o
 .debug_abbrev  0x000024ce      0x290 obj\debug\libs\spi\src\spidevice.o
 .debug_abbrev  0x0000275e      0x14c obj\debug\libs\stm32 board\spl\src\misc.o
 .debug_abbrev  0x000028aa      0x19d obj\debug\libs\stm32 board\spl\src\stm32f4xx_adc.o
 .debug_abbrev  0x00002a47      0x15c obj\debug\libs\stm32 board\spl\src\stm32f4xx_dma.o
 .debug_abbrev  0x00002ba3      0x1ae obj\debug\libs\stm32 board\spl\src\stm32f4xx_exti.o
 .debug_abbrev  0x00002d51      0x1ac obj\debug\libs\stm32 board\spl\src\stm32f4xx_gpio.o
 .debug_abbrev  0x00002efd      0x16b obj\debug\libs\stm32 board\spl\src\stm32f4xx_i2c.o
 .debug_abbrev  0x00003068      0x1ea obj\debug\libs\stm32 board\spl\src\stm32f4xx_rcc.o
 .debug_abbrev  0x00003252      0x16e obj\debug\libs\stm32 board\spl\src\stm32f4xx_spi.o
 .debug_abbrev  0x000033c0      0x138 obj\debug\libs\stm32 board\spl\src\stm32f4xx_syscfg.o
 .debug_abbrev  0x000034f8      0x18e obj\debug\libs\stm32 board\spl\src\stm32f4xx_tim.o
 .debug_abbrev  0x00003686       0x14 obj\debug\libs\stm32 board\src\startup_stm32f4xx.o
 .debug_abbrev  0x0000369a      0x13d obj\debug\libs\stm32 board\src\system_stm32f4xx.o
 .debug_abbrev  0x000037d7      0x1cb obj\debug\main.o

.debug_aranges  0x00000000     0x1390
 .debug_aranges
                0x00000000       0x18 obj\debug\libs\display\src\font12.o
 .debug_aranges
                0x00000018       0x18 obj\debug\libs\display\src\font24.o
 .debug_aranges
                0x00000030       0x88 obj\debug\libs\display\src\st7735.o
 .debug_aranges
                0x000000b8      0x130 obj\debug\libs\display\src\stm32_adafruit_lcd.o
 .debug_aranges
                0x000001e8       0x28 obj\debug\libs\freertos\freertos_glue.o
 .debug_aranges
                0x00000210       0x40 obj\debug\libs\freertos\source\list.o
 .debug_aranges
                0x00000250       0x80 obj\debug\libs\freertos\source\portable\port.o
 .debug_aranges
                0x000002d0      0x1f0 obj\debug\libs\freertos\source\tasks.o
 .debug_aranges
                0x000004c0       0x60 obj\debug\libs\hal\src\em_i2c.o
 .debug_aranges
                0x00000520       0x78 obj\debug\libs\hal\src\em_interrupts.o
 .debug_aranges
                0x00000598       0x58 obj\debug\libs\nnxt\src\nnxt_display_glue.o
 .debug_aranges
                0x000005f0       0x30 obj\debug\libs\nnxt\src\nnxt_filter.o
 .debug_aranges
                0x00000620       0x40 obj\debug\libs\nnxt\src\nnxt_i2c.o
 .debug_aranges
                0x00000660       0x40 obj\debug\libs\nnxt\src\nnxt_misc.o
 .debug_aranges
                0x000006a0       0x48 obj\debug\libs\nnxt\src\nnxt_motors.o
 .debug_aranges
                0x000006e8       0x78 obj\debug\libs\nnxt\src\nnxt_onboardperiph.o
 .debug_aranges
                0x00000760       0x20 obj\debug\libs\nnxt\src\nnxt_os_glue.o
 .debug_aranges
                0x00000780       0xa0 obj\debug\libs\nnxt\src\nnxt_sdcard_glue.o
 .debug_aranges
                0x00000820       0x60 obj\debug\libs\nnxt\src\nnxt_sensors.o
 .debug_aranges
                0x00000880       0x40 obj\debug\libs\nnxt\src\nnxt_startup.o
 .debug_aranges
                0x000008c0       0x78 obj\debug\libs\spi\src\spidevice.o
 .debug_aranges
                0x00000938       0x40 obj\debug\libs\stm32 board\spl\src\misc.o
 .debug_aranges
                0x00000978      0x148 obj\debug\libs\stm32 board\spl\src\stm32f4xx_adc.o
 .debug_aranges
                0x00000ac0       0xb0 obj\debug\libs\stm32 board\spl\src\stm32f4xx_dma.o
 .debug_aranges
                0x00000b70       0x58 obj\debug\libs\stm32 board\spl\src\stm32f4xx_exti.o
 .debug_aranges
                0x00000bc8       0x88 obj\debug\libs\stm32 board\spl\src\stm32f4xx_gpio.o
 .debug_aranges
                0x00000c50      0x130 obj\debug\libs\stm32 board\spl\src\stm32f4xx_i2c.o
 .debug_aranges
                0x00000d80      0x178 obj\debug\libs\stm32 board\spl\src\stm32f4xx_rcc.o
 .debug_aranges
                0x00000ef8       0xe0 obj\debug\libs\stm32 board\spl\src\stm32f4xx_spi.o
 .debug_aranges
                0x00000fd8       0x48 obj\debug\libs\stm32 board\spl\src\stm32f4xx_syscfg.o
 .debug_aranges
                0x00001020      0x2f8 obj\debug\libs\stm32 board\spl\src\stm32f4xx_tim.o
 .debug_aranges
                0x00001318       0x20 obj\debug\libs\stm32 board\src\startup_stm32f4xx.o
 .debug_aranges
                0x00001338       0x30 obj\debug\libs\stm32 board\src\system_stm32f4xx.o
 .debug_aranges
                0x00001368       0x28 obj\debug\main.o

.debug_macro    0x00000000    0x17e0e
 .debug_macro   0x00000000       0x73 obj\debug\libs\display\src\font12.o
 .debug_macro   0x00000073      0x8b0 obj\debug\libs\display\src\font12.o
 .debug_macro   0x00000923       0x22 obj\debug\libs\display\src\font12.o
 .debug_macro   0x00000945       0x87 obj\debug\libs\display\src\font12.o
 .debug_macro   0x000009cc       0x44 obj\debug\libs\display\src\font12.o
 .debug_macro   0x00000a10       0xfd obj\debug\libs\display\src\font12.o
 .debug_macro   0x00000b0d       0x5e obj\debug\libs\display\src\font12.o
 .debug_macro   0x00000b6b      0x1df obj\debug\libs\display\src\font12.o
 .debug_macro   0x00000d4a       0x73 obj\debug\libs\display\src\font24.o
 .debug_macro   0x00000dbd       0xbb obj\debug\libs\display\src\st7735.o
 .debug_macro   0x00000e78      0x1bf obj\debug\libs\display\src\st7735.o
 .debug_macro   0x00001037       0x10 obj\debug\libs\display\src\st7735.o
 .debug_macro   0x00001047       0xc2 obj\debug\libs\display\src\stm32_adafruit_lcd.o
 .debug_macro   0x00001109       0x10 obj\debug\libs\display\src\stm32_adafruit_lcd.o
 .debug_macro   0x00001119       0x65 obj\debug\libs\display\src\stm32_adafruit_lcd.o
 .debug_macro   0x0000117e      0x34d obj\debug\libs\freertos\freertos_glue.o
 .debug_macro   0x000014cb      0x814 obj\debug\libs\freertos\freertos_glue.o
 .debug_macro   0x00001cdf       0x65 obj\debug\libs\freertos\freertos_glue.o
 .debug_macro   0x00001d44       0x35 obj\debug\libs\freertos\freertos_glue.o
 .debug_macro   0x00001d79       0x18 obj\debug\libs\freertos\freertos_glue.o
 .debug_macro   0x00001d91       0x42 obj\debug\libs\freertos\freertos_glue.o
 .debug_macro   0x00001dd3      0x8cb obj\debug\libs\freertos\freertos_glue.o
 .debug_macro   0x0000269e     0x9159 obj\debug\libs\freertos\freertos_glue.o
 .debug_macro   0x0000b7f7      0x44e obj\debug\libs\freertos\freertos_glue.o
 .debug_macro   0x0000bc45      0x3cf obj\debug\libs\freertos\freertos_glue.o
 .debug_macro   0x0000c014      0x111 obj\debug\libs\freertos\freertos_glue.o
 .debug_macro   0x0000c125      0x182 obj\debug\libs\freertos\freertos_glue.o
 .debug_macro   0x0000c2a7       0xb2 obj\debug\libs\freertos\freertos_glue.o
 .debug_macro   0x0000c359      0x146 obj\debug\libs\freertos\freertos_glue.o
 .debug_macro   0x0000c49f      0x477 obj\debug\libs\freertos\freertos_glue.o
 .debug_macro   0x0000c916       0xac obj\debug\libs\freertos\freertos_glue.o
 .debug_macro   0x0000c9c2      0x241 obj\debug\libs\freertos\freertos_glue.o
 .debug_macro   0x0000cc03      0x279 obj\debug\libs\freertos\freertos_glue.o
 .debug_macro   0x0000ce7c       0xb5 obj\debug\libs\freertos\freertos_glue.o
 .debug_macro   0x0000cf31      0x265 obj\debug\libs\freertos\freertos_glue.o
 .debug_macro   0x0000d196      0x2ba obj\debug\libs\freertos\freertos_glue.o
 .debug_macro   0x0000d450       0x64 obj\debug\libs\freertos\freertos_glue.o
 .debug_macro   0x0000d4b4       0xa6 obj\debug\libs\freertos\freertos_glue.o
 .debug_macro   0x0000d55a      0x538 obj\debug\libs\freertos\freertos_glue.o
 .debug_macro   0x0000da92       0x40 obj\debug\libs\freertos\freertos_glue.o
 .debug_macro   0x0000dad2      0x57a obj\debug\libs\freertos\freertos_glue.o
 .debug_macro   0x0000e04c      0x341 obj\debug\libs\freertos\freertos_glue.o
 .debug_macro   0x0000e38d      0x36a obj\debug\libs\freertos\freertos_glue.o
 .debug_macro   0x0000e6f7       0xdf obj\debug\libs\freertos\freertos_glue.o
 .debug_macro   0x0000e7d6      0x220 obj\debug\libs\freertos\freertos_glue.o
 .debug_macro   0x0000e9f6       0x34 obj\debug\libs\freertos\freertos_glue.o
 .debug_macro   0x0000ea2a       0x7f obj\debug\libs\freertos\freertos_glue.o
 .debug_macro   0x0000eaa9       0x35 obj\debug\libs\freertos\freertos_glue.o
 .debug_macro   0x0000eade      0x735 obj\debug\libs\freertos\freertos_glue.o
 .debug_macro   0x0000f213       0x2f obj\debug\libs\freertos\freertos_glue.o
 .debug_macro   0x0000f242      0x174 obj\debug\libs\freertos\freertos_glue.o
 .debug_macro   0x0000f3b6      0x116 obj\debug\libs\freertos\freertos_glue.o
 .debug_macro   0x0000f4cc      0x168 obj\debug\libs\freertos\freertos_glue.o
 .debug_macro   0x0000f634       0xeb obj\debug\libs\freertos\freertos_glue.o
 .debug_macro   0x0000f71f       0x10 obj\debug\libs\freertos\freertos_glue.o
 .debug_macro   0x0000f72f       0x1f obj\debug\libs\freertos\freertos_glue.o
 .debug_macro   0x0000f74e      0x3e5 obj\debug\libs\freertos\freertos_glue.o
 .debug_macro   0x0000fb33       0x94 obj\debug\libs\freertos\freertos_glue.o
 .debug_macro   0x0000fbc7       0x78 obj\debug\libs\freertos\freertos_glue.o
 .debug_macro   0x0000fc3f       0xc0 obj\debug\libs\freertos\freertos_glue.o
 .debug_macro   0x0000fcff       0x8c obj\debug\libs\freertos\freertos_glue.o
 .debug_macro   0x0000fd8b       0x34 obj\debug\libs\freertos\freertos_glue.o
 .debug_macro   0x0000fdbf       0x10 obj\debug\libs\freertos\freertos_glue.o
 .debug_macro   0x0000fdcf       0x52 obj\debug\libs\freertos\freertos_glue.o
 .debug_macro   0x0000fe21      0x30d obj\debug\libs\freertos\freertos_glue.o
 .debug_macro   0x0001012e       0x25 obj\debug\libs\freertos\freertos_glue.o
 .debug_macro   0x00010153      0x118 obj\debug\libs\freertos\freertos_glue.o
 .debug_macro   0x0001026b       0x2e obj\debug\libs\freertos\freertos_glue.o
 .debug_macro   0x00010299      0x18c obj\debug\libs\freertos\source\list.o
 .debug_macro   0x00010425      0x1ae obj\debug\libs\freertos\source\portable\port.o
 .debug_macro   0x000105d3      0x261 obj\debug\libs\freertos\source\tasks.o
 .debug_macro   0x00010834       0x11 obj\debug\libs\freertos\source\tasks.o
 .debug_macro   0x00010845      0x31f obj\debug\libs\hal\src\em_i2c.o
 .debug_macro   0x00010b64      0x73b obj\debug\libs\hal\src\em_i2c.o
 .debug_macro   0x0001129f      0x2b4 obj\debug\libs\hal\src\em_i2c.o
 .debug_macro   0x00011553       0xf4 obj\debug\libs\hal\src\em_i2c.o
 .debug_macro   0x00011647       0x16 obj\debug\libs\hal\src\em_i2c.o
 .debug_macro   0x0001165d       0x97 obj\debug\libs\hal\src\em_i2c.o
 .debug_macro   0x000116f4       0xfd obj\debug\libs\hal\src\em_i2c.o
 .debug_macro   0x000117f1       0x10 obj\debug\libs\hal\src\em_i2c.o
 .debug_macro   0x00011801       0x10 obj\debug\libs\hal\src\em_i2c.o
 .debug_macro   0x00011811       0x1c obj\debug\libs\hal\src\em_i2c.o
 .debug_macro   0x0001182d       0x52 obj\debug\libs\hal\src\em_i2c.o
 .debug_macro   0x0001187f       0x40 obj\debug\libs\hal\src\em_i2c.o
 .debug_macro   0x000118bf       0x10 obj\debug\libs\hal\src\em_i2c.o
 .debug_macro   0x000118cf       0x40 obj\debug\libs\hal\src\em_i2c.o
 .debug_macro   0x0001190f       0xd7 obj\debug\libs\hal\src\em_i2c.o
 .debug_macro   0x000119e6       0x16 obj\debug\libs\hal\src\em_i2c.o
 .debug_macro   0x000119fc      0x189 obj\debug\libs\hal\src\em_i2c.o
 .debug_macro   0x00011b85      0x310 obj\debug\libs\hal\src\em_interrupts.o
 .debug_macro   0x00011e95      0x25f obj\debug\libs\hal\src\em_interrupts.o
 .debug_macro   0x000120f4       0x2e obj\debug\libs\hal\src\em_interrupts.o
 .debug_macro   0x00012122       0x35 obj\debug\libs\hal\src\em_interrupts.o
 .debug_macro   0x00012157      0x34f obj\debug\libs\nnxt\src\nnxt_display_glue.o
 .debug_macro   0x000124a6       0x10 obj\debug\libs\nnxt\src\nnxt_display_glue.o
 .debug_macro   0x000124b6       0xad obj\debug\libs\nnxt\src\nnxt_filter.o
 .debug_macro   0x00012563       0x82 obj\debug\libs\nnxt\src\nnxt_filter.o
 .debug_macro   0x000125e5      0x45d obj\debug\libs\nnxt\src\nnxt_filter.o
 .debug_macro   0x00012a42      0x308 obj\debug\libs\nnxt\src\nnxt_i2c.o
 .debug_macro   0x00012d4a       0x22 obj\debug\libs\nnxt\src\nnxt_i2c.o
 .debug_macro   0x00012d6c      0x302 obj\debug\libs\nnxt\src\nnxt_misc.o
 .debug_macro   0x0001306e      0x1e5 obj\debug\libs\nnxt\src\nnxt_motors.o
 .debug_macro   0x00013253      0x2c7 obj\debug\libs\nnxt\src\nnxt_onboardperiph.o
 .debug_macro   0x0001351a      0x80e obj\debug\libs\nnxt\src\nnxt_onboardperiph.o
 .debug_macro   0x00013d28      0x2ac obj\debug\libs\nnxt\src\nnxt_os_glue.o
 .debug_macro   0x00013fd4      0x371 obj\debug\libs\nnxt\src\nnxt_sdcard_glue.o
 .debug_macro   0x00014345       0xf8 obj\debug\libs\nnxt\src\nnxt_sdcard_glue.o
 .debug_macro   0x0001443d       0xf5 obj\debug\libs\nnxt\src\nnxt_sdcard_glue.o
 .debug_macro   0x00014532       0xac obj\debug\libs\nnxt\src\nnxt_sdcard_glue.o
 .debug_macro   0x000145de      0x3a1 obj\debug\libs\nnxt\src\nnxt_sensors.o
 .debug_macro   0x0001497f      0x1e1 obj\debug\libs\nnxt\src\nnxt_sensors.o
 .debug_macro   0x00014b60       0x10 obj\debug\libs\nnxt\src\nnxt_sensors.o
 .debug_macro   0x00014b70      0x356 obj\debug\libs\nnxt\src\nnxt_startup.o
 .debug_macro   0x00014ec6      0x11c obj\debug\libs\nnxt\src\nnxt_startup.o
 .debug_macro   0x00014fe2      0x2df obj\debug\libs\spi\src\spidevice.o
 .debug_macro   0x000152c1      0x364 obj\debug\libs\spi\src\spidevice.o
 .debug_macro   0x00015625      0x1c6 obj\debug\libs\stm32 board\spl\src\misc.o
 .debug_macro   0x000157eb       0x79 obj\debug\libs\stm32 board\spl\src\misc.o
 .debug_macro   0x00015864      0x247 obj\debug\libs\stm32 board\spl\src\stm32f4xx_adc.o
 .debug_macro   0x00015aab      0x3c9 obj\debug\libs\stm32 board\spl\src\stm32f4xx_adc.o
 .debug_macro   0x00015e74      0x214 obj\debug\libs\stm32 board\spl\src\stm32f4xx_dma.o
 .debug_macro   0x00016088      0x471 obj\debug\libs\stm32 board\spl\src\stm32f4xx_dma.o
 .debug_macro   0x000164f9      0x1c6 obj\debug\libs\stm32 board\spl\src\stm32f4xx_exti.o
 .debug_macro   0x000166bf       0xa6 obj\debug\libs\stm32 board\spl\src\stm32f4xx_exti.o
 .debug_macro   0x00016765      0x1c0 obj\debug\libs\stm32 board\spl\src\stm32f4xx_gpio.o
 .debug_macro   0x00016925      0x1d2 obj\debug\libs\stm32 board\spl\src\stm32f4xx_i2c.o
 .debug_macro   0x00016af7      0x268 obj\debug\libs\stm32 board\spl\src\stm32f4xx_rcc.o
 .debug_macro   0x00016d5f      0x532 obj\debug\libs\stm32 board\spl\src\stm32f4xx_rcc.o
 .debug_macro   0x00017291      0x1eb obj\debug\libs\stm32 board\spl\src\stm32f4xx_spi.o
 .debug_macro   0x0001747c      0x1ea obj\debug\libs\stm32 board\spl\src\stm32f4xx_syscfg.o
 .debug_macro   0x00017666       0xd9 obj\debug\libs\stm32 board\spl\src\stm32f4xx_syscfg.o
 .debug_macro   0x0001773f      0x1ea obj\debug\libs\stm32 board\spl\src\stm32f4xx_tim.o
 .debug_macro   0x00017929      0x1e7 obj\debug\libs\stm32 board\src\system_stm32f4xx.o
 .debug_macro   0x00017b10      0x2fe obj\debug\main.o

.debug_line     0x00000000     0xddea
 .debug_line    0x00000000      0x1af obj\debug\libs\display\src\font12.o
 .debug_line    0x000001af      0x1af obj\debug\libs\display\src\font24.o
 .debug_line    0x0000035e      0x3d1 obj\debug\libs\display\src\st7735.o
 .debug_line    0x0000072f      0x656 obj\debug\libs\display\src\stm32_adafruit_lcd.o
 .debug_line    0x00000d85      0x739 obj\debug\libs\freertos\freertos_glue.o
 .debug_line    0x000014be      0x3b1 obj\debug\libs\freertos\source\list.o
 .debug_line    0x0000186f      0x4b3 obj\debug\libs\freertos\source\portable\port.o
 .debug_line    0x00001d22      0xfce obj\debug\libs\freertos\source\tasks.o
 .debug_line    0x00002cf0      0x6f8 obj\debug\libs\hal\src\em_i2c.o
 .debug_line    0x000033e8      0x7b1 obj\debug\libs\hal\src\em_interrupts.o
 .debug_line    0x00003b99      0x794 obj\debug\libs\nnxt\src\nnxt_display_glue.o
 .debug_line    0x0000432d      0x24b obj\debug\libs\nnxt\src\nnxt_filter.o
 .debug_line    0x00004578      0x719 obj\debug\libs\nnxt\src\nnxt_i2c.o
 .debug_line    0x00004c91      0x7b1 obj\debug\libs\nnxt\src\nnxt_misc.o
 .debug_line    0x00005442      0x5aa obj\debug\libs\nnxt\src\nnxt_motors.o
 .debug_line    0x000059ec      0x74b obj\debug\libs\nnxt\src\nnxt_onboardperiph.o
 .debug_line    0x00006137      0x5f9 obj\debug\libs\nnxt\src\nnxt_os_glue.o
 .debug_line    0x00006730      0x9f1 obj\debug\libs\nnxt\src\nnxt_sdcard_glue.o
 .debug_line    0x00007121      0x864 obj\debug\libs\nnxt\src\nnxt_sensors.o
 .debug_line    0x00007985      0x8b2 obj\debug\libs\nnxt\src\nnxt_startup.o
 .debug_line    0x00008237      0x847 obj\debug\libs\spi\src\spidevice.o
 .debug_line    0x00008a7e      0x4c8 obj\debug\libs\stm32 board\spl\src\misc.o
 .debug_line    0x00008f46      0x7de obj\debug\libs\stm32 board\spl\src\stm32f4xx_adc.o
 .debug_line    0x00009724      0x6ab obj\debug\libs\stm32 board\spl\src\stm32f4xx_dma.o
 .debug_line    0x00009dcf      0x521 obj\debug\libs\stm32 board\spl\src\stm32f4xx_exti.o
 .debug_line    0x0000a2f0      0x5e0 obj\debug\libs\stm32 board\spl\src\stm32f4xx_gpio.o
 .debug_line    0x0000a8d0      0x784 obj\debug\libs\stm32 board\spl\src\stm32f4xx_i2c.o
 .debug_line    0x0000b054      0x826 obj\debug\libs\stm32 board\spl\src\stm32f4xx_rcc.o
 .debug_line    0x0000b87a      0x6da obj\debug\libs\stm32 board\spl\src\stm32f4xx_spi.o
 .debug_line    0x0000bf54      0x4d9 obj\debug\libs\stm32 board\spl\src\stm32f4xx_syscfg.o
 .debug_line    0x0000c42d      0xd42 obj\debug\libs\stm32 board\spl\src\stm32f4xx_tim.o
 .debug_line    0x0000d16f       0xdb obj\debug\libs\stm32 board\src\startup_stm32f4xx.o
 .debug_line    0x0000d24a      0x4ef obj\debug\libs\stm32 board\src\system_stm32f4xx.o
 .debug_line    0x0000d739      0x6b1 obj\debug\main.o

.debug_str      0x00000000    0x728d7
 .debug_str     0x00000000     0x3327 obj\debug\libs\display\src\font12.o
                               0x34b8 (size before relaxing)
 .debug_str     0x00003327       0x2e obj\debug\libs\display\src\font24.o
                               0x34b8 (size before relaxing)
 .debug_str     0x00003355      0x829 obj\debug\libs\display\src\st7735.o
                               0x3cf8 (size before relaxing)
 .debug_str     0x00003b7e      0x6c5 obj\debug\libs\display\src\stm32_adafruit_lcd.o
                               0x418d (size before relaxing)
 .debug_str     0x00004243    0x620cb obj\debug\libs\freertos\freertos_glue.o
                              0x65cc7 (size before relaxing)
 .debug_str     0x0006630e     0x1446 obj\debug\libs\freertos\source\list.o
                               0x9070 (size before relaxing)
 .debug_str     0x00067754      0x84d obj\debug\libs\freertos\source\portable\port.o
                               0x75eb (size before relaxing)
 .debug_str     0x00067fa1     0x1c2e obj\debug\libs\freertos\source\tasks.o
                               0xb316 (size before relaxing)
 .debug_str     0x00069bcf     0x18f7 obj\debug\libs\hal\src\em_i2c.o
                              0x632f4 (size before relaxing)
 .debug_str     0x0006b4c6      0x20a obj\debug\libs\hal\src\em_interrupts.o
                              0x64666 (size before relaxing)
 .debug_str     0x0006b6d0      0x3e3 obj\debug\libs\nnxt\src\nnxt_display_glue.o
                              0x648fc (size before relaxing)
 .debug_str     0x0006bab3     0x111f obj\debug\libs\nnxt\src\nnxt_filter.o
                               0x481a (size before relaxing)
 .debug_str     0x0006cbd2      0x1b7 obj\debug\libs\nnxt\src\nnxt_i2c.o
                              0x64865 (size before relaxing)
 .debug_str     0x0006cd89       0xf6 obj\debug\libs\nnxt\src\nnxt_misc.o
                              0x644ba (size before relaxing)
 .debug_str     0x0006ce7f      0x9ea obj\debug\libs\nnxt\src\nnxt_motors.o
                              0x5fed8 (size before relaxing)
 .debug_str     0x0006d869      0x2ca obj\debug\libs\nnxt\src\nnxt_onboardperiph.o
                              0x649b4 (size before relaxing)
 .debug_str     0x0006db33       0x2e obj\debug\libs\nnxt\src\nnxt_os_glue.o
                              0x63b79 (size before relaxing)
 .debug_str     0x0006db61      0x998 obj\debug\libs\nnxt\src\nnxt_sdcard_glue.o
                              0x64db0 (size before relaxing)
 .debug_str     0x0006e4f9      0xdd5 obj\debug\libs\nnxt\src\nnxt_sensors.o
                              0x684ff (size before relaxing)
 .debug_str     0x0006f2ce      0x19b obj\debug\libs\nnxt\src\nnxt_startup.o
                              0x652d2 (size before relaxing)
 .debug_str     0x0006f469      0x3ca obj\debug\libs\spi\src\spidevice.o
                              0x6417a (size before relaxing)
 .debug_str     0x0006f833      0x116 obj\debug\libs\stm32 board\spl\src\misc.o
                              0x5c3fc (size before relaxing)
 .debug_str     0x0006f949      0x7cb obj\debug\libs\stm32 board\spl\src\stm32f4xx_adc.o
                              0x5caeb (size before relaxing)
 .debug_str     0x00070114      0x55d obj\debug\libs\stm32 board\spl\src\stm32f4xx_dma.o
                              0x5c862 (size before relaxing)
 .debug_str     0x00070671      0x102 obj\debug\libs\stm32 board\spl\src\stm32f4xx_exti.o
                              0x5c37f (size before relaxing)
 .debug_str     0x00070773      0x16b obj\debug\libs\stm32 board\spl\src\stm32f4xx_gpio.o
                              0x5c4a7 (size before relaxing)
 .debug_str     0x000708de      0x421 obj\debug\libs\stm32 board\spl\src\stm32f4xx_i2c.o
                              0x5c71a (size before relaxing)
 .debug_str     0x00070cff      0xa74 obj\debug\libs\stm32 board\spl\src\stm32f4xx_rcc.o
                              0x5cd4d (size before relaxing)
 .debug_str     0x00071773      0x306 obj\debug\libs\stm32 board\spl\src\stm32f4xx_spi.o
                              0x5c78d (size before relaxing)
 .debug_str     0x00071a79      0x2a3 obj\debug\libs\stm32 board\spl\src\stm32f4xx_syscfg.o
                              0x5c458 (size before relaxing)
 .debug_str     0x00071d1c      0xaa5 obj\debug\libs\stm32 board\spl\src\stm32f4xx_tim.o
                              0x5ce9b (size before relaxing)
 .debug_str     0x000727c1       0xec obj\debug\libs\stm32 board\src\system_stm32f4xx.o
                              0x5c42b (size before relaxing)
 .debug_str     0x000728ad       0x2a obj\debug\main.o